ARM Linker, 5.02 [Build 28] [MDK-ARM Lite]

==============================================================================

Section Cross References

    startup.o(RESET) refers to startup.o(STACK) for StackMem
    startup.o(RESET) refers to osasm.o(.text) for PendSV_Handler
    startup.o(RESET) refers to os_buttons.o(.text) for GPIOPortE_Handler
    startup.o(RESET) refers to adc.o(.text) for ADC1_Handler
    startup.o(RESET) refers to os_time.o(.text) for Timer2A_Handler
    startup.o(RESET) refers to entry.o(.ARM.Collect$$$$00000000) for __main
    output.o(.text) refers to rit128x96x4.o(.text) for RIT128x96x4StringDraw
    output.o(.text) refers to output.o(.bss) for .bss
    output.o(.text) refers to output.o(.data) for .data
    rit128x96x4.o(.text) refers to ssi.o(i.SSIBusy) for SSIBusy
    rit128x96x4.o(.text) refers to gpio.o(i.GPIOPinWrite) for GPIOPinWrite
    rit128x96x4.o(.text) refers to ssi.o(i.SSIDataPut) for SSIDataPut
    rit128x96x4.o(.text) refers to ssi.o(i.SSIDisable) for SSIDisable
    rit128x96x4.o(.text) refers to sysctl.o(i.SysCtlClockGet) for SysCtlClockGet
    rit128x96x4.o(.text) refers to ssi.o(i.SSIConfigSetExpClk) for SSIConfigSetExpClk
    rit128x96x4.o(.text) refers to gpio.o(i.GPIOPinTypeSSI) for GPIOPinTypeSSI
    rit128x96x4.o(.text) refers to gpio.o(i.GPIOPadConfigSet) for GPIOPadConfigSet
    rit128x96x4.o(.text) refers to ssi.o(i.SSIEnable) for SSIEnable
    rit128x96x4.o(.text) refers to sysctl.o(i.SysCtlPeripheralEnable) for SysCtlPeripheralEnable
    rit128x96x4.o(.text) refers to gpio.o(i.GPIOPinTypeGPIOOutput) for GPIOPinTypeGPIOOutput
    rit128x96x4.o(.text) refers to os.o(.text) for OS_InitSemaphore
    rit128x96x4.o(.text) refers to memseta.o(.text) for __aeabi_memclr4
    rit128x96x4.o(.text) refers to osasm.o(.text) for OS_bWait
    rit128x96x4.o(.text) refers to strlen.o(.text) for strlen
    rit128x96x4.o(.text) refers to memmovea.o(.text) for __aeabi_memcpy
    rit128x96x4.o(.text) refers to strcpy.o(.text) for strcpy
    rit128x96x4.o(.text) refers to rit128x96x4.o(.data) for .data
    rit128x96x4.o(.text) refers to rit128x96x4.o(.constdata) for .constdata
    rit128x96x4.o(.text) refers to rit128x96x4.o(.bss) for .bss
    rit128x96x4.o(.text) refers to malloc.o(i.malloc) for malloc
    rit128x96x4.o(.text) refers to printfa.o(i.__0sprintf) for __2sprintf
    rit128x96x4.o(.text) refers to malloc.o(i.free) for free
    rit128x96x4.o(.text) refers to ssi.o(i.SSIDataGetNonBlocking) for SSIDataGetNonBlocking
    shell.o(.data) refers to os_time.o(.data) for OS_MsTime
    shell.o(.data) refers to shell.o(.data) for .data
    shell.o(.text) refers to strcmp.o(.text) for strcmp
    shell.o(.text) refers to uart.o(.text) for UART_Init
    shell.o(.text) refers to printfa.o(i.__0printf) for __2printf
    shell.o(.text) refers to memseta.o(.text) for __aeabi_memclr
    shell.o(.text) refers to memmovea.o(.text) for __aeabi_memmove
    shell.o(.text) refers to strcpy.o(.text) for strcpy
    shell.o(.text) refers to efile.o(.text) for eFile_List
    shell.o(.text) refers to strlen.o(.text) for strlen
    shell.o(.text) refers to shell.o(.bss) for .bss
    shell.o(.text) refers to shell.o(.data) for .data
    shell.o(.text) refers to printfa.o(i.__0fprintf) for __2fprintf
    shell.o(.text) refers to os_threads.o(.text) for OS_Suspend
    shell.o(.text) refers to printfa.o(i.__0sprintf) for __2sprintf
    shell.o(.text) refers to os_time.o(.text) for OS_ClearMsTime
    shell.o(.text) refers to stderr.o(.data) for __stderr
    shell.o(.text) refers to os.o(.bss) for _eventLog
    shell.o(.text) refers to os.o(.data) for _eventIndex
    shell.o(.text) refers to shell.o(.data) for _SH_Time
    shell.o(.text) refers to startup.o(RESET) for Reset_Handler
    shell.o(.text) refers to atoi.o(.text) for atoi
    shell.o(.text) refers to edisk.o(.text) for eDisk_ReadBlock
    shell.o(.data) refers to printfa.o(i.__0printf) for printf
    shell.o(.data) refers to shell.o(.data) for _SH_Time
    shell.o(.data) refers to shell.o(.text) for _SH_ClearTime
    shell.o(.data) refers to efile.o(.text) for eFile_Close
    uart.o(.text) refers to printfa.o(i.__0printf) for __2printf
    uart.o(.text) refers to shell.o(.text) for _SH_getVar
    osasm.o(.text) refers to os.o(.text) for OS_BlockThread
    osasm.o(.text) refers to os_threads.o(.text) for OS_FindNextThread
    osasm.o(.text) refers to os.o(.data) for _RunPt
    os_buttons.o(.text) refers to os_threads.o(.text) for OS_Sleep
    os_buttons.o(.text) refers to os.o(.text) for OS_Delay
    os_buttons.o(.text) refers to os_buttons.o(.data) for .data
    os_datastructures.o(.text) refers to os.o(.text) for OS_InitSemaphore
    os_datastructures.o(.text) refers to osasm.o(.text) for OS_Signal
    os_datastructures.o(.text) refers to os_time.o(.text) for OS_Time
    os_datastructures.o(.text) refers to os.o(.bss) for _OS_Fifo
    os_datastructures.o(.text) refers to os.o(.bss) for _OS_Mailbox
[...]
    Removing gpio.o(i.GPIOPinTypeUART), (28 bytes).
    Removing gpio.o(i.GPIOPinTypeUSBAnalog), (28 bytes).
    Removing gpio.o(i.GPIOPinTypeUSBDigital), (28 bytes).
    Removing gpio.o(i.GPIOPortIntRegister), (26 bytes).
    Removing gpio.o(i.GPIOPortIntUnregister), (22 bytes).
    Removing gpio.o(.constdata), (72 bytes).
    Removing ssi.o(i.SSIDMADisable), (10 bytes).
    Removing ssi.o(i.SSIDMAEnable), (8 bytes).
    Removing ssi.o(i.SSIDataPutNonBlocking), (16 bytes).
    Removing ssi.o(i.SSIIntClear), (4 bytes).
    Removing ssi.o(i.SSIIntDisable), (10 bytes).
    Removing ssi.o(i.SSIIntEnable), (8 bytes).
    Removing ssi.o(i.SSIIntRegister), (32 bytes).
    Removing ssi.o(i.SSIIntStatus), (10 bytes).
    Removing ssi.o(i.SSIIntUnregister), (32 bytes).
    Removing sysctl.o(i.SysCtlADCSpeedGet), (16 bytes).
    Removing sysctl.o(i.SysCtlADCSpeedSet), (32 bytes).
    Removing sysctl.o(i.SysCtlBrownOutConfigSet), (16 bytes).
    Removing sysctl.o(i.SysCtlClkVerificationClear), (20 bytes).
    Removing sysctl.o(i.SysCtlDeepSleep), (32 bytes).
    Removing sysctl.o(i.SysCtlFlashSizeGet), (20 bytes).
    Removing sysctl.o(i.SysCtlGPIOAHBDisable), (20 bytes).
    Removing sysctl.o(i.SysCtlGPIOAHBEnable), (16 bytes).
    Removing sysctl.o(i.SysCtlI2SMClkSet), (216 bytes).
    Removing sysctl.o(i.SysCtlIOSCVerificationSet), (24 bytes).
    Removing sysctl.o(i.SysCtlIntClear), (12 bytes).
    Removing sysctl.o(i.SysCtlIntDisable), (16 bytes).
    Removing sysctl.o(i.SysCtlIntEnable), (16 bytes).
    Removing sysctl.o(i.SysCtlIntRegister), (20 bytes).
    Removing sysctl.o(i.SysCtlIntStatus), (16 bytes).
    Removing sysctl.o(i.SysCtlIntUnregister), (18 bytes).
    Removing sysctl.o(i.SysCtlLDOConfigSet), (12 bytes).
    Removing sysctl.o(i.SysCtlLDOGet), (12 bytes).
    Removing sysctl.o(i.SysCtlLDOSet), (12 bytes).
    Removing sysctl.o(i.SysCtlMOSCVerificationSet), (24 bytes).
    Removing sysctl.o(i.SysCtlPLLVerificationSet), (24 bytes).
    Removing sysctl.o(i.SysCtlPWMClockGet), (24 bytes).
    Removing sysctl.o(i.SysCtlPWMClockSet), (20 bytes).
    Removing sysctl.o(i.SysCtlPeripheralClockGating), (24 bytes).
    Removing sysctl.o(i.SysCtlPeripheralDeepSleepDisable), (32 bytes).
    Removing sysctl.o(i.SysCtlPeripheralDeepSleepEnable), (32 bytes).
    Removing sysctl.o(i.SysCtlPeripheralDisable), (32 bytes).
    Removing sysctl.o(i.SysCtlPeripheralPresent), (64 bytes).
    Removing sysctl.o(i.SysCtlPeripheralReset), (56 bytes).
    Removing sysctl.o(i.SysCtlPeripheralSleepDisable), (32 bytes).
    Removing sysctl.o(i.SysCtlPeripheralSleepEnable), (32 bytes).
    Removing sysctl.o(i.SysCtlPinPresent), (16 bytes).
    Removing sysctl.o(i.SysCtlReset), (16 bytes).
    Removing sysctl.o(i.SysCtlResetCauseClear), (16 bytes).
    Removing sysctl.o(i.SysCtlResetCauseGet), (12 bytes).
    Removing sysctl.o(i.SysCtlSRAMSizeGet), (20 bytes).
    Removing sysctl.o(i.SysCtlSleep), (4 bytes).
    Removing sysctl.o(i.SysCtlUSBPLLDisable), (16 bytes).
    Removing sysctl.o(i.SysCtlUSBPLLEnable), (16 bytes).
    Removing cpu.o(.emb_text), (26 bytes).
    Removing interrupt.o(i.IntDefaultHandler), (2 bytes).
    Removing interrupt.o(i.IntDisable), (104 bytes).
    Removing interrupt.o(i.IntEnable), (104 bytes).
    Removing interrupt.o(i.IntMasterDisable), (10 bytes).
    Removing interrupt.o(i.IntMasterEnable), (10 bytes).
    Removing interrupt.o(i.IntPendClear), (72 bytes).
    Removing interrupt.o(i.IntPendSet), (90 bytes).
    Removing interrupt.o(i.IntPriorityGet), (28 bytes).
    Removing interrupt.o(i.IntPriorityGroupingGet), (40 bytes).
    Removing interrupt.o(i.IntPriorityGroupingSet), (28 bytes).
    Removing interrupt.o(i.IntPrioritySet), (40 bytes).
    Removing interrupt.o(i.IntRegister), (56 bytes).
    Removing interrupt.o(i.IntUnregister), (20 bytes).
    Removing interrupt.o(.constdata), (104 bytes).
    Removing interrupt.o(vtable), (284 bytes).

108 unused section(s) (total 7107 bytes) removed from the image.

==============================================================================

Image Symbol Table

    Local Symbols

    Symbol Name                              Value     Ov Type        Size  Object(Section)

    RESET                                    0x00000000   Section      280  startup.o(RESET)
    ../clib/../cmprslib/zerorunl2.c          0x00000000   Number         0  __dczerorl2.o ABSOLUTE
    ../clib/microlib/ctype/ctype.c           0x00000000   Number         0  ctype_o.o ABSOLUTE
    ../clib/microlib/ctype/ctype.c           0x00000000   Number         0  isalnum_o.o ABSOLUTE
    ../clib/microlib/ctype/ctype.c           0x00000000   Number         0  isalpha_o.o ABSOLUTE
    ../clib/microlib/ctype/ctype.c           0x00000000   Number         0  isblank_o.o ABSOLUTE
    ../clib/microlib/ctype/ctype.c           0x00000000   Number         0  iscntrl_o.o ABSOLUTE
    ../clib/microlib/ctype/ctype.c           0x00000000   Number         0  isdigit_o.o ABSOLUTE
    ../clib/microlib/ctype/ctype.c           0x00000000   Number         0  isxdigit_o.o ABSOLUTE
    ../clib/microlib/ctype/ctype.c           0x00000000   Number         0  isupper_o.o ABSOLUTE
    ../clib/microlib/ctype/ctype.c           0x00000000   Number         0  isspace_o.o ABSOLUTE
    ../clib/microlib/ctype/ctype.c           0x00000000   Number         0  ispunct_o.o ABSOLUTE
    ../clib/microlib/ctype/ctype.c           0x00000000   Number         0  isprint_o.o ABSOLUTE
    ../clib/microlib/ctype/ctype.c           0x00000000   Number         0  islower_o.o ABSOLUTE
    ../clib/microlib/ctype/ctype.c           0x00000000   Number         0  isgraph_o.o ABSOLUTE
    ../clib/microlib/ctype/tolower.c         0x00000000   Number         0  tolower.o ABSOLUTE
    ../clib/microlib/ctype/toupper.c         0x00000000   Number         0  toupper.o ABSOLUTE
    ../clib/microlib/division.c              0x00000000   Number         0  uidiv.o ABSOLUTE
    ../clib/microlib/division.c              0x00000000   Number         0  uldiv.o ABSOLUTE
    ../clib/microlib/errno.c                 0x00000000   Number         0  errno.o ABSOLUTE
    ../clib/microlib/init/entry.s            0x00000000   Number         0  entry7b.o ABSOLUTE
    ../clib/microlib/init/entry.s            0x00000000   Number         0  entry.o ABSOLUTE
    ../clib/microlib/init/entry.s            0x00000000   Number         0  entry7a.o ABSOLUTE
    ../clib/microlib/init/entry.s            0x00000000   Number         0  entry5.o ABSOLUTE
    ../clib/microlib/init/entry.s            0x00000000   Number         0  entry2.o ABSOLUTE
    ../clib/microlib/init/entry.s            0x00000000   Number         0  entry8.o ABSOLUTE
    ../clib/microlib/longlong.c              0x00000000   Number         0  llushr.o ABSOLUTE
    ../clib/microlib/longlong.c              0x00000000   Number         0  llshl.o ABSOLUTE
    ../clib/microlib/longlong.c              0x00000000   Number         0  llsshr.o ABSOLUTE
    ../clib/microlib/malloc/malloc.c         0x00000000   Number         0  malloc.o ABSOLUTE
    ../clib/microlib/malloc/malloc.c         0x00000000   Number         0  mallocra.o ABSOLUTE
    ../clib/microlib/malloc/malloc.c         0x00000000   Number         0  malloca.o ABSOLUTE
    ../clib/microlib/malloc/malloc.c         0x00000000   Number         0  mallocr.o ABSOLUTE
    ../clib/microlib/malloc/mvars.c          0x00000000   Number         0  mvars.o ABSOLUTE
    ../clib/microlib/printf/printf.c         0x00000000   Number         0  printfb.o ABSOLUTE
    ../clib/microlib/printf/printf.c         0x00000000   Number         0  printf7.o ABSOLUTE
    ../clib/microlib/printf/printf.c         0x00000000   Number         0  printf0.o ABSOLUTE
    ../clib/microlib/printf/printf.c         0x00000000   Number         0  printf1.o ABSOLUTE
    ../clib/microlib/printf/printf.c         0x00000000   Number         0  printf2.o ABSOLUTE
    ../clib/microlib/printf/printf.c         0x00000000   Number         0  printf3.o ABSOLUTE
    ../clib/microlib/printf/printf.c         0x00000000   Number         0  printf4.o ABSOLUTE
    ../clib/microlib/printf/printf.c         0x00000000   Number         0  printf5.o ABSOLUTE
    ../clib/microlib/printf/printf.c         0x00000000   Number         0  printf6.o ABSOLUTE
    ../clib/microlib/printf/printf.c         0x00000000   Number         0  printf8.o ABSOLUTE
    ../clib/microlib/printf/printf.c         0x00000000   Number         0  printfa.o ABSOLUTE
    ../clib/microlib/printf/stubs.s          0x00000000   Number         0  stubs.o ABSOLUTE
    ../clib/microlib/stdio/streams.c         0x00000000   Number         0  stderr.o ABSOLUTE
    ../clib/microlib/string/memcpy.c         0x00000000   Number         0  memmoveb.o ABSOLUTE
    ../clib/microlib/string/memcpy.c         0x00000000   Number         0  memcpyb.o ABSOLUTE
    ../clib/microlib/string/memcpy.c         0x00000000   Number         0  memmovea.o ABSOLUTE
    ../clib/microlib/string/memcpy.c         0x00000000   Number         0  memcpya.o ABSOLUTE
    ../clib/microlib/string/memset.c         0x00000000   Number         0  memseta.o ABSOLUTE
    ../clib/microlib/string/strcmp.c         0x00000000   Number         0  strcmp.o ABSOLUTE
    ../clib/microlib/string/strcpy.c         0x00000000   Number         0  strcpy.o ABSOLUTE
    ../clib/microlib/string/strlen.c         0x00000000   Number         0  strlen.o ABSOLUTE
    ../clib/microlib/stubs.s                 0x00000000   Number         0  useno.o ABSOLUTE
    ../clib/microlib/stubs.s                 0x00000000   Number         0  iusefp.o ABSOLUTE
    ../clib/scanf.c                          0x00000000   Number         0  _strtoul.o ABSOLUTE
    ../clib/scanf.c                          0x00000000   Number         0  _chval.o ABSOLUTE
    ../clib/scanf.c                          0x00000000   Number         0  strtol.o ABSOLUTE
    ../clib/scanf.c                          0x00000000   Number         0  atoi.o ABSOLUTE
    ../fplib/microlib/fpadd.c                0x00000000   Number         0  dadd.o ABSOLUTE
    ../fplib/microlib/fpdiv.c                0x00000000   Number         0  ddiv.o ABSOLUTE
    ../fplib/microlib/fpepilogue.c           0x00000000   Number         0  depilogue.o ABSOLUTE
    ../fplib/microlib/fpfix.c                0x00000000   Number         0  dfixul.o ABSOLUTE
    ../fplib/microlib/fpmul.c                0x00000000   Number         0  dmul.o ABSOLUTE
    ADC.c                                    0x00000000   Number         0  adc.o ABSOLUTE
    Lab2Main.c                               0x00000000   Number         0  lab2main.o ABSOLUTE
    MAC.c                                    0x00000000   Number         0  mac.o ABSOLUTE
    OS.c                                     0x00000000   Number         0  os.o ABSOLUTE
    OS_Buttons.c                             0x00000000   Number         0  os_buttons.o ABSOLUTE
    OS_Critical.c                            0x00000000   Number         0  os_critical.o ABSOLUTE
    OS_Critical.c                            0x00000000   Number         0  os_critical.o ABSOLUTE
    OS_DataStructures.c                      0x00000000   Number         0  os_datastructures.o ABSOLUTE
    OS_Ethernet.c                            0x00000000   Number         0  os_ethernet.o ABSOLUTE
    OS_Threads.c                             0x00000000   Number         0  os_threads.o ABSOLUTE
    OS_Time.c                                0x00000000   Number         0  os_time.o ABSOLUTE
    Output.c                                 0x00000000   Number         0  output.o ABSOLUTE
    PID_stm32.s                              0x00000000   Number         0  pid_stm32.o ABSOLUTE
    Retarget.c                               0x00000000   Number         0  retarget.o ABSOLUTE
    Startup.s                                0x00000000   Number         0  startup.o ABSOLUTE
    UART.c                                   0x00000000   Number         0  uart.o ABSOLUTE
    cdrcmple.s                               0x00000000   Number         0  cdrcmple.o ABSOLUTE
    cpu.c                                    0x00000000   Number         0  cpu.o ABSOLUTE
    cpu.c                                    0x00000000   Number         0  cpu.o ABSOLUTE
    cr4_fft_64_stm32.s                       0x00000000   Number         0  cr4_fft_64_stm32.o ABSOLUTE
    dc.s                                     0x00000000   Number         0  dc.o ABSOLUTE
    eFile.c                                  0x00000000   Number         0  efile.o ABSOLUTE
    edisk.c                                  0x00000000   Number         0  edisk.o ABSOLUTE
    gpio.c                                   0x00000000   Number         0  gpio.o ABSOLUTE
    handlers.s                               0x00000000   Number         0  handlers.o ABSOLUTE
    init.s                                   0x00000000   Number         0  init.o ABSOLUTE
    interrupt.c                              0x00000000   Number         0  interrupt.o ABSOLUTE
    osasm.s                                  0x00000000   Number         0  osasm.o ABSOLUTE
    rit128x96x4.c                            0x00000000   Number         0  rit128x96x4.o ABSOLUTE
    shell.c                                  0x00000000   Number         0  shell.o ABSOLUTE
    sqrt.c                                   0x00000000   Number         0  sqrt.o ABSOLUTE
    ssi.c                                    0x00000000   Number         0  ssi.o ABSOLUTE
    sysctl.c                                 0x00000000   Number         0  sysctl.o ABSOLUTE
    sysctl.c                                 0x00000000   Number         0  sysctl.o ABSOLUTE
    .ARM.Collect$$$$00000000                 0x00000118   Section        0  entry.o(.ARM.Collect$$$$00000000)
    .ARM.Collect$$$$00000001                 0x00000118   Section        4  entry2.o(.ARM.Collect$$$$00000001)
    .ARM.Collect$$$$00000004                 0x0000011c   Section        4  entry5.o(.ARM.Collect$$$$00000004)
    .ARM.Collect$$$$00000008                 0x00000120   Section        0  entry7b.o(.ARM.Collect$$$$00000008)
    .ARM.Collect$$$$00000009                 0x00000120   Section        8  entry8.o(.ARM.Collect$$$$00000009)
    .ARM.Collect$$$$00002712                 0x00000128   Section        4  entry2.o(.ARM.Collect$$$$00002712)
    __lit__00000000                          0x00000128   Data           4  entry2.o(.ARM.Collect$$$$00002712)
    .data                                    0x0000012c   Section        0  shell.o(.data)
    _SH_Time                                 0x0000012d   Thumb Code    20  shell.o(.data)
    .data                                    0x00000148   Section        0  os_time.o(.data)
    .emb_text                                0x00000154   Section       14  os_critical.o(.emb_text)
    .emb_text                                0x00000164   Section        6  sysctl.o(.emb_text)
    .text                                    0x0000016c   Section       28  startup.o(.text)
    .text                                    0x00000188   Section        0  rit128x96x4.o(.text)
    RITWriteCommand                          0x0000018f   Thumb Code    98  rit128x96x4.o(.text)
    RITWriteData                             0x000001f1   Thumb Code    96  rit128x96x4.o(.text)
    _OLED_Find                               0x0000097d   Thumb Code    20  rit128x96x4.o(.text)
    .text                                    0x000009ac   Section        0  shell.o(.text)
    _SH_findVar                              0x000009ad   Thumb Code    80  shell.o(.text)
    _SH_InCommand                            0x00000afd   Thumb Code   858  shell.o(.text)
    _SH_Log                                  0x00000ee1   Thumb Code    56  shell.o(.text)
    _SH_ClearLog                             0x00000f19   Thumb Code    20  shell.o(.text)
    _SH_ClearTime                            0x00000f2d   Thumb Code    10  shell.o(.text)
    _SH_Format                               0x00000f37   Thumb Code    26  shell.o(.text)
    _SH_Write                                0x00000f51   Thumb Code   124  shell.o(.text)
    _SH_Read                                 0x00000fcd   Thumb Code    80  shell.o(.text)
    _SH_Rm                                   0x0000101d   Thumb Code    72  shell.o(.text)
    _SH_Create                               0x00001065   Thumb Code    74  shell.o(.text)
    _SH_MakeDirectory                        0x000010af   Thumb Code    36  shell.o(.text)
    _SH_DirectoryList                        0x000010d3   Thumb Code    12  shell.o(.text)
    _SH_Clear                                0x000010df   Thumb Code    14  shell.o(.text)
    _SH_Set                                  0x000010ed   Thumb Code    38  shell.o(.text)
    _SH_Unset                                0x00001113   Thumb Code    32  shell.o(.text)
    _SH_Echo                                 0x00001133   Thumb Code    50  shell.o(.text)
    _SH_BinFile                              0x00001165   Thumb Code    82  shell.o(.text)
    _SH_LoadBin                              0x000011b7   Thumb Code    96  shell.o(.text)
    _SH_HexDump                              0x00001217   Thumb Code   786  shell.o(.text)
    _SH_Reset                                0x00001529   Thumb Code    10  shell.o(.text)
    _SH_SectorDump                           0x00001533   Thumb Code    78  shell.o(.text)
    _SH_DiskInfo                             0x00001581   Thumb Code    10  shell.o(.text)
    _SH_ChangeDirectory                      0x0000158b   Thumb Code    42  shell.o(.text)
    _SH_setVar                               0x000015b5   Thumb Code    44  shell.o(.text)
    _SH_BeginRedirect                        0x000015e1   Thumb Code    96  shell.o(.text)
    _SH_Parse_Command                        0x00001641   Thumb Code   124  shell.o(.text)
    .text                                    0x00001740   Section        0  uart.o(.text)
    .text                                    0x00001918   Section      220  osasm.o(.text)
    .text                                    0x000019f4   Section        0  os_buttons.o(.text)
    DebouncePortFTask                        0x00001b1b   Thumb Code    46  os_buttons.o(.text)
    DebouncePortETask                        0x00001b71   Thumb Code    46  os_buttons.o(.text)
    .text                                    0x00001bf0   Section        0  os_datastructures.o(.text)
    .text                                    0x00001d24   Section        0  os_threads.o(.text)
    _OS_SetInitialStack                      0x00001d25   Thumb Code   128  os_threads.o(.text)
    .text                                    0x00002020   Section        0  os_time.o(.text)
    _OS_Update_Root                          0x00002041   Thumb Code    38  os_time.o(.text)
    _OS_Inc_Time                             0x00002143   Thumb Code    10  os_time.o(.text)
    .text                                    0x00002390   Section        0  os.o(.text)
    _OS_Default_Thread                       0x00002413   Thumb Code     6  os.o(.text)
    .text                                    0x000024ec   Section        0  adc.o(.text)
    .text                                    0x0000269c   Section        0  edisk.o(.text)
    send_initial_clock_train                 0x0000269d   Thumb Code    64  edisk.o(.text)
    power_on                                 0x000026dd   Thumb Code   116  edisk.o(.text)
    rcvr_datablock                           0x00002751   Thumb Code    68  edisk.o(.text)
    xmit_datablock                           0x00002795   Thumb Code    80  edisk.o(.text)
    send_cmd                                 0x000027e5   Thumb Code   102  edisk.o(.text)
    SELECT                                   0x00002c5f   Thumb Code    10  edisk.o(.text)
    DESELECT                                 0x00002c69   Thumb Code    10  edisk.o(.text)
    xmit_spi                                 0x00002c73   Thumb Code    22  edisk.o(.text)
    rcvr_spi                                 0x00002c89   Thumb Code    26  edisk.o(.text)
    wait_ready                               0x00002ca3   Thumb Code    28  edisk.o(.text)
    .text                                    0x00002cd0   Section        0  efile.o(.text)
    _eFile_FreeCluster                       0x00002e2d   Thumb Code   108  efile.o(.text)
    _eFile_FATName                           0x00002e99   Thumb Code   108  efile.o(.text)
    _eFile_Find                              0x00002f05   Thumb Code   138  efile.o(.text)
    _eFile_ClearBlockBuff                    0x000037ed   Thumb Code    10  efile.o(.text)
    .text                                    0x00003808   Section        0  retarget.o(.text)
    .text                                    0x00003860   Section        0  lab2main.o(.text)
    .text                                    0x00003e6c   Section      718  cr4_fft_64_stm32.o(.text)
    .text                                    0x0000413c   Section       72  pid_stm32.o(.text)
    .text                                    0x00004184   Section        0  toupper.o(.text)
    .text                                    0x00004190   Section        0  tolower.o(.text)
    .text                                    0x0000419c   Section        0  memmovea.o(.text)
    .text                                    0x000041dc   Section        0  memseta.o(.text)
    .text                                    0x00004200   Section        0  strlen.o(.text)
    .text                                    0x00004210   Section        0  strcmp.o(.text)
    .text                                    0x0000422c   Section        0  strcpy.o(.text)
    .text                                    0x0000423e   Section        0  atoi.o(.text)
    .text                                    0x00004258   Section        0  uidiv.o(.text)
    .text                                    0x00004284   Section        0  uldiv.o(.text)
    .text                                    0x000042e6   Section        0  strtol.o(.text)
    .text                                    0x00004356   Section        0  dadd.o(.text)
    .text                                    0x00004356   Section        0  iusefp.o(.text)
    .text                                    0x000044a4   Section        0  dmul.o(.text)
    .text                                    0x00004588   Section        0  ddiv.o(.text)
    .text                                    0x00004666   Section        0  dfixul.o(.text)
    .text                                    0x00004698   Section       40  cdrcmple.o(.text)
    .text                                    0x000046c0   Section       36  init.o(.text)
    .text                                    0x000046e4   Section        0  llshl.o(.text)
    .text                                    0x00004702   Section        0  llushr.o(.text)
    .text                                    0x00004722   Section        0  llsshr.o(.text)
    .text                                    0x00004748   Section        0  ctype_o.o(.text)
    .text                                    0x00004750   Section        0  _strtoul.o(.text)
    .text                                    0x000047ee   Section        0  depilogue.o(.text)
    .text                                    0x000048ac   Section        0  _chval.o(.text)
    .text                                    0x000048c8   Section        0  __dczerorl2.o(.text)
    i.GPIODirModeSet                         0x00004924   Section        0  gpio.o(i.GPIODirModeSet)
    i.GPIOPadConfigSet                       0x0000494c   Section        0  gpio.o(i.GPIOPadConfigSet)
    i.GPIOPinTypeGPIOOutput                  0x000049fc   Section        0  gpio.o(i.GPIOPinTypeGPIOOutput)
    i.GPIOPinTypeSSI                         0x00004a18   Section        0  gpio.o(i.GPIOPinTypeSSI)
    i.GPIOPinWrite                           0x00004a34   Section        0  gpio.o(i.GPIOPinWrite)
    i.SSIBusy                                0x00004a3a   Section        0  ssi.o(i.SSIBusy)
    i.SSIConfigSetExpClk                     0x00004a42   Section        0  ssi.o(i.SSIConfigSetExpClk)
    i.SSIDataGet                             0x00004a8e   Section        0  ssi.o(i.SSIDataGet)
    i.SSIDataGetNonBlocking                  0x00004a9c   Section        0  ssi.o(i.SSIDataGetNonBlocking)
    i.SSIDataPut                             0x00004aae   Section        0  ssi.o(i.SSIDataPut)
    i.SSIDisable                             0x00004aba   Section        0  ssi.o(i.SSIDisable)
    i.SSIEnable                              0x00004ac4   Section        0  ssi.o(i.SSIEnable)
    i.SysCtlClockGet                         0x00004ad0   Section        0  sysctl.o(i.SysCtlClockGet)
    i.SysCtlClockSet                         0x00004cb4   Section        0  sysctl.o(i.SysCtlClockSet)
    i.SysCtlPeripheralEnable                 0x00004dec   Section        0  sysctl.o(i.SysCtlPeripheralEnable)
    i.__0fprintf                             0x00004e0c   Section        0  printfa.o(i.__0fprintf)
    i.__0printf                              0x00004e28   Section        0  printfa.o(i.__0printf)
    i.__0sprintf                             0x00004e48   Section        0  printfa.o(i.__0sprintf)
    i.__aeabi_errno_addr                     0x00004e70   Section        0  errno.o(i.__aeabi_errno_addr)
    i.__scatterload_copy                     0x00004e78   Section       14  handlers.o(i.__scatterload_copy)
    i.__scatterload_null                     0x00004e86   Section        2  handlers.o(i.__scatterload_null)
    i.__scatterload_zeroinit                 0x00004e88   Section       14  handlers.o(i.__scatterload_zeroinit)
    i._fp_digits                             0x00004e98   Section        0  printfa.o(i._fp_digits)
    _fp_digits                               0x00004e99   Thumb Code   326  printfa.o(i._fp_digits)
    i._printf_core                           0x00004ff4   Section        0  printfa.o(i._printf_core)
    _printf_core                             0x00004ff5   Thumb Code  1762  printfa.o(i._printf_core)
    i._printf_post_padding                   0x000056e4   Section        0  printfa.o(i._printf_post_padding)
    _printf_post_padding                     0x000056e5   Thumb Code    38  printfa.o(i._printf_post_padding)
    i._printf_pre_padding                    0x0000570a   Section        0  printfa.o(i._printf_pre_padding)
    _printf_pre_padding                      0x0000570b   Thumb Code    48  printfa.o(i._printf_pre_padding)
    i._sputc                                 0x0000573a   Section        0  printfa.o(i._sputc)
    _sputc                                   0x0000573b   Thumb Code    10  printfa.o(i._sputc)
    i.free                                   0x00005744   Section        0  malloc.o(i.free)
    i.malloc                                 0x00005794   Section        0  malloc.o(i.malloc)
    .constdata                               0x00005800   Section     1083  rit128x96x4.o(.constdata)
    g_pucRIT128x96x4VerticalInc              0x00005800   Data           2  rit128x96x4.o(.constdata)
    g_pucRIT128x96x4HorizontalInc            0x00005802   Data           2  rit128x96x4.o(.constdata)
    pucCommand1                              0x00005804   Data           2  rit128x96x4.o(.constdata)
    pucCommand1                              0x00005806   Data           3  rit128x96x4.o(.constdata)
    pucCommand2                              0x00005809   Data           3  rit128x96x4.o(.constdata)
    g_pucFont                                0x0000580c   Data         480  rit128x96x4.o(.constdata)
    g_pucRIT128x96x4Init                     0x000059ec   Data          79  rit128x96x4.o(.constdata)
    .constdata                               0x00005c3c   Section      156  sysctl.o(.constdata)
    g_pulDCRegs                              0x00005c3c   Data          16  sysctl.o(.constdata)
    g_pulSRCRRegs                            0x00005c4c   Data          12  sysctl.o(.constdata)
    g_pulRCGCRegs                            0x00005c58   Data          12  sysctl.o(.constdata)
    g_pulSCGCRegs                            0x00005c64   Data          12  sysctl.o(.constdata)
    g_pulDCGCRegs                            0x00005c70   Data          12  sysctl.o(.constdata)
    g_pulXtals                               0x00005c7c   Data          92  sysctl.o(.constdata)
    .constdata                               0x00005cd8   Section      129  ctype_o.o(.constdata)
    .constdata                               0x00005d5c   Section        4  ctype_o.o(.constdata)
    table                                    0x00005d5c   Data           4  ctype_o.o(.constdata)
    .data                                    0x20000000   Section       60  rit128x96x4.o(.data)
    _OLED_color                              0x20000000   Data           1  rit128x96x4.o(.data)
    g_ulSSIFlags                             0x20000014   Data           4  rit128x96x4.o(.data)
    Ymax                                     0x20000018   Data           4  rit128x96x4.o(.data)
    Ymin                                     0x2000001c   Data           4  rit128x96x4.o(.data)
    X                                        0x20000020   Data           4  rit128x96x4.o(.data)
    line                                     0x2000002c   Data           8  rit128x96x4.o(.data)
    g_pucBuffer                              0x20000034   Data           8  rit128x96x4.o(.data)
    .data                                    0x2000003c   Section      428  shell.o(.data)
    _SH_Redirected                           0x2000003c   Data           4  shell.o(.data)
    index                                    0x20000040   Data           4  shell.o(.data)
    p                                        0x20000044   Data           4  shell.o(.data)
    _SH_CommandList                          0x20000048   Data         416  shell.o(.data)
    .data                                    0x200001e8   Section       16  os_buttons.o(.data)
    _OS_SelTask                              0x200001e8   Data           4  os_buttons.o(.data)
    _OS_DownTask                             0x200001ec   Data           4  os_buttons.o(.data)
    haveInit                                 0x200001f0   Data           4  os_buttons.o(.data)
    haveInit                                 0x200001f4   Data           4  os_buttons.o(.data)
    .data                                    0x200001f8   Section       44  os_time.o(.data)
    _OS_int_time                             0x20000200   Data           4  os_time.o(.data)
    _OS_cur_time                             0x20000204   Data           4  os_time.o(.data)
    firstTime                                0x20000208   Data           4  os_time.o(.data)
    MinJitter                                0x2000020c   Data          16  os_time.o(.data)
    _OS_Num_Tasks                            0x20000220   Data           4  os_time.o(.data)
    .data                                    0x20000224   Section        4  os.o(.data)
    .data                                    0x20000228   Section       12  os.o(.data)
    .data                                    0x20000234   Section        4  os.o(.data)
    .data                                    0x20000238   Section        8  adc.o(.data)
    .data                                    0x20000240   Section        5  edisk.o(.data)
    Stat                                     0x20000240   Data           1  edisk.o(.data)
    PowerFlag                                0x20000241   Data           1  edisk.o(.data)
    Timer1                                   0x20000242   Data           1  edisk.o(.data)
    Timer2                                   0x20000243   Data           1  edisk.o(.data)
    CardType                                 0x20000244   Data           1  edisk.o(.data)
    .data                                    0x20000248   Section       64  efile.o(.data)
    SECT_PER_CLUSTER                         0x20000249   Data           1  efile.o(.data)
    NUM_FATS                                 0x2000024a   Data           1  efile.o(.data)
    FAT_OFFSET                               0x2000024e   Data           2  efile.o(.data)
    FAT_SIZE                                 0x20000250   Data           4  efile.o(.data)
    ROOT_OFFSET                              0x20000254   Data           4  efile.o(.data)
    _dir                                     0x20000258   Data           4  efile.o(.data)
    _cluster                                 0x2000025c   Data           4  efile.o(.data)
    .data                                    0x20000288   Section        4  retarget.o(.data)
    .data                                    0x2000028c   Section        1  retarget.o(.data)
    StreamToFile                             0x2000028c   Data           1  retarget.o(.data)
    .data                                    0x20000290   Section       62  lab2main.o(.data)
    n                                        0x200002a0   Data           4  lab2main.o(.data)
    LastTime                                 0x200002a4   Data           4  lab2main.o(.data)
    voltage                                  0x200002c4   Data           4  lab2main.o(.data)
    .data                                    0x200002d0   Section        4  stderr.o(.data)
    .data                                    0x200002d4   Section        4  mvars.o(.data)
    .data                                    0x200002d8   Section        4  mvars.o(.data)
    .data                                    0x200002dc   Section        4  errno.o(.data)
    _errno                                   0x200002dc   Data           4  errno.o(.data)
    .bss                                     0x200002e0   Section     4824  rit128x96x4.o(.bss)
    char_buff                                0x200002e0   Data         264  rit128x96x4.o(.bss)
    .bss                                     0x200015b8   Section     6280  shell.o(.bss)
    input                                    0x200015b8   Data         128  shell.o(.bss)
    _SH_History                              0x20001638   Data        2048  shell.o(.bss)
    _SH_Buffer                               0x20001e38   Data         512  shell.o(.bss)
    _SH_cmd                                  0x20002038   Data          66  shell.o(.bss)
    _SH_Env                                  0x2000207a   Data        2304  shell.o(.bss)
    fBuff                                    0x2000297a   Data          13  shell.o(.bss)
    .bss                                     0x20002e40   Section     1056  os_time.o(.bss)
    MaxJitter                                0x20002e40   Data          16  os_time.o(.bss)
    LastTime                                 0x20002e50   Data          16  os_time.o(.bss)
    JitterHistogram                          0x20002e60   Data        1024  os_time.o(.bss)
    .bss                                     0x20003260   Section     8880  os.o(.bss)
    .bss                                     0x20005510   Section      800  os.o(.bss)
    .bss                                     0x20005830   Section      684  os.o(.bss)
    .bss                                     0x20005adc   Section      164  os.o(.bss)
    .bss                                     0x20005b80   Section       32  adc.o(.bss)
    _ADC_tasks                               0x20005b90   Data          16  adc.o(.bss)
    .bss                                     0x20005ba0   Section     1632  efile.o(.bss)
    _blockBuff                               0x20005ba0   Data         512  efile.o(.bss)
    .bss                                     0x20006200   Section      872  lab2main.o(.bss)
    x                                        0x20006300   Data          12  lab2main.o(.bss)
    y                                        0x2000630c   Data          12  lab2main.o(.bss)
    HEAP                                     0x20006568   Section        0  startup.o(HEAP)
    STACK                                    0x20006568   Section     1024  startup.o(STACK)
    StackMem                                 0x20006568   Data           0  startup.o(STACK)

    Global Symbols

    Symbol Name                              Value     Ov Type        Size  Object(Section)

    BuildAttributes$$THM_ISAv4$P$D$K$B$S$PE$A:L22UL41UL21$X:L11$S22US41US21$IEEE1$IW$USESV6$~STKCKD$USESV7$~SHL$OTIME$ROPI$EBA8$MICROLIB$REQ8$PRES8$EABIv2 0x00000000   Number         0  anon$$obj.o ABSOLUTE
    __ARM_use_no_argv                        0x00000000   Number         0  lab2main.o ABSOLUTE
    __Vectors                                0x00000000   Data           0  startup.o(RESET)
    __use_no_errno                           0x00000000   Number         0  useno.o ABSOLUTE
    __use_no_exception_handling              0x00000000   Number         0  useno.o ABSOLUTE
    __use_no_fp                              0x00000000   Number         0  useno.o ABSOLUTE
    __use_no_heap                            0x00000000   Number         0  useno.o ABSOLUTE
    __use_no_heap_region                     0x00000000   Number         0  useno.o ABSOLUTE
    __use_no_semihosting                     0x00000000   Number         0  useno.o ABSOLUTE
    __use_no_semihosting_swi                 0x00000000   Number         0  useno.o ABSOLUTE
    __use_no_signal_handling                 0x00000000   Number         0  useno.o ABSOLUTE
    _printf_a                                0x00000000   Number         0  stubs.o ABSOLUTE
    _printf_c                                0x00000000   Number         0  stubs.o ABSOLUTE
    _printf_charcount                        0x00000000   Number         0  stubs.o ABSOLUTE
    _printf_d                                0x00000000   Number         0  stubs.o ABSOLUTE
    _printf_e                                0x00000000   Number         0  stubs.o ABSOLUTE
    _printf_f                                0x00000000   Number         0  stubs.o ABSOLUTE
    _printf_flags                            0x00000000   Number         0  stubs.o ABSOLUTE
    _printf_fp_dec                           0x00000000   Number         0  stubs.o ABSOLUTE
    _printf_fp_hex                           0x00000000   Number         0  stubs.o ABSOLUTE
    _printf_g                                0x00000000   Number         0  stubs.o ABSOLUTE
    _printf_i                                0x00000000   Number         0  stubs.o ABSOLUTE
    _printf_int_dec                          0x00000000   Number         0  stubs.o ABSOLUTE
    _printf_l                                0x00000000   Number         0  stubs.o ABSOLUTE
    _printf_lc                               0x00000000   Number         0  stubs.o ABSOLUTE
    _printf_ll                               0x00000000   Number         0  stubs.o ABSOLUTE
    _printf_lld                              0x00000000   Number         0  stubs.o ABSOLUTE
    _printf_lli                              0x00000000   Number         0  stubs.o ABSOLUTE
    _printf_llo                              0x00000000   Number         0  stubs.o ABSOLUTE
    _printf_llu                              0x00000000   Number         0  stubs.o ABSOLUTE
    _printf_llx                              0x00000000   Number         0  stubs.o ABSOLUTE
    _printf_longlong_dec                     0x00000000   Number         0  stubs.o ABSOLUTE
    _printf_longlong_hex                     0x00000000   Number         0  stubs.o ABSOLUTE
    _printf_longlong_oct                     0x00000000   Number         0  stubs.o ABSOLUTE
    _printf_ls                               0x00000000   Number         0  stubs.o ABSOLUTE
    _printf_mbtowc                           0x00000000   Number         0  stubs.o ABSOLUTE
    _printf_n                                0x00000000   Number         0  stubs.o ABSOLUTE
    _printf_o                                0x00000000   Number         0  stubs.o ABSOLUTE
    _printf_p                                0x00000000   Number         0  stubs.o ABSOLUTE
    _printf_percent                          0x00000000   Number         0  stubs.o ABSOLUTE
    _printf_pre_padding                      0x00000000   Number         0  stubs.o ABSOLUTE
    _printf_return_value                     0x00000000   Number         0  stubs.o ABSOLUTE
    _printf_s                                0x00000000   Number         0  stubs.o ABSOLUTE
    _printf_sizespec                         0x00000000   Number         0  stubs.o ABSOLUTE
    _printf_str                              0x00000000   Number         0  stubs.o ABSOLUTE
    _printf_truncate_signed                  0x00000000   Number         0  stubs.o ABSOLUTE
    _printf_truncate_unsigned                0x00000000   Number         0  stubs.o ABSOLUTE
    _printf_u                                0x00000000   Number         0  stubs.o ABSOLUTE
    _printf_wc                               0x00000000   Number         0  stubs.o ABSOLUTE
    _printf_wctomb                           0x00000000   Number         0  stubs.o ABSOLUTE
    _printf_widthprec                        0x00000000   Number         0  stubs.o ABSOLUTE
    _printf_x                                0x00000000   Number         0  stubs.o ABSOLUTE
    _clock_init                               - Undefined Weak Reference
    Reset_Handler                            0x00000101   Thumb Code     0  startup.o(RESET)
    NMI_Handler                              0x00000105   Thumb Code     2  startup.o(RESET)
    HardFault_Handler                        0x00000107   Thumb Code     2  startup.o(RESET)
    MemManage_Handler                        0x00000109   Thumb Code     2  startup.o(RESET)
    BusFault_Handler                         0x0000010b   Thumb Code     2  startup.o(RESET)
    UsageFault_Handler                       0x0000010d   Thumb Code     2  startup.o(RESET)
    SVC_Handler                              0x0000010f   Thumb Code     2  startup.o(RESET)
    DebugMon_Handler                         0x00000111   Thumb Code     2  startup.o(RESET)
    ADC0_Handler                             0x00000117   Thumb Code     0  startup.o(RESET)
    ADC2_Handler                             0x00000117   Thumb Code     0  startup.o(RESET)
    ADC3_Handler                             0x00000117   Thumb Code     0  startup.o(RESET)
    CAN0_Handler                             0x00000117   Thumb Code     0  startup.o(RESET)
    CAN1_Handler                             0x00000117   Thumb Code     0  startup.o(RESET)
    CAN2_Handler                             0x00000117   Thumb Code     0  startup.o(RESET)
    Comp0_Handler                            0x00000117   Thumb Code     0  startup.o(RESET)
    Comp1_Handler                            0x00000117   Thumb Code     0  startup.o(RESET)
    Comp2_Handler                            0x00000117   Thumb Code     0  startup.o(RESET)
    Ethernet_Handler                         0x00000117   Thumb Code     0  startup.o(RESET)
    FlashCtl_Handler                         0x00000117   Thumb Code     0  startup.o(RESET)
    GPIOPortA_Handler                        0x00000117   Thumb Code     0  startup.o(RESET)
    GPIOPortB_Handler                        0x00000117   Thumb Code     0  startup.o(RESET)
    GPIOPortC_Handler                        0x00000117   Thumb Code     0  startup.o(RESET)
    GPIOPortD_Handler                        0x00000117   Thumb Code     0  startup.o(RESET)
    GPIOPortG_Handler                        0x00000117   Thumb Code     0  startup.o(RESET)
    GPIOPortH_Handler                        0x00000117   Thumb Code     0  startup.o(RESET)
    Hibernate_Handler                        0x00000117   Thumb Code     0  startup.o(RESET)
    I2C0_Handler                             0x00000117   Thumb Code     0  startup.o(RESET)
    I2C1_Handler                             0x00000117   Thumb Code     0  startup.o(RESET)
    PWM0_Handler                             0x00000117   Thumb Code     0  startup.o(RESET)
    PWM1_Handler                             0x00000117   Thumb Code     0  startup.o(RESET)
    PWM2_Handler                             0x00000117   Thumb Code     0  startup.o(RESET)
    PWM3_Handler                             0x00000117   Thumb Code     0  startup.o(RESET)
    PWMFault_Handler                         0x00000117   Thumb Code     0  startup.o(RESET)
    Quadrature0_Handler                      0x00000117   Thumb Code     0  startup.o(RESET)
    Quadrature1_Handler                      0x00000117   Thumb Code     0  startup.o(RESET)
    SSI0_Handler                             0x00000117   Thumb Code     0  startup.o(RESET)
    SSI1_Handler                             0x00000117   Thumb Code     0  startup.o(RESET)
    SysCtl_Handler                           0x00000117   Thumb Code     0  startup.o(RESET)
    Timer0A_Handler                          0x00000117   Thumb Code     0  startup.o(RESET)
    Timer0B_Handler                          0x00000117   Thumb Code     0  startup.o(RESET)
    Timer1A_Handler                          0x00000117   Thumb Code     0  startup.o(RESET)
    Timer1B_Handler                          0x00000117   Thumb Code     0  startup.o(RESET)
    Timer3A_Handler                          0x00000117   Thumb Code     0  startup.o(RESET)
    Timer3B_Handler                          0x00000117   Thumb Code     0  startup.o(RESET)
    UART0_Handler                            0x00000117   Thumb Code     0  startup.o(RESET)
    UART1_Handler                            0x00000117   Thumb Code     0  startup.o(RESET)
    UART2_Handler                            0x00000117   Thumb Code     0  startup.o(RESET)
    USB0_Handler                             0x00000117   Thumb Code     0  startup.o(RESET)
    WDT_Handler                              0x00000117   Thumb Code     0  startup.o(RESET)
    uDMA_Error                               0x00000117   Thumb Code     0  startup.o(RESET)
    uDMA_Handler                             0x00000117   Thumb Code     0  startup.o(RESET)
    __main                                   0x00000119   Thumb Code     0  entry.o(.ARM.Collect$$$$00000000)
    _main_stk                                0x00000119   Thumb Code     0  entry2.o(.ARM.Collect$$$$00000001)
    _main_scatterload                        0x0000011d   Thumb Code     0  entry5.o(.ARM.Collect$$$$00000004)
    __main_after_scatterload                 0x00000121   Thumb Code     0  entry5.o(.ARM.Collect$$$$00000004)
    _main_clock                              0x00000121   Thumb Code     0  entry7b.o(.ARM.Collect$$$$00000008)
    _main_init                               0x00000121   Thumb Code     0  entry8.o(.ARM.Collect$$$$00000009)
    OS_MsTime                                0x00000149   Thumb Code     6  os_time.o(.data)
    OS_CPU_SR_Save                           0x00000155   Thumb Code     8  os_critical.o(.emb_text)
    OS_CPU_SR_Restore                        0x0000015d   Thumb Code     6  os_critical.o(.emb_text)
    SysCtlDelay                              0x00000165   Thumb Code     6  sysctl.o(.emb_text)
    DisableInterrupts                        0x0000016d   Thumb Code     0  startup.o(.text)
    EnableInterrupts                         0x00000171   Thumb Code     0  startup.o(.text)
    StartCritical                            0x00000175   Thumb Code     0  startup.o(.text)
    EndCritical                              0x0000017d   Thumb Code     0  startup.o(.text)
    WaitForInterrupt                         0x00000183   Thumb Code     0  startup.o(.text)
    OLED_Set_Color                           0x00000189   Thumb Code     6  rit128x96x4.o(.text)
    RIT128x96x4Clear                         0x00000251   Thumb Code    68  rit128x96x4.o(.text)
    RIT128x96x4Enable                        0x00000295   Thumb Code    94  rit128x96x4.o(.text)
    RIT128x96x4Init                          0x000002f3   Thumb Code   144  rit128x96x4.o(.text)
    OLED_Init                                0x00000383   Thumb Code    26  rit128x96x4.o(.text)
    OLED_Get_Color                           0x0000039d   Thumb Code     6  rit128x96x4.o(.text)
    RIT128x96x4StringDraw                    0x000003a3   Thumb Code   214  rit128x96x4.o(.text)
    _OLED_Message                            0x00000479   Thumb Code    24  rit128x96x4.o(.text)
    OLED_Out                                 0x00000491   Thumb Code   332  rit128x96x4.o(.text)
    OLED_Message                             0x000005dd   Thumb Code    52  rit128x96x4.o(.text)
    RIT128x96x4ImageDraw                     0x00000611   Thumb Code    96  rit128x96x4.o(.text)
    RIT128x96x4Disable                       0x00000671   Thumb Code    86  rit128x96x4.o(.text)
    RIT128x96x4DisplayOn                     0x000006c7   Thumb Code    30  rit128x96x4.o(.text)
    RIT128x96x4DisplayOff                    0x000006e5   Thumb Code     8  rit128x96x4.o(.text)
    Int2Str2                                 0x000006ed   Thumb Code    66  rit128x96x4.o(.text)
    RIT128x96x4DecOut2                       0x0000072f   Thumb Code    28  rit128x96x4.o(.text)
    RIT128x96x4PlotReClear                   0x0000074b   Thumb Code    78  rit128x96x4.o(.text)
    RIT128x96x4PlotClear                     0x00000799   Thumb Code    98  rit128x96x4.o(.text)
    RIT128x96x4PlotPoint                     0x000007fb   Thumb Code   130  rit128x96x4.o(.text)
    RIT128x96x4PlotBar                       0x0000087d   Thumb Code   124  rit128x96x4.o(.text)
    RIT128x96x4PlotdBfs                      0x000008f9   Thumb Code    90  rit128x96x4.o(.text)
    RIT128x96x4PlotNext                      0x00000953   Thumb Code    20  rit128x96x4.o(.text)
    RIT128x96x4ShowPlot                      0x00000967   Thumb Code    22  rit128x96x4.o(.text)
    _SH_getVar                               0x000009fd   Thumb Code    24  shell.o(.text)
    SH_Init                                  0x00000a15   Thumb Code    54  shell.o(.text)
    SH_AutoCompleteCommand                   0x00000a4b   Thumb Code    78  shell.o(.text)
    SH_AutoCompleteFile                      0x00000a99   Thumb Code   100  shell.o(.text)
    SH_Shell                                 0x00000e57   Thumb Code   132  shell.o(.text)
    SH_Jitter                                0x00000edb   Thumb Code     6  shell.o(.text)
    UART_Init                                0x00001741   Thumb Code    72  uart.o(.text)
    UART_InChar                              0x00001789   Thumb Code    14  uart.o(.text)
    UART_OutChar                             0x00001797   Thumb Code    12  uart.o(.text)
    UART_OutString                           0x000017a3   Thumb Code    20  uart.o(.text)
    UART_InUDec                              0x000017b7   Thumb Code    64  uart.o(.text)
    UART_OutUDec                             0x000017f7   Thumb Code    34  uart.o(.text)
    UART_InUHex                              0x00001819   Thumb Code    74  uart.o(.text)
    UART_OutUHex                             0x00001863   Thumb Code    42  uart.o(.text)
    UART_InString                            0x0000188d   Thumb Code   112  uart.o(.text)
    OS_bWait                                 0x00001919   Thumb Code     0  osasm.o(.text)
    OS_bSignal                               0x00001939   Thumb Code     0  osasm.o(.text)
    OS_Signal                                0x00001959   Thumb Code     0  osasm.o(.text)
    OS_Wait                                  0x00001975   Thumb Code     0  osasm.o(.text)
    SysTick_Handler                          0x00001995   Thumb Code     0  osasm.o(.text)
    PendSV_Handler                           0x0000199f   Thumb Code     0  osasm.o(.text)
    StartOS                                  0x000019cb   Thumb Code     0  osasm.o(.text)
    PORTF_Init                               0x000019f5   Thumb Code    96  os_buttons.o(.text)
    OS_AddButtonTask                         0x00001a55   Thumb Code    50  os_buttons.o(.text)
    PORTE_Init                               0x00001a87   Thumb Code    96  os_buttons.o(.text)
    OS_AddDownTask                           0x00001ae7   Thumb Code    52  os_buttons.o(.text)
    GPIOPortF_Handler                        0x00001b49   Thumb Code    40  os_buttons.o(.text)
    GPIOPortE_Handler                        0x00001b9f   Thumb Code    40  os_buttons.o(.text)
    OS_Fifo_Init                             0x00001bf1   Thumb Code    34  os_datastructures.o(.text)
    OS_Fifo_Put                              0x00001c13   Thumb Code    72  os_datastructures.o(.text)
    OS_Fifo_Get                              0x00001c5b   Thumb Code    48  os_datastructures.o(.text)
    OS_Fifo_Size                             0x00001c8b   Thumb Code    16  os_datastructures.o(.text)
    OS_MailBox_Init                          0x00001c9b   Thumb Code    26  os_datastructures.o(.text)
    OS_MailBox_Send                          0x00001cb5   Thumb Code    24  os_datastructures.o(.text)
    OS_MailBox_Recv                          0x00001ccd   Thumb Code    24  os_datastructures.o(.text)
    OS_LogEvent                              0x00001ce5   Thumb Code    44  os_datastructures.o(.text)
    OS_AddThread                             0x00001da5   Thumb Code   198  os_threads.o(.text)
    _OS_RemoveFromLL                         0x00001e6b   Thumb Code    34  os_threads.o(.text)
    OS_Kill                                  0x00001e8d   Thumb Code    96  os_threads.o(.text)
    OS_Suspend                               0x00001eed   Thumb Code    24  os_threads.o(.text)
    OS_Sleep                                 0x00001f05   Thumb Code    12  os_threads.o(.text)
    _OS_ReinsertLL                           0x00001f11   Thumb Code    90  os_threads.o(.text)
    OS_FindNextThread                        0x00001f6b   Thumb Code    52  os_threads.o(.text)
    _OS_InsertThread                         0x00001f9f   Thumb Code    62  os_threads.o(.text)
    OS_IncPriority                           0x00001fdd   Thumb Code    44  os_threads.o(.text)
    _OS_SleepMaintenance                     0x00002021   Thumb Code    32  os_time.o(.text)
    OS_Add_Periodic_Thread                   0x00002067   Thumb Code   220  os_time.o(.text)
    Timer2A_Init                             0x0000214d   Thumb Code   110  os_time.o(.text)
    Timer2B_Init                             0x000021bb   Thumb Code   136  os_time.o(.text)
    Timer2A_Handler                          0x00002243   Thumb Code    54  os_time.o(.text)
    Timer2B_Handler                          0x00002279   Thumb Code    10  os_time.o(.text)
    OS_ClearMsTime                           0x00002283   Thumb Code     8  os_time.o(.text)
    OS_Time                                  0x0000228b   Thumb Code     8  os_time.o(.text)
    OS_TimeDifference                        0x00002293   Thumb Code    18  os_time.o(.text)
    OS_MeasureJitter                         0x000022a5   Thumb Code   118  os_time.o(.text)
    OS_getMaxJitter                          0x0000231b   Thumb Code    10  os_time.o(.text)
    OS_getMinJitter                          0x00002325   Thumb Code    10  os_time.o(.text)
    OS_start_interrupt                       0x0000232f   Thumb Code    12  os_time.o(.text)
    OS_end_interrupt                         0x0000233b   Thumb Code    24  os_time.o(.text)
    OS_max_int_time                          0x00002353   Thumb Code     6  os_time.o(.text)
    OS_InitSemaphore                         0x00002391   Thumb Code    10  os.o(.text)
    OS_Delay                                 0x0000239b   Thumb Code    12  os.o(.text)
    OS_BlockThread                           0x000023a7   Thumb Code    42  os.o(.text)
    OS_WakeThread                            0x000023d1   Thumb Code    32  os.o(.text)
    OS_WakeAllThreads                        0x000023f1   Thumb Code    34  os.o(.text)
    OS_Init                                  0x00002419   Thumb Code   150  os.o(.text)
    OS_Id                                    0x000024af   Thumb Code    16  os.o(.text)
    OS_Launch                                0x000024bf   Thumb Code    16  os.o(.text)
    ADC_TimerInit                            0x000024ed   Thumb Code    62  adc.o(.text)
    ADC_Init                                 0x0000252b   Thumb Code   180  adc.o(.text)
    ADC_Open                                 0x000025df   Thumb Code     4  adc.o(.text)
    ADC_In                                   0x000025e3   Thumb Code    38  adc.o(.text)
    ADC_Collect                              0x00002609   Thumb Code    16  adc.o(.text)
    ADC1_Handler                             0x00002619   Thumb Code    90  adc.o(.text)
    eDisk_Init                               0x0000284b   Thumb Code   340  edisk.o(.text)
    eDisk_Status                             0x0000299f   Thumb Code    12  edisk.o(.text)
    eDisk_Read                               0x000029ab   Thumb Code   136  edisk.o(.text)
    eDisk_ReadBlock                          0x00002a33   Thumb Code    10  edisk.o(.text)
    eDisk_Write                              0x00002a3d   Thumb Code   196  edisk.o(.text)
    eDisk_WriteBlock                         0x00002b01   Thumb Code    10  edisk.o(.text)
    disk_ioctl                               0x00002b0b   Thumb Code   314  edisk.o(.text)
    disk_timerproc                           0x00002c45   Thumb Code    22  edisk.o(.text)
    get_fattime                              0x00002c5b   Thumb Code     4  edisk.o(.text)
    eFile_Init                               0x00002cd1   Thumb Code    72  efile.o(.text)
    eFile_Info                               0x00002d19   Thumb Code    66  efile.o(.text)
    eFile_RClose                             0x00002d5b   Thumb Code    30  efile.o(.text)
    eFile_WClose                             0x00002d79   Thumb Code    90  efile.o(.text)
    eFile_Format                             0x00002dd3   Thumb Code    90  efile.o(.text)
    eFile_Create                             0x00002f8f   Thumb Code   566  efile.o(.text)
    eFile_WOpen                              0x000031c5   Thumb Code   226  efile.o(.text)
    eFile_Write                              0x000032a7   Thumb Code   198  efile.o(.text)
    eFile_Close                              0x0000336d   Thumb Code    44  efile.o(.text)
    eFile_ROpen                              0x00003399   Thumb Code   132  efile.o(.text)
    eFile_ReadNext                           0x0000341d   Thumb Code   170  efile.o(.text)
    eFile_Directory                          0x000034c7   Thumb Code   192  efile.o(.text)
    eFile_List                               0x00003587   Thumb Code   190  efile.o(.text)
    eFile_Delete                             0x00003645   Thumb Code   250  efile.o(.text)
    eFile_RedirectToFile                     0x0000373f   Thumb Code    40  efile.o(.text)
    eFile_EndRedirectToFile                  0x00003767   Thumb Code    38  efile.o(.text)
    eFile_ChangeDirectory                    0x0000378d   Thumb Code    96  efile.o(.text)
    RT_StreamToFile                          0x00003809   Thumb Code     6  retarget.o(.text)
    fputc                                    0x0000380f   Thumb Code    54  retarget.o(.text)
    fgetc                                    0x00003845   Thumb Code     4  retarget.o(.text)
    ferror                                   0x00003849   Thumb Code     6  retarget.o(.text)
    _ttywrch                                 0x0000384f   Thumb Code     6  retarget.o(.text)
    _sys_exit                                0x00003855   Thumb Code     2  retarget.o(.text)
    DisplayThread                            0x00003861   Thumb Code    92  lab2main.o(.text)
    Display                                  0x000038bd   Thumb Code    90  lab2main.o(.text)
    Producer                                 0x00003917   Thumb Code    46  lab2main.o(.text)
    Consumer                                 0x00003945   Thumb Code   120  lab2main.o(.text)
    PID                                      0x000039bd   Thumb Code    94  lab2main.o(.text)
    ButtonWork                               0x00003a1b   Thumb Code   130  lab2main.o(.text)
    ButtonPush                               0x00003a9d   Thumb Code    38  lab2main.o(.text)
    Filter                                   0x00003ac3   Thumb Code   112  lab2main.o(.text)
    DAS                                      0x00003b33   Thumb Code   104  lab2main.o(.text)
    main                                     0x00003b9b   Thumb Code   392  lab2main.o(.text)
    dummyTask1                               0x00003d23   Thumb Code    54  lab2main.o(.text)
    dummyTask2                               0x00003d59   Thumb Code    46  lab2main.o(.text)
    dummyTask3                               0x00003d87   Thumb Code    52  lab2main.o(.text)
    dummyButtonTask                          0x00003dbb   Thumb Code    18  lab2main.o(.text)
    dummyDownTask                            0x00003dcd   Thumb Code    18  lab2main.o(.text)
    dummyPeriodicTask                        0x00003ddf   Thumb Code    10  lab2main.o(.text)
    jerkTask                                 0x00003de9   Thumb Code     2  lab2main.o(.text)
    cr4_fft_64_stm32                         0x00003e6d   Thumb Code     0  cr4_fft_64_stm32.o(.text)
    PID_stm32                                0x0000413d   Thumb Code     0  pid_stm32.o(.text)
    toupper                                  0x00004185   Thumb Code    12  toupper.o(.text)
    tolower                                  0x00004191   Thumb Code    12  tolower.o(.text)
    ___aeabi_memcpy4$move                    0x0000419d   Thumb Code     0  memmovea.o(.text)
    ___aeabi_memcpy8$move                    0x0000419d   Thumb Code     0  memmovea.o(.text)
    __aeabi_memcpy                           0x0000419d   Thumb Code    64  memmovea.o(.text)
    __aeabi_memmove                          0x0000419d   Thumb Code     0  memmovea.o(.text)
    __aeabi_memmove4                         0x0000419d   Thumb Code     0  memmovea.o(.text)
    __aeabi_memmove8                         0x0000419d   Thumb Code     0  memmovea.o(.text)
    __aeabi_memset                           0x000041dd   Thumb Code    14  memseta.o(.text)
    __aeabi_memset4                          0x000041dd   Thumb Code     0  memseta.o(.text)
    __aeabi_memset8                          0x000041dd   Thumb Code     0  memseta.o(.text)
    __aeabi_memclr                           0x000041eb   Thumb Code     4  memseta.o(.text)
    __aeabi_memclr4                          0x000041eb   Thumb Code     0  memseta.o(.text)
    __aeabi_memclr8                          0x000041eb   Thumb Code     0  memseta.o(.text)
    _memset$wrapper                          0x000041ef   Thumb Code    18  memseta.o(.text)
    strlen                                   0x00004201   Thumb Code    16  strlen.o(.text)
    strcmp                                   0x00004211   Thumb Code    28  strcmp.o(.text)
    strcpy                                   0x0000422d   Thumb Code    18  strcpy.o(.text)
    atoi                                     0x0000423f   Thumb Code    26  atoi.o(.text)
    __aeabi_uidiv                            0x00004259   Thumb Code     0  uidiv.o(.text)
    __aeabi_uidivmod                         0x00004259   Thumb Code    44  uidiv.o(.text)
    __aeabi_uldivmod                         0x00004285   Thumb Code    98  uldiv.o(.text)
    strtol                                   0x000042e7   Thumb Code   112  strtol.o(.text)
    __I$use$fp                               0x00004357   Thumb Code     0  iusefp.o(.text)
    __aeabi_dadd                             0x00004357   Thumb Code   322  dadd.o(.text)
    __aeabi_dsub                             0x00004499   Thumb Code     6  dadd.o(.text)
    __aeabi_drsub                            0x0000449f   Thumb Code     6  dadd.o(.text)
    __aeabi_dmul                             0x000044a5   Thumb Code   228  dmul.o(.text)
    __aeabi_ddiv                             0x00004589   Thumb Code   222  ddiv.o(.text)
    __aeabi_d2ulz                            0x00004667   Thumb Code    48  dfixul.o(.text)
    __aeabi_cdrcmple                         0x00004699   Thumb Code    38  cdrcmple.o(.text)
    __scatterload                            0x000046c1   Thumb Code    28  init.o(.text)
    __scatterload_rt2                        0x000046c1   Thumb Code     0  init.o(.text)
    __aeabi_llsl                             0x000046e5   Thumb Code    30  llshl.o(.text)
    _ll_shift_l                              0x000046e5   Thumb Code     0  llshl.o(.text)
    __aeabi_llsr                             0x00004703   Thumb Code    32  llushr.o(.text)
    _ll_ushift_r                             0x00004703   Thumb Code     0  llushr.o(.text)
    __aeabi_lasr                             0x00004723   Thumb Code    36  llsshr.o(.text)
    _ll_sshift_r                             0x00004723   Thumb Code     0  llsshr.o(.text)
    __rt_ctype_table                         0x00004749   Thumb Code     4  ctype_o.o(.text)
    _strtoul                                 0x00004751   Thumb Code   158  _strtoul.o(.text)
    _double_round                            0x000047ef   Thumb Code    26  depilogue.o(.text)
    _double_epilogue                         0x00004809   Thumb Code   164  depilogue.o(.text)
    _chval                                   0x000048ad   Thumb Code    28  _chval.o(.text)
    __decompress                             0x000048c9   Thumb Code     0  __dczerorl2.o(.text)
    __decompress1                            0x000048c9   Thumb Code    92  __dczerorl2.o(.text)
    GPIODirModeSet                           0x00004925   Thumb Code    40  gpio.o(i.GPIODirModeSet)
    GPIOPadConfigSet                         0x0000494d   Thumb Code   176  gpio.o(i.GPIOPadConfigSet)
    GPIOPinTypeGPIOOutput                    0x000049fd   Thumb Code    28  gpio.o(i.GPIOPinTypeGPIOOutput)
    GPIOPinTypeSSI                           0x00004a19   Thumb Code    28  gpio.o(i.GPIOPinTypeSSI)
    GPIOPinWrite                             0x00004a35   Thumb Code     6  gpio.o(i.GPIOPinWrite)
    SSIBusy                                  0x00004a3b   Thumb Code     8  ssi.o(i.SSIBusy)
    SSIConfigSetExpClk                       0x00004a43   Thumb Code    76  ssi.o(i.SSIConfigSetExpClk)
    SSIDataGet                               0x00004a8f   Thumb Code    14  ssi.o(i.SSIDataGet)
    SSIDataGetNonBlocking                    0x00004a9d   Thumb Code    18  ssi.o(i.SSIDataGetNonBlocking)
    SSIDataPut                               0x00004aaf   Thumb Code    12  ssi.o(i.SSIDataPut)
    SSIDisable                               0x00004abb   Thumb Code    10  ssi.o(i.SSIDisable)
    SSIEnable                                0x00004ac5   Thumb Code    10  ssi.o(i.SSIEnable)
    SysCtlClockGet                           0x00004ad1   Thumb Code   438  sysctl.o(i.SysCtlClockGet)
    SysCtlClockSet                           0x00004cb5   Thumb Code   288  sysctl.o(i.SysCtlClockSet)
    SysCtlPeripheralEnable                   0x00004ded   Thumb Code    26  sysctl.o(i.SysCtlPeripheralEnable)
    __0fprintf                               0x00004e0d   Thumb Code    22  printfa.o(i.__0fprintf)
    __1fprintf                               0x00004e0d   Thumb Code     0  printfa.o(i.__0fprintf)
    __2fprintf                               0x00004e0d   Thumb Code     0  printfa.o(i.__0fprintf)
    __c89fprintf                             0x00004e0d   Thumb Code     0  printfa.o(i.__0fprintf)
    fprintf                                  0x00004e0d   Thumb Code     0  printfa.o(i.__0fprintf)
    __0printf                                0x00004e29   Thumb Code    22  printfa.o(i.__0printf)
    __1printf                                0x00004e29   Thumb Code     0  printfa.o(i.__0printf)
    __2printf                                0x00004e29   Thumb Code     0  printfa.o(i.__0printf)
    __c89printf                              0x00004e29   Thumb Code     0  printfa.o(i.__0printf)
    printf                                   0x00004e29   Thumb Code     0  printfa.o(i.__0printf)
    __0sprintf                               0x00004e49   Thumb Code    34  printfa.o(i.__0sprintf)
    __1sprintf                               0x00004e49   Thumb Code     0  printfa.o(i.__0sprintf)
    __2sprintf                               0x00004e49   Thumb Code     0  printfa.o(i.__0sprintf)
    __c89sprintf                             0x00004e49   Thumb Code     0  printfa.o(i.__0sprintf)
    sprintf                                  0x00004e49   Thumb Code     0  printfa.o(i.__0sprintf)
    __aeabi_errno_addr                       0x00004e71   Thumb Code     4  errno.o(i.__aeabi_errno_addr)
    __rt_errno_addr                          0x00004e71   Thumb Code     0  errno.o(i.__aeabi_errno_addr)
    __scatterload_copy                       0x00004e79   Thumb Code    14  handlers.o(i.__scatterload_copy)
    __scatterload_null                       0x00004e87   Thumb Code     2  handlers.o(i.__scatterload_null)
    __scatterload_zeroinit                   0x00004e89   Thumb Code    14  handlers.o(i.__scatterload_zeroinit)
    free                                     0x00005745   Thumb Code    76  malloc.o(i.free)
    malloc                                   0x00005795   Thumb Code    92  malloc.o(i.malloc)
    dBfs                                     0x00005a3b   Data         512  rit128x96x4.o(.constdata)
    __ctype_table                            0x00005cd8   Data         129  ctype_o.o(.constdata)
    Region$$Table$$Base                      0x00005d60   Number         0  anon$$obj.o(Region$$Table)
    Region$$Table$$Limit                     0x00005d80   Number         0  anon$$obj.o(Region$$Table)
    Y0                                       0x20000004   Data           4  rit128x96x4.o(.data)
    Y1                                       0x20000008   Data           4  rit128x96x4.o(.data)
    Y2                                       0x2000000c   Data           4  rit128x96x4.o(.data)
    Y3                                       0x20000010   Data           4  rit128x96x4.o(.data)
    Yrange                                   0x20000024   Data           4  rit128x96x4.o(.data)
    YrangeDiv2                               0x20000028   Data           4  rit128x96x4.o(.data)
    _OS_Root                                 0x200001f8   Data           4  os_time.o(.data)
    _OS_Task_Time                            0x200001fc   Data           4  os_time.o(.data)
    _us100Count                              0x2000021c   Data           4  os_time.o(.data)
    _eventIndex                              0x20000224   Data           4  os.o(.data)
    _RunPt                                   0x20000228   Data           4  os.o(.data)
    _TCBHead                                 0x2000022c   Data           4  os.o(.data)
    _OS_numThreads                           0x20000230   Data           4  os.o(.data)
    _OS_System_Time                          0x20000234   Data           4  os.o(.data)
    ADCMailBox                               0x20000238   Data           8  adc.o(.data)
    _sysInit                                 0x20000248   Data           1  efile.o(.data)
    _wOpen                                   0x2000024b   Data           1  efile.o(.data)
    _rOpen                                   0x2000024c   Data           1  efile.o(.data)
    _wIndex                                  0x20000260   Data           4  efile.o(.data)
    _wCluster                                0x20000264   Data           4  efile.o(.data)
    _wSector                                 0x20000268   Data           4  efile.o(.data)
    _wSize                                   0x2000026c   Data           4  efile.o(.data)
    _dirIndex                                0x20000270   Data           4  efile.o(.data)
    _wDirIndex                               0x20000274   Data           4  efile.o(.data)
    _rIndex                                  0x20000278   Data           4  efile.o(.data)
    _rCluster                                0x2000027c   Data           4  efile.o(.data)
    _rSector                                 0x20000280   Data           4  efile.o(.data)
    _rSize                                   0x20000284   Data           4  efile.o(.data)
    __stdout                                 0x20000288   Data           4  retarget.o(.data)
    DASoutput                                0x20000290   Data           2  lab2main.o(.data)
    IntTerm                                  0x20000292   Data           2  lab2main.o(.data)
    PrevError                                0x20000294   Data           2  lab2main.o(.data)
    Actuator                                 0x20000296   Data           2  lab2main.o(.data)
    count3                                   0x20000298   Data           4  lab2main.o(.data)
    countPeriodic                            0x2000029c   Data           4  lab2main.o(.data)
    NumCreated                               0x200002a8   Data           4  lab2main.o(.data)
    DataLost                                 0x200002ac   Data           4  lab2main.o(.data)
    PIDWork                                  0x200002b0   Data           4  lab2main.o(.data)
    NumSamples                               0x200002b4   Data           4  lab2main.o(.data)
    FilterWork                               0x200002b8   Data           4  lab2main.o(.data)
    MaxJitter                                0x200002bc   Data           4  lab2main.o(.data)
    MinJitter                                0x200002c0   Data           4  lab2main.o(.data)
    Coeff                                    0x200002c8   Data           6  lab2main.o(.data)
    __stderr                                 0x200002d0   Data           4  stderr.o(.data)
    __microlib_freelist                      0x200002d4   Data           4  mvars.o(.data)
    __microlib_freelist_initialised          0x200002d8   Data           4  mvars.o(.data)
    OLED_Semaphore                           0x200003e8   Data          80  rit128x96x4.o(.bss)
    PlotImage                                0x20000438   Data        4480  rit128x96x4.o(.bss)
    list                                     0x20002987   Data         208  shell.o(.bss)
    funcBuff                                 0x20002a58   Data        1000  shell.o(.bss)
    _threads                                 0x20003260   Data        8704  os.o(.bss)
    _tasks                                   0x20005460   Data          96  os.o(.bss)
    _modifyTCB                               0x200054c0   Data          80  os.o(.bss)
    _eventLog                                0x20005510   Data         800  os.o(.bss)
    _OS_Fifo                                 0x20005830   Data         684  os.o(.bss)
    _OS_Mailbox                              0x20005adc   Data         164  os.o(.bss)
    ADCHasData                               0x20005b80   Data          16  adc.o(.bss)
    _wFile                                   0x20005da0   Data          32  efile.o(.bss)
    _rFile                                   0x20005dc0   Data          32  efile.o(.bss)
    _file                                    0x20005de0   Data          32  efile.o(.bss)
    _writeBuff                               0x20005e00   Data         512  efile.o(.bss)
    _readBuff                                0x20006000   Data         512  efile.o(.bss)
    JitterHistogram                          0x20006200   Data         256  lab2main.o(.bss)
    x                                        0x20006318   Data         256  lab2main.o(.bss)
    y                                        0x20006418   Data         256  lab2main.o(.bss)
    binarySemaphore                          0x20006518   Data          80  lab2main.o(.bss)
    __heap_base                              0x20006568   Data           0  startup.o(HEAP)
    __heap_limit                             0x20006568   Data           0  startup.o(HEAP)
    __initial_sp                             0x20006968   Data           0  startup.o(STACK)



==============================================================================

Memory Map of the image

  Image Entry point : 0x00000101

  Load Region LR_1 (Base: 0x00000000, Size: 0x00006060, Max: 0xffffffff, ABSOLUTE, COMPRESSED[0x00005e68])

    Execution Region ER_RO (Base: 0x00000000, Size: 0x00005d80, Max: 0xffffffff, ABSOLUTE)

    Base Addr    Size         Type   Attr      Idx    E Section Name        Object

    0x00000000   0x00000118   Code   RO            3  * RESET               startup.o
    0x00000118   0x00000000   Code   RO         1149  * .ARM.Collect$$$$00000000  mc_w.l(entry.o)
    0x00000118   0x00000004   Code   RO         1464    .ARM.Collect$$$$00000001  mc_w.l(entry2.o)
    0x0000011c   0x00000004   Code   RO         1467    .ARM.Collect$$$$00000004  mc_w.l(entry5.o)
    0x00000120   0x00000000   Code   RO         1469    .ARM.Collect$$$$00000008  mc_w.l(entry7b.o)
    0x00000120   0x00000008   Code   RO         1470    .ARM.Collect$$$$00000009  mc_w.l(entry8.o)
    0x00000128   0x00000004   Code   RO         1465    .ARM.Collect$$$$00002712  mc_w.l(entry2.o)
    0x0000012c   0x0000001c   Code   RO          109    .data               shell.o
    0x00000148   0x0000000c   Code   RO          227    .data               os_time.o
    0x00000154   0x0000000e   Code   RO           99    .emb_text           os_critical.o
    0x00000162   0x00000002   PAD
    0x00000164   0x00000006   Code   RO          782    .emb_text           driverlib.lib(sysctl.o)
    0x0000016a   0x00000002   PAD
    0x0000016c   0x0000001c   Code   RO            4    .text               startup.o
    0x00000188   0x00000824   Code   RO           38    .text               rit128x96x4.o
    0x000009ac   0x00000d94   Code   RO          110    .text               shell.o
    0x00001740   0x000001d8   Code   RO          159    .text               uart.o
    0x00001918   0x000000dc   Code   RO          175    .text               osasm.o
    0x000019f4   0x000001fc   Code   RO          178    .text               os_buttons.o
    0x00001bf0   0x00000134   Code   RO          201    .text               os_datastructures.o
    0x00001d24   0x000002fc   Code   RO          214    .text               os_threads.o
    0x00002020   0x00000370   Code   RO          228    .text               os_time.o
    0x00002390   0x0000015c   Code   RO          250    .text               os.o
    0x000024ec   0x000001b0   Code   RO          290    .text               adc.o
    0x0000269c   0x00000634   Code   RO          321    .text               edisk.o
    0x00002cd0   0x00000b38   Code   RO          338    .text               efile.o
    0x00003808   0x00000058   Code   RO          359    .text               retarget.o
    0x00003860   0x0000060c   Code   RO          383    .text               lab2main.o
    0x00003e6c   0x000002ce   Code   RO          419    .text               cr4_fft_64_stm32.o
    0x0000413a   0x00000002   PAD
    0x0000413c   0x00000048   Code   RO          422    .text               pid_stm32.o
    0x00004184   0x0000000c   Code   RO         1153    .text               mc_w.l(toupper.o)
    0x00004190   0x0000000c   Code   RO         1155    .text               mc_w.l(tolower.o)
    0x0000419c   0x00000040   Code   RO         1159    .text               mc_w.l(memmovea.o)
    0x000041dc   0x00000024   Code   RO         1161    .text               mc_w.l(memseta.o)
    0x00004200   0x00000010   Code   RO         1163    .text               mc_w.l(strlen.o)
    0x00004210   0x0000001c   Code   RO         1165    .text               mc_w.l(strcmp.o)
    0x0000422c   0x00000012   Code   RO         1167    .text               mc_w.l(strcpy.o)
    0x0000423e   0x0000001a   Code   RO         1462    .text               mc_w.l(atoi.o)
    0x00004258   0x0000002c   Code   RO         1471    .text               mc_w.l(uidiv.o)
    0x00004284   0x00000062   Code   RO         1473    .text               mc_w.l(uldiv.o)
    0x000042e6   0x00000070   Code   RO         1484    .text               mc_w.l(strtol.o)
    0x00004356   0x00000000   Code   RO         1486    .text               mc_w.l(iusefp.o)
    0x00004356   0x0000014e   Code   RO         1487    .text               mf_w.l(dadd.o)
    0x000044a4   0x000000e4   Code   RO         1489    .text               mf_w.l(dmul.o)
    0x00004588   0x000000de   Code   RO         1491    .text               mf_w.l(ddiv.o)
    0x00004666   0x00000030   Code   RO         1493    .text               mf_w.l(dfixul.o)
    0x00004696   0x00000002   PAD
    0x00004698   0x00000028   Code   RO         1495    .text               mf_w.l(cdrcmple.o)
    0x000046c0   0x00000024   Code   RO         1497    .text               mc_w.l(init.o)
    0x000046e4   0x0000001e   Code   RO         1499    .text               mc_w.l(llshl.o)
    0x00004702   0x00000020   Code   RO         1501    .text               mc_w.l(llushr.o)
    0x00004722   0x00000024   Code   RO         1503    .text               mc_w.l(llsshr.o)
    0x00004746   0x00000002   PAD
    0x00004748   0x00000008   Code   RO         1505    .text               mc_w.l(ctype_o.o)
    0x00004750   0x0000009e   Code   RO         1533    .text               mc_w.l(_strtoul.o)
    0x000047ee   0x000000be   Code   RO         1535    .text               mf_w.l(depilogue.o)
    0x000048ac   0x0000001c   Code   RO         1537    .text               mc_w.l(_chval.o)
    0x000048c8   0x0000005c   Code   RO         1547    .text               mc_w.l(__dczerorl2.o)
    0x00004924   0x00000028   Code   RO          443    i.GPIODirModeSet    driverlib.lib(gpio.o)
    0x0000494c   0x000000b0   Code   RO          448    i.GPIOPadConfigSet  driverlib.lib(gpio.o)
    0x000049fc   0x0000001c   Code   RO          461    i.GPIOPinTypeGPIOOutput  driverlib.lib(gpio.o)
    0x00004a18   0x0000001c   Code   RO          467    i.GPIOPinTypeSSI    driverlib.lib(gpio.o)
    0x00004a34   0x00000006   Code   RO          472    i.GPIOPinWrite      driverlib.lib(gpio.o)
    0x00004a3a   0x00000008   Code   RO          671    i.SSIBusy           driverlib.lib(ssi.o)
    0x00004a42   0x0000004c   Code   RO          672    i.SSIConfigSetExpClk  driverlib.lib(ssi.o)
    0x00004a8e   0x0000000e   Code   RO          675    i.SSIDataGet        driverlib.lib(ssi.o)
    0x00004a9c   0x00000012   Code   RO          676    i.SSIDataGetNonBlocking  driverlib.lib(ssi.o)
    0x00004aae   0x0000000c   Code   RO          677    i.SSIDataPut        driverlib.lib(ssi.o)
    0x00004aba   0x0000000a   Code   RO          679    i.SSIDisable        driverlib.lib(ssi.o)
    0x00004ac4   0x0000000a   Code   RO          680    i.SSIEnable         driverlib.lib(ssi.o)
    0x00004ace   0x00000002   PAD
    0x00004ad0   0x000001e4   Code   RO          787    i.SysCtlClockGet    driverlib.lib(sysctl.o)
    0x00004cb4   0x00000138   Code   RO          788    i.SysCtlClockSet    driverlib.lib(sysctl.o)
    0x00004dec   0x00000020   Code   RO          812    i.SysCtlPeripheralEnable  driverlib.lib(sysctl.o)
    0x00004e0c   0x0000001c   Code   RO         1405    i.__0fprintf        mc_w.l(printfa.o)
    0x00004e28   0x00000020   Code   RO         1406    i.__0printf         mc_w.l(printfa.o)
    0x00004e48   0x00000028   Code   RO         1408    i.__0sprintf        mc_w.l(printfa.o)
    0x00004e70   0x00000008   Code   RO         1477    i.__aeabi_errno_addr  mc_w.l(errno.o)
    0x00004e78   0x0000000e   Code   RO         1541    i.__scatterload_copy  mc_w.l(handlers.o)
    0x00004e86   0x00000002   Code   RO         1542    i.__scatterload_null  mc_w.l(handlers.o)
    0x00004e88   0x0000000e   Code   RO         1543    i.__scatterload_zeroinit  mc_w.l(handlers.o)
    0x00004e96   0x00000002   PAD
    0x00004e98   0x0000015c   Code   RO         1413    i._fp_digits        mc_w.l(printfa.o)
    0x00004ff4   0x000006f0   Code   RO         1414    i._printf_core      mc_w.l(printfa.o)
    0x000056e4   0x00000026   Code   RO         1415    i._printf_post_padding  mc_w.l(printfa.o)
    0x0000570a   0x00000030   Code   RO         1416    i._printf_pre_padding  mc_w.l(printfa.o)
    0x0000573a   0x0000000a   Code   RO         1418    i._sputc            mc_w.l(printfa.o)
    0x00005744   0x00000050   Code   RO         1434    i.free              mc_w.l(malloc.o)
    0x00005794   0x0000006c   Code   RO         1435    i.malloc            mc_w.l(malloc.o)
    0x00005800   0x0000043b   Data   RO           40    .constdata          rit128x96x4.o
    0x00005c3b   0x00000001   PAD
    0x00005c3c   0x0000009c   Data   RO          825    .constdata          driverlib.lib(sysctl.o)
    0x00005cd8   0x00000081   Data   RO         1506    .constdata          mc_w.l(ctype_o.o)
    0x00005d59   0x00000003   PAD
    0x00005d5c   0x00000004   Data   RO         1507    .constdata          mc_w.l(ctype_o.o)
    0x00005d60   0x00000020   Data   RO         1539    Region$$Table       anon$$obj.o


    Execution Region ER_RW (Base: 0x20000000, Size: 0x000002e0, Max: 0xffffffff, ABSOLUTE, COMPRESSED[0x000000e8])

    Base Addr    Size         Type   Attr      Idx    E Section Name        Object

    0x20000000   0x0000003c   Data   RW           41    .data               rit128x96x4.o
    0x2000003c   0x000001ac   Data   RW          112    .data               shell.o
    0x200001e8   0x00000010   Data   RW          179    .data               os_buttons.o
    0x200001f8   0x0000002c   Data   RW          230    .data               os_time.o
    0x20000224   0x00000004   Data   RW          255    .data               os.o
    0x20000228   0x0000000c   Data   RW          258    .data               os.o
    0x20000234   0x00000004   Data   RW          259    .data               os.o
    0x20000238   0x00000008   Data   RW          292    .data               adc.o
    0x20000240   0x00000005   Data   RW          322    .data               edisk.o
    0x20000245   0x00000003   PAD
    0x20000248   0x00000040   Data   RW          341    .data               efile.o
    0x20000288   0x00000004   Data   RW          360    .data               retarget.o
    0x2000028c   0x00000001   Data   RW          362    .data               retarget.o
    0x2000028d   0x00000003   PAD
    0x20000290   0x0000003e   Data   RW          386    .data               lab2main.o
    0x200002ce   0x00000002   PAD
    0x200002d0   0x00000004   Data   RW         1152    .data               mc_w.l(stderr.o)
    0x200002d4   0x00000004   Data   RW         1475    .data               mc_w.l(mvars.o)
    0x200002d8   0x00000004   Data   RW         1476    .data               mc_w.l(mvars.o)
    0x200002dc   0x00000004   Data   RW         1480    .data               mc_w.l(errno.o)


    Execution Region ER_ZI (Base: 0x200002e0, Size: 0x00006688, Max: 0xffffffff, ABSOLUTE)

    Base Addr    Size         Type   Attr      Idx    E Section Name        Object

    0x200002e0   0x000012d8   Zero   RW           39    .bss                rit128x96x4.o
    0x200015b8   0x00001888   Zero   RW          111    .bss                shell.o
    0x20002e40   0x00000420   Zero   RW          229    .bss                os_time.o
    0x20003260   0x000022b0   Zero   RW          251    .bss                os.o
    0x20005510   0x00000320   Zero   RW          252    .bss                os.o
    0x20005830   0x000002ac   Zero   RW          253    .bss                os.o
    0x20005adc   0x000000a4   Zero   RW          254    .bss                os.o
    0x20005b80   0x00000020   Zero   RW          291    .bss                adc.o
    0x20005ba0   0x00000660   Zero   RW          339    .bss                efile.o
    0x20006200   0x00000368   Zero   RW          384    .bss                lab2main.o
    0x20006568   0x00000000   Zero   RW            2    HEAP                startup.o
    0x20006568   0x00000400   Zero   RW            1    STACK               startup.o


==============================================================================

Image component sizes


      Code (inc. data)   RO Data    RW Data    ZI Data      Debug   Object Name

       432         42          0          8         32       2474   adc.o
       718        240          0          0          0        236   cr4_fft_64_stm32.o
      1588         48          0          5          0       7416   edisk.o
      2872        230          0         64       1632       8183   efile.o
      1548        310          0         62        872       5125   lab2main.o
       348         30          0         20      10528       3053   os.o
       508         42          0         16          0       2296   os_buttons.o
        14          0          0          0          0        324   os_critical.o
       308         20          0          0          0       1724   os_datastructures.o
       764         24          0          0          0       3298   os_threads.o
       892         62          0         44       1056       5026   os_time.o
       220         10          0          0          0        256   osasm.o
         0          0          0          0          0       1444   output.o
        72          8          0          0          0        200   pid_stm32.o
        88         10          0          5          0       2782   retarget.o
      2084         68       1083         60       4824       9646   rit128x96x4.o
      3504        880          0        428       6280      11099   shell.o
       308        258          0          0       1024        884   startup.o
       472         28          0          0          0       3414   uart.o

    ----------------------------------------------------------------------
     16744       2312       1116        720      26248      68880   Object Totals
         0          0         32          0          0          0   (incl. Generated)
         4          2          1          8          0          0   (incl. Padding)

    ----------------------------------------------------------------------

      Code (inc. data)   RO Data    RW Data    ZI Data      Debug   Library Member Name

       278          0          0          0          0       5992   gpio.o
       148          0          0          0          0       3486   ssi.o
       834         76        156          0          0       3771   sysctl.o
        92          0          0          0          0          0   __dczerorl2.o
        28          0          0          0          0         68   _chval.o
       158          0          0          0          0         92   _strtoul.o
        26          0          0          0          0         80   atoi.o
         8          4        133          0          0         68   ctype_o.o
         0          0          0          0          0          0   entry.o
         8          4          0          0          0          0   entry2.o
         4          0          0          0          0          0   entry5.o
         0          0          0          0          0          0   entry7b.o
         8          4          0          0          0          0   entry8.o
         8          4          0          4          0         68   errno.o
        30          0          0          0          0          0   handlers.o
        36          8          0          0          0         68   init.o
         0          0          0          0          0          0   iusefp.o
        30          0          0          0          0         68   llshl.o
        36          0          0          0          0         68   llsshr.o
        32          0          0          0          0         68   llushr.o
       188         20          0          0          0        160   malloc.o
        64          0          0          0          0         76   memmovea.o
        36          0          0          0          0        108   memseta.o
         0          0          0          8          0          0   mvars.o
      2320        102          0          0          0        680   printfa.o
         0          0          0          4          0          0   stderr.o
        28          0          0          0          0         76   strcmp.o
        18          0          0          0          0         68   strcpy.o
        16          0          0          0          0         68   strlen.o
       112          0          0          0          0         88   strtol.o
        12          0          0          0          0         68   tolower.o
        12          0          0          0          0         68   toupper.o
        44          0          0          0          0         80   uidiv.o
        98          0          0          0          0         92   uldiv.o
        40          2          0          0          0         68   cdrcmple.o
       334          0          0          0          0        144   dadd.o
       222          0          0          0          0        100   ddiv.o
       190          0          0          0          0        176   depilogue.o
        48          0          0          0          0         68   dfixul.o
       228          0          0          0          0         92   dmul.o

    ----------------------------------------------------------------------
      5784        224        292         16          0      16177   Library Totals
        10          0          3          0          0          0   (incl. Padding)

    ----------------------------------------------------------------------

      Code (inc. data)   RO Data    RW Data    ZI Data      Debug   Library Name

      1260         76        156          0          0      13249   driverlib.lib
      3452        146        133         16          0       2280   mc_w.l
      1062          2          0          0          0        648   mf_w.l

    ----------------------------------------------------------------------
      5784        224        292         16          0      16177   Library Totals

    ----------------------------------------------------------------------

==============================================================================


      Code (inc. data)   RO Data    RW Data    ZI Data      Debug   

     22528       2536       1408        736      26248      80709   Grand Totals
     22528       2536       1408        232      26248      80709   ELF Image Totals (compressed)
     22528       2536       1408        232          0          0   ROM Totals

==============================================================================

    Total RO  Size (Code + RO Data)                23936 (  23.38kB)
    Total RW  Size (RW Data + ZI Data)             26984 (  26.35kB)
    Total ROM Size (Code + RO Data + RW Data)      24168 (  23.60kB)

==============================================================================

