<html>
<body>
<pre>
<h1>µVision Build Log</h1>
<h2>Project:</h2>
C:\Users\Rohith\Documents\GitHub\445M\Lab6_test\Lab2.uvproj
Project File Date:  04/02/2013

<h2>Output:</h2>
Build target 'OLED'
assembling Startup.s...
compiling Output.c...
compiling rit128x96x4.c...
compiling OS_Critical.c...
compiling shell.c...
compiling UART.c...
assembling osasm.s...
compiling OS_Buttons.c...
compiling OS_DataStructures.c...
compiling OS_Threads.c...
OS_Threads.c(285): error:  #20: identifier "prev" is undefined
OS_Threads.c(257): warning:  #177-D: variable "pre" was declared but never referenced
compiling OS_Time.c...
compiling OS.c...
compiling ADC.c...
compiling sqrt.c...
compiling edisk.c...
compiling eFile.c...
compiling Retarget.c...
compiling Lab2Main.c...
compiling MAC.c...
assembling cr4_fft_64_stm32.s...
assembling PID_stm32.s...
compiling OS_Ethernet.c...
Target not created
Build target 'OLED'
compiling OS_Threads.c...
linking...
Program Size: Code=27088 RO-data=1408 RW-data=812 ZI-data=28052  
"OLED.axf" - 0 Error(s), 0 Warning(s).
Build target 'OLED'
compiling OS_Threads.c...
OS_Threads.c(166): warning:  #223-D: function "_OS_ReinsertLL" declared implicitly
OS_Threads.c(255): error:  #159: declaration is incompatible with previous "_OS_ReinsertLL" (declared at line 166)
Target not created
Build target 'OLED'
compiling rit128x96x4.c...
compiling shell.c...
compiling OS_Buttons.c...
compiling OS_DataStructures.c...
compiling OS_Threads.c...
compiling OS_Time.c...
compiling OS.c...
compiling Lab2Main.c...
compiling MAC.c...
compiling OS_Ethernet.c...
linking...
Program Size: Code=27080 RO-data=1408 RW-data=812 ZI-data=28052  
"OLED.axf" - 0 Error(s), 0 Warning(s).
Build target 'OLED'
linking...
Program Size: Code=27080 RO-data=1408 RW-data=812 ZI-data=28052  
"OLED.axf" - 0 Error(s), 0 Warning(s).
Build target 'OLED'
compiling OS_Threads.c...
linking...
Program Size: Code=27096 RO-data=1408 RW-data=812 ZI-data=28052  
"OLED.axf" - 0 Error(s), 0 Warning(s).
Build target 'OLED'
compiling Output.c...
compiling rit128x96x4.c...
compiling OS_Critical.c...
compiling shell.c...
compiling UART.c...
compiling OS_Buttons.c...
compiling OS_DataStructures.c...
compiling OS_Threads.c...
compiling OS_Time.c...
compiling OS.c...
compiling ADC.c...
compiling sqrt.c...
compiling edisk.c...
compiling eFile.c...
compiling Retarget.c...
compiling Lab2Main.c...
compiling MAC.c...
compiling OS_Ethernet.c...
linking...
Program Size: Code=26188 RO-data=1408 RW-data=772 ZI-data=28052  
"OLED.axf" - 0 Error(s), 0 Warning(s).
Build target 'OLED'
compiling OS_Threads.c...
linking...
Program Size: Code=26188 RO-data=1408 RW-data=772 ZI-data=28052  
"OLED.axf" - 0 Error(s), 0 Warning(s).
Build target 'OLED'
compiling OS_Threads.c...
compiling OS_Time.c...
compiling OS.c...
linking...
Program Size: Code=26132 RO-data=1408 RW-data=772 ZI-data=28052  
"OLED.axf" - 0 Error(s), 0 Warning(s).
Build target 'OLED'
compiling OS_Time.c...
linking...
Program Size: Code=26132 RO-data=1408 RW-data=772 ZI-data=28052  
"OLED.axf" - 0 Error(s), 0 Warning(s).
Build target 'OLED'
compiling OS_Time.c...
OS_Time.c(147): error:  #20: identifier "_TCBHead" is undefined
OS_Time.c(147): error:  #20: identifier "null" is undefined
Target not created
Build target 'OLED'
compiling OS_Time.c...
OS_Time.c(145): error:  #20: identifier "null" is undefined
Target not created
Build target 'OLED'
compiling OS_Time.c...
OS_Time.c(133): warning: C3017W: i may be used before being set
linking...
Program Size: Code=26128 RO-data=1408 RW-data=772 ZI-data=28052  
"OLED.axf" - 0 Error(s), 1 Warning(s).
Build target 'OLED'
compiling OS_Time.c...
linking...
Program Size: Code=26104 RO-data=1408 RW-data=772 ZI-data=28052  
"OLED.axf" - 0 Error(s), 0 Warning(s).
Build target 'OLED'
compiling OS_Time.c...
linking...
Program Size: Code=26104 RO-data=1408 RW-data=772 ZI-data=28052  
"OLED.axf" - 0 Error(s), 0 Warning(s).
Build target 'OLED'
compiling OS_DataStructures.c...
linking...
Program Size: Code=26084 RO-data=1408 RW-data=764 ZI-data=28052  
"OLED.axf" - 0 Error(s), 0 Warning(s).
Build target 'OLED'
compiling shell.c...
compiling OS_Threads.c...
compiling eFile.c...
compiling Retarget.c...
linking...
Program Size: Code=26084 RO-data=1408 RW-data=764 ZI-data=28052  
"OLED.axf" - 0 Error(s), 0 Warning(s).
Build target 'OLED'
compiling OS_Threads.c...
linking...
Program Size: Code=26040 RO-data=1408 RW-data=760 ZI-data=28048  
"OLED.axf" - 0 Error(s), 0 Warning(s).
Build target 'OLED'
compiling OS_Threads.c...
OS_Threads.c(245): error:  #20: identifier "null" is undefined
Target not created
Build target 'OLED'
compiling OS_Threads.c...
linking...
Program Size: Code=25976 RO-data=1408 RW-data=760 ZI-data=28048  
"OLED.axf" - 0 Error(s), 0 Warning(s).
Build target 'OLED'
compiling OS_Threads.c...
linking...
Program Size: Code=25976 RO-data=1408 RW-data=760 ZI-data=28048  
"OLED.axf" - 0 Error(s), 0 Warning(s).
Build target 'OLED'
compiling OS_Threads.c...
linking...
Program Size: Code=25976 RO-data=1408 RW-data=760 ZI-data=28048  
"OLED.axf" - 0 Error(s), 0 Warning(s).
Build target 'OLED'
compiling OS_Threads.c...
linking...
Program Size: Code=25976 RO-data=1408 RW-data=760 ZI-data=28048  
"OLED.axf" - 0 Error(s), 0 Warning(s).
