<html>
<body>
<pre>
<h1>µVision Build Log</h1>
<h2>Project:</h2>
C:\Users\Rohith-\Documents\GitHub\445M\Lab6_test\Lab2.uvproj
Project File Date:  04/02/2013

<h2>Output:</h2>
Build target 'OLED'
assembling Startup.s...
compiling Output.c...
compiling rit128x96x4.c...
compiling OS_Critical.c...
compiling shell.c...
compiling UART.c...
assembling osasm.s...
compiling OS_Buttons.c...
compiling OS_DataStructures.c...
compiling OS_Threads.c...
OS_Threads.c(242): warning:  #177-D: variable "prev" was declared but never referenced
compiling OS_Time.c...
compiling OS.c...
compiling ADC.c...
compiling sqrt.c...
compiling edisk.c...
compiling eFile.c...
compiling Retarget.c...
compiling Lab2Main.c...
compiling MAC.c...
assembling cr4_fft_64_stm32.s...
assembling PID_stm32.s...
compiling OS_Ethernet.c...
linking...
Program Size: Code=26792 RO-data=1408 RW-data=800 ZI-data=28048  
"OLED.axf" - 0 Error(s), 1 Warning(s).
Load "C:\\Users\\Rohith-\\Documents\\GitHub\\445M\\Lab6_test\\OLED.AXF" 
Connecting: Mode=JTAG, Speed=1000000Hz
Erase Done.
Programming Done.
Verify OK.
Rebuild target 'OLED'
assembling Startup.s...
compiling Output.c...
compiling rit128x96x4.c...
compiling OS_Critical.c...
compiling shell.c...
compiling UART.c...
assembling osasm.s...
compiling OS_Buttons.c...
compiling OS_DataStructures.c...
compiling OS_Threads.c...
OS_Threads.c(242): warning:  #177-D: variable "prev" was declared but never referenced
compiling OS_Time.c...
compiling OS.c...
compiling ADC.c...
compiling sqrt.c...
compiling edisk.c...
compiling eFile.c...
compiling Retarget.c...
compiling Lab2Main.c...
compiling MAC.c...
assembling cr4_fft_64_stm32.s...
assembling PID_stm32.s...
compiling OS_Ethernet.c...
linking...
Program Size: Code=25612 RO-data=1408 RW-data=768 ZI-data=26248  
"OLED.axf" - 0 Error(s), 1 Warning(s).
Load "C:\\Users\\Rohith-\\Documents\\GitHub\\445M\\Lab6_test\\OLED.AXF" 
Connecting: Mode=JTAG, Speed=1000000Hz
Erase Done.
Programming Done.
Verify OK.
Rebuild target 'OLED'
assembling Startup.s...
compiling Output.c...
compiling rit128x96x4.c...
compiling OS_Critical.c...
compiling shell.c...
compiling UART.c...
assembling osasm.s...
compiling OS_Buttons.c...
compiling OS_DataStructures.c...
compiling OS_Threads.c...
OS_Threads.c(242): warning:  #177-D: variable "prev" was declared but never referenced
compiling OS_Time.c...
compiling OS.c...
compiling ADC.c...
compiling sqrt.c...
compiling edisk.c...
compiling eFile.c...
compiling Retarget.c...
compiling Lab2Main.c...
compiling MAC.c...
assembling cr4_fft_64_stm32.s...
assembling PID_stm32.s...
compiling OS_Ethernet.c...
linking...
Program Size: Code=22532 RO-data=1408 RW-data=736 ZI-data=26248  
"OLED.axf" - 0 Error(s), 1 Warning(s).
Load "C:\\Users\\Rohith-\\Documents\\GitHub\\445M\\Lab6_test\\OLED.AXF" 
Connecting: Mode=JTAG, Speed=1000000Hz
Erase Done.
Programming Done.
Verify OK.
Build target 'OLED'
compiling OS_Threads.c...
linking...
Program Size: Code=22552 RO-data=1408 RW-data=736 ZI-data=26248  
"OLED.axf" - 0 Error(s), 0 Warning(s).
Rebuild target 'OLED'
assembling Startup.s...
compiling Output.c...
compiling rit128x96x4.c...
compiling OS_Critical.c...
compiling shell.c...
compiling UART.c...
assembling osasm.s...
compiling OS_Buttons.c...
compiling OS_DataStructures.c...
compiling OS_Threads.c...
compiling OS_Time.c...
compiling OS.c...
compiling ADC.c...
compiling sqrt.c...
compiling edisk.c...
compiling eFile.c...
compiling Retarget.c...
compiling Lab2Main.c...
compiling MAC.c...
assembling cr4_fft_64_stm32.s...
assembling PID_stm32.s...
compiling OS_Ethernet.c...
linking...
Program Size: Code=22552 RO-data=1408 RW-data=736 ZI-data=26248  
"OLED.axf" - 0 Error(s), 0 Warning(s).
Load "C:\\Users\\Rohith-\\Documents\\GitHub\\445M\\Lab6_test\\OLED.AXF" 
Connecting: Mode=JTAG, Speed=1000000Hz
Erase Done.
Programming Done.
Verify OK.
Build target 'OLED'
compiling OS_Threads.c...
OS_Threads.c(242): warning:  #177-D: variable "prev" was declared but never referenced
linking...
Program Size: Code=22532 RO-data=1408 RW-data=736 ZI-data=26248  
"OLED.axf" - 0 Error(s), 1 Warning(s).
Build target 'OLED'
compiling OS_Threads.c...
linking...
Program Size: Code=22532 RO-data=1408 RW-data=736 ZI-data=26248  
"OLED.axf" - 0 Error(s), 0 Warning(s).
Rebuild target 'OLED'
assembling Startup.s...
compiling Output.c...
compiling rit128x96x4.c...
compiling OS_Critical.c...
compiling shell.c...
compiling UART.c...
assembling osasm.s...
compiling OS_Buttons.c...
compiling OS_DataStructures.c...
compiling OS_Threads.c...
compiling OS_Time.c...
compiling OS.c...
compiling ADC.c...
compiling sqrt.c...
compiling edisk.c...
compiling eFile.c...
compiling Retarget.c...
compiling Lab2Main.c...
compiling MAC.c...
assembling cr4_fft_64_stm32.s...
assembling PID_stm32.s...
compiling OS_Ethernet.c...
linking...
Program Size: Code=22532 RO-data=1408 RW-data=736 ZI-data=26248  
"OLED.axf" - 0 Error(s), 0 Warning(s).
