ARM Linker, 5.02 [Build 28] [MDK-ARM Lite]

==============================================================================

Section Cross References

    startup.o(RESET) refers to startup.o(STACK) for StackMem
    startup.o(RESET) refers to osasm.o(.text) for PendSV_Handler
    startup.o(RESET) refers to os_buttons.o(.text) for GPIOPortE_Handler
    startup.o(RESET) refers to adc.o(.text) for ADC1_Handler
    startup.o(RESET) refers to os_time.o(.text) for Timer2A_Handler
    startup.o(RESET) refers to entry.o(.ARM.Collect$$$$00000000) for __main
    output.o(.text) refers to rit128x96x4.o(.text) for RIT128x96x4StringDraw
    output.o(.text) refers to output.o(.bss) for CharBuffer
    output.o(.text) refers to output.o(.data) for Color
    rit128x96x4.o(.text) refers to ssi.o(i.SSIBusy) for SSIBusy
    rit128x96x4.o(.text) refers to gpio.o(i.GPIOPinWrite) for GPIOPinWrite
    rit128x96x4.o(.text) refers to ssi.o(i.SSIDataPut) for SSIDataPut
    rit128x96x4.o(.text) refers to ssi.o(i.SSIDisable) for SSIDisable
    rit128x96x4.o(.text) refers to sysctl.o(i.SysCtlClockGet) for SysCtlClockGet
    rit128x96x4.o(.text) refers to ssi.o(i.SSIConfigSetExpClk) for SSIConfigSetExpClk
    rit128x96x4.o(.text) refers to gpio.o(i.GPIOPinTypeSSI) for GPIOPinTypeSSI
    rit128x96x4.o(.text) refers to gpio.o(i.GPIOPadConfigSet) for GPIOPadConfigSet
    rit128x96x4.o(.text) refers to ssi.o(i.SSIEnable) for SSIEnable
    rit128x96x4.o(.text) refers to sysctl.o(i.SysCtlPeripheralEnable) for SysCtlPeripheralEnable
    rit128x96x4.o(.text) refers to gpio.o(i.GPIOPinTypeGPIOOutput) for GPIOPinTypeGPIOOutput
    rit128x96x4.o(.text) refers to os.o(.text) for OS_InitSemaphore
    rit128x96x4.o(.text) refers to memseta.o(.text) for __aeabi_memclr4
    rit128x96x4.o(.text) refers to osasm.o(.text) for OS_bWait
    rit128x96x4.o(.text) refers to strlen.o(.text) for strlen
    rit128x96x4.o(.text) refers to memmovea.o(.text) for __aeabi_memcpy
    rit128x96x4.o(.text) refers to rit128x96x4.o(.data) for _OLED_color
    rit128x96x4.o(.text) refers to rit128x96x4.o(.constdata) for pucCommand1
    rit128x96x4.o(.text) refers to rit128x96x4.o(.bss) for OLED_Semaphore
    rit128x96x4.o(.text) refers to strcpy.o(.text) for strcpy
    rit128x96x4.o(.text) refers to malloc.o(i.malloc) for malloc
    rit128x96x4.o(.text) refers to printfa.o(i.__0sprintf) for __2sprintf
    rit128x96x4.o(.text) refers to malloc.o(i.free) for free
    rit128x96x4.o(.text) refers to ssi.o(i.SSIDataGetNonBlocking) for SSIDataGetNonBlocking
    shell.o(.data) refers to os_time.o(.data) for OS_MsTime
    shell.o(.data) refers to shell.o(.data) for p
    shell.o(.text) refers to strcmp.o(.text) for strcmp
    shell.o(.text) refers to strcpy.o(.text) for strcpy
    shell.o(.text) refers to uart.o(.text) for UART_Init
    shell.o(.text) refers to printfa.o(i.__0printf) for __2printf
    shell.o(.text) refers to efile.o(.text) for eFile_EndRedirectToFile
    shell.o(.text) refers to printfa.o(i.__0fprintf) for __2fprintf
    shell.o(.text) refers to memseta.o(.text) for __aeabi_memclr4
    shell.o(.text) refers to memmovea.o(.text) for __aeabi_memmove
    shell.o(.text) refers to shell.o(.bss) for _SH_Env
    shell.o(.text) refers to shell.o(.data) for _SH_Redirected
    shell.o(.text) refers to stderr.o(.data) for __stderr
    shell.o(.text) refers to strlen.o(.text) for strlen
    shell.o(.text) refers to os_threads.o(.text) for OS_Suspend
    shell.o(.text) refers to printfa.o(i.__0sprintf) for __2sprintf
    shell.o(.text) refers to os_time.o(.text) for OS_ClearMsTime
    shell.o(.text) refers to os.o(.bss) for _eventLog
    shell.o(.text) refers to os.o(.data) for _eventIndex
    shell.o(.text) refers to startup.o(RESET) for Reset_Handler
    shell.o(.text) refers to atoi.o(.text) for atoi
    shell.o(.text) refers to edisk.o(.text) for eDisk_ReadBlock
    shell.o(.text) refers to shell.o(.data) for _SH_Time
    shell.o(.data) refers to shell.o(.data) for _SH_Time
    shell.o(.data) refers to shell.o(.text) for _SH_ClearTime
    shell.o(.data) refers to efile.o(.text) for eFile_Close
    shell.o(.data) refers to printfa.o(i.__0printf) for printf
    uart.o(.text) refers to printfa.o(i.__0printf) for __2printf
    uart.o(.text) refers to shell.o(.text) for _SH_getVar
    osasm.o(.text) refers to os.o(.text) for OS_BlockThread
    osasm.o(.text) refers to os_threads.o(.text) for OS_FindNextThread
    osasm.o(.text) refers to os.o(.data) for _RunPt
    os_buttons.o(.text) refers to os_threads.o(.text) for OS_Sleep
    os_buttons.o(.text) refers to os.o(.text) for OS_Delay
    os_buttons.o(.text) refers to os_buttons.o(.data) for haveInit
    os_datastructures.o(.text) refers to os.o(.text) for OS_InitSemaphore
    os_datastructures.o(.text) refers to osasm.o(.text) for OS_Signal
    os_datastructures.o(.text) refers to os_time.o(.text) for OS_Time
    os_datastructures.o(.text) refers to os.o(.bss) for _OS_Fifo
[...]
    Removing interrupt.o(i.IntPriorityGroupingSet), (28 bytes).
    Removing interrupt.o(i.IntPrioritySet), (40 bytes).
    Removing interrupt.o(i.IntRegister), (56 bytes).
    Removing interrupt.o(i.IntUnregister), (20 bytes).
    Removing interrupt.o(.constdata), (104 bytes).
    Removing interrupt.o(vtable), (284 bytes).

98 unused section(s) (total 4208 bytes) removed from the image.

==============================================================================

Image Symbol Table

    Local Symbols

    Symbol Name                              Value     Ov Type        Size  Object(Section)

    RESET                                    0x00000000   Section      280  startup.o(RESET)
    ../clib/../cmprslib/zerorunl2.c          0x00000000   Number         0  __dczerorl2.o ABSOLUTE
    ../clib/microlib/ctype/ctype.c           0x00000000   Number         0  ispunct_o.o ABSOLUTE
    ../clib/microlib/ctype/ctype.c           0x00000000   Number         0  islower_o.o ABSOLUTE
    ../clib/microlib/ctype/ctype.c           0x00000000   Number         0  isgraph_o.o ABSOLUTE
    ../clib/microlib/ctype/ctype.c           0x00000000   Number         0  isdigit_o.o ABSOLUTE
    ../clib/microlib/ctype/ctype.c           0x00000000   Number         0  iscntrl_o.o ABSOLUTE
    ../clib/microlib/ctype/ctype.c           0x00000000   Number         0  isblank_o.o ABSOLUTE
    ../clib/microlib/ctype/ctype.c           0x00000000   Number         0  isalpha_o.o ABSOLUTE
    ../clib/microlib/ctype/ctype.c           0x00000000   Number         0  isxdigit_o.o ABSOLUTE
    ../clib/microlib/ctype/ctype.c           0x00000000   Number         0  isupper_o.o ABSOLUTE
    ../clib/microlib/ctype/ctype.c           0x00000000   Number         0  isalnum_o.o ABSOLUTE
    ../clib/microlib/ctype/ctype.c           0x00000000   Number         0  isprint_o.o ABSOLUTE
    ../clib/microlib/ctype/ctype.c           0x00000000   Number         0  ctype_o.o ABSOLUTE
    ../clib/microlib/ctype/ctype.c           0x00000000   Number         0  isspace_o.o ABSOLUTE
    ../clib/microlib/ctype/tolower.c         0x00000000   Number         0  tolower.o ABSOLUTE
    ../clib/microlib/ctype/toupper.c         0x00000000   Number         0  toupper.o ABSOLUTE
    ../clib/microlib/division.c              0x00000000   Number         0  uldiv.o ABSOLUTE
    ../clib/microlib/division.c              0x00000000   Number         0  uidiv.o ABSOLUTE
    ../clib/microlib/errno.c                 0x00000000   Number         0  errno.o ABSOLUTE
    ../clib/microlib/init/entry.s            0x00000000   Number         0  entry5.o ABSOLUTE
    ../clib/microlib/init/entry.s            0x00000000   Number         0  entry8.o ABSOLUTE
    ../clib/microlib/init/entry.s            0x00000000   Number         0  entry7a.o ABSOLUTE
    ../clib/microlib/init/entry.s            0x00000000   Number         0  entry7b.o ABSOLUTE
    ../clib/microlib/init/entry.s            0x00000000   Number         0  entry.o ABSOLUTE
    ../clib/microlib/init/entry.s            0x00000000   Number         0  entry2.o ABSOLUTE
    ../clib/microlib/longlong.c              0x00000000   Number         0  llushr.o ABSOLUTE
    ../clib/microlib/longlong.c              0x00000000   Number         0  llshl.o ABSOLUTE
    ../clib/microlib/longlong.c              0x00000000   Number         0  llsshr.o ABSOLUTE
    ../clib/microlib/malloc/malloc.c         0x00000000   Number         0  malloc.o ABSOLUTE
    ../clib/microlib/malloc/malloc.c         0x00000000   Number         0  malloca.o ABSOLUTE
    ../clib/microlib/malloc/malloc.c         0x00000000   Number         0  mallocr.o ABSOLUTE
    ../clib/microlib/malloc/malloc.c         0x00000000   Number         0  mallocra.o ABSOLUTE
    ../clib/microlib/malloc/mvars.c          0x00000000   Number         0  mvars.o ABSOLUTE
    ../clib/microlib/printf/printf.c         0x00000000   Number         0  printf0.o ABSOLUTE
    ../clib/microlib/printf/printf.c         0x00000000   Number         0  printfb.o ABSOLUTE
    ../clib/microlib/printf/printf.c         0x00000000   Number         0  printf5.o ABSOLUTE
    ../clib/microlib/printf/printf.c         0x00000000   Number         0  printf4.o ABSOLUTE
    ../clib/microlib/printf/printf.c         0x00000000   Number         0  printfa.o ABSOLUTE
    ../clib/microlib/printf/printf.c         0x00000000   Number         0  printf7.o ABSOLUTE
    ../clib/microlib/printf/printf.c         0x00000000   Number         0  printf8.o ABSOLUTE
    ../clib/microlib/printf/printf.c         0x00000000   Number         0  printf6.o ABSOLUTE
    ../clib/microlib/printf/printf.c         0x00000000   Number         0  printf3.o ABSOLUTE
    ../clib/microlib/printf/printf.c         0x00000000   Number         0  printf2.o ABSOLUTE
    ../clib/microlib/printf/printf.c         0x00000000   Number         0  printf1.o ABSOLUTE
    ../clib/microlib/printf/stubs.s          0x00000000   Number         0  stubs.o ABSOLUTE
    ../clib/microlib/stdio/streams.c         0x00000000   Number         0  stderr.o ABSOLUTE
    ../clib/microlib/string/memcpy.c         0x00000000   Number         0  memmoveb.o ABSOLUTE
    ../clib/microlib/string/memcpy.c         0x00000000   Number         0  memcpyb.o ABSOLUTE
    ../clib/microlib/string/memcpy.c         0x00000000   Number         0  memcpya.o ABSOLUTE
    ../clib/microlib/string/memcpy.c         0x00000000   Number         0  memmovea.o ABSOLUTE
    ../clib/microlib/string/memset.c         0x00000000   Number         0  memseta.o ABSOLUTE
    ../clib/microlib/string/strcmp.c         0x00000000   Number         0  strcmp.o ABSOLUTE
    ../clib/microlib/string/strcpy.c         0x00000000   Number         0  strcpy.o ABSOLUTE
    ../clib/microlib/string/strlen.c         0x00000000   Number         0  strlen.o ABSOLUTE
    ../clib/microlib/stubs.s                 0x00000000   Number         0  iusefp.o ABSOLUTE
    ../clib/microlib/stubs.s                 0x00000000   Number         0  useno.o ABSOLUTE
    ../clib/scanf.c                          0x00000000   Number         0  strtol.o ABSOLUTE
    ../clib/scanf.c                          0x00000000   Number         0  atoi.o ABSOLUTE
    ../clib/scanf.c                          0x00000000   Number         0  _strtoul.o ABSOLUTE
    ../clib/scanf.c                          0x00000000   Number         0  _chval.o ABSOLUTE
    ../fplib/microlib/fpadd.c                0x00000000   Number         0  dadd.o ABSOLUTE
    ../fplib/microlib/fpdiv.c                0x00000000   Number         0  ddiv.o ABSOLUTE
    ../fplib/microlib/fpepilogue.c           0x00000000   Number         0  depilogue.o ABSOLUTE
    ../fplib/microlib/fpfix.c                0x00000000   Number         0  dfixul.o ABSOLUTE
    ../fplib/microlib/fpmul.c                0x00000000   Number         0  dmul.o ABSOLUTE
    ADC.c                                    0x00000000   Number         0  adc.o ABSOLUTE
    Lab2Main.c                               0x00000000   Number         0  lab2main.o ABSOLUTE
    MAC.c                                    0x00000000   Number         0  mac.o ABSOLUTE
    OS.c                                     0x00000000   Number         0  os.o ABSOLUTE
    OS_Buttons.c                             0x00000000   Number         0  os_buttons.o ABSOLUTE
    OS_Critical.c                            0x00000000   Number         0  os_critical.o ABSOLUTE
    OS_Critical.c                            0x00000000   Number         0  os_critical.o ABSOLUTE
    OS_DataStructures.c                      0x00000000   Number         0  os_datastructures.o ABSOLUTE
    OS_Ethernet.c                            0x00000000   Number         0  os_ethernet.o ABSOLUTE
    OS_Threads.c                             0x00000000   Number         0  os_threads.o ABSOLUTE
    OS_Time.c                                0x00000000   Number         0  os_time.o ABSOLUTE
    Output.c                                 0x00000000   Number         0  output.o ABSOLUTE
    PID_stm32.s                              0x00000000   Number         0  pid_stm32.o ABSOLUTE
    Retarget.c                               0x00000000   Number         0  retarget.o ABSOLUTE
    Startup.s                                0x00000000   Number         0  startup.o ABSOLUTE
    UART.c                                   0x00000000   Number         0  uart.o ABSOLUTE
    cdrcmple.s                               0x00000000   Number         0  cdrcmple.o ABSOLUTE
    cpu.c                                    0x00000000   Number         0  cpu.o ABSOLUTE
    cpu.c                                    0x00000000   Number         0  cpu.o ABSOLUTE
    cr4_fft_64_stm32.s                       0x00000000   Number         0  cr4_fft_64_stm32.o ABSOLUTE
    dc.s                                     0x00000000   Number         0  dc.o ABSOLUTE
    eFile.c                                  0x00000000   Number         0  efile.o ABSOLUTE
    edisk.c                                  0x00000000   Number         0  edisk.o ABSOLUTE
    gpio.c                                   0x00000000   Number         0  gpio.o ABSOLUTE
    handlers.s                               0x00000000   Number         0  handlers.o ABSOLUTE
    init.s                                   0x00000000   Number         0  init.o ABSOLUTE
    interrupt.c                              0x00000000   Number         0  interrupt.o ABSOLUTE
    osasm.s                                  0x00000000   Number         0  osasm.o ABSOLUTE
    rit128x96x4.c                            0x00000000   Number         0  rit128x96x4.o ABSOLUTE
    shell.c                                  0x00000000   Number         0  shell.o ABSOLUTE
    sqrt.c                                   0x00000000   Number         0  sqrt.o ABSOLUTE
    ssi.c                                    0x00000000   Number         0  ssi.o ABSOLUTE
    sysctl.c                                 0x00000000   Number         0  sysctl.o ABSOLUTE
    sysctl.c                                 0x00000000   Number         0  sysctl.o ABSOLUTE
    .ARM.Collect$$$$00000000                 0x00000118   Section        0  entry.o(.ARM.Collect$$$$00000000)
    .ARM.Collect$$$$00000001                 0x00000118   Section        4  entry2.o(.ARM.Collect$$$$00000001)
    .ARM.Collect$$$$00000004                 0x0000011c   Section        4  entry5.o(.ARM.Collect$$$$00000004)
    .ARM.Collect$$$$00000008                 0x00000120   Section        0  entry7b.o(.ARM.Collect$$$$00000008)
    .ARM.Collect$$$$00000009                 0x00000120   Section        8  entry8.o(.ARM.Collect$$$$00000009)
    .ARM.Collect$$$$00002712                 0x00000128   Section        4  entry2.o(.ARM.Collect$$$$00002712)
    __lit__00000000                          0x00000128   Data           4  entry2.o(.ARM.Collect$$$$00002712)
    .data                                    0x0000012c   Section        0  shell.o(.data)
    _SH_Time                                 0x0000012d   Thumb Code    22  shell.o(.data)
    .data                                    0x0000014c   Section        0  os_time.o(.data)
    .emb_text                                0x00000158   Section       14  os_critical.o(.emb_text)
    .emb_text                                0x00000168   Section        6  sysctl.o(.emb_text)
    .text                                    0x00000170   Section       28  startup.o(.text)
    .text                                    0x0000018c   Section        0  rit128x96x4.o(.text)
    RITWriteCommand                          0x00000193   Thumb Code   126  rit128x96x4.o(.text)
    RITWriteData                             0x00000211   Thumb Code   126  rit128x96x4.o(.text)
    _OLED_Find                               0x000004df   Thumb Code    20  rit128x96x4.o(.text)
    .text                                    0x00000b98   Section        0  shell.o(.text)
    _SH_findVar                              0x00000b99   Thumb Code   102  shell.o(.text)
    _SH_setVar                               0x00000c1f   Thumb Code    48  shell.o(.text)
    _SH_EndRedirect                          0x00000c85   Thumb Code    20  shell.o(.text)
    _SH_Execute                              0x00000c99   Thumb Code    60  shell.o(.text)
    _SH_BeginRedirect                        0x00000cd5   Thumb Code   180  shell.o(.text)
    _SH_Parse_Command                        0x00000d89   Thumb Code   140  shell.o(.text)
    _SH_InCommand                            0x00000ecf   Thumb Code   972  shell.o(.text)
    _SH_Log                                  0x000012f9   Thumb Code    58  shell.o(.text)
    _SH_ClearLog                             0x00001333   Thumb Code    22  shell.o(.text)
    _SH_ClearTime                            0x00001349   Thumb Code    10  shell.o(.text)
    _SH_Format                               0x00001353   Thumb Code    26  shell.o(.text)
    _SH_Write                                0x0000136d   Thumb Code   134  shell.o(.text)
    _SH_Read                                 0x000013f3   Thumb Code    84  shell.o(.text)
    _SH_Rm                                   0x00001447   Thumb Code   466  shell.o(.text)
    _SH_Create                               0x00001619   Thumb Code   100  shell.o(.text)
    _SH_MakeDirectory                        0x0000167d   Thumb Code    34  shell.o(.text)
    _SH_DirectoryList                        0x0000169f   Thumb Code    12  shell.o(.text)
    _SH_Clear                                0x000016ab   Thumb Code    14  shell.o(.text)
    _SH_Set                                  0x000016b9   Thumb Code    40  shell.o(.text)
    _SH_Unset                                0x000016e1   Thumb Code    32  shell.o(.text)
    _SH_Echo                                 0x00001701   Thumb Code    64  shell.o(.text)
    _SH_BinFile                              0x00001741   Thumb Code    94  shell.o(.text)
    _SH_LoadBin                              0x0000179f   Thumb Code   124  shell.o(.text)
    _SH_HexDump                              0x0000181b   Thumb Code   158  shell.o(.text)
    _SH_Reset                                0x000018b9   Thumb Code    10  shell.o(.text)
    _SH_SectorDump                           0x000018c3   Thumb Code    96  shell.o(.text)
    _SH_DiskInfo                             0x00001923   Thumb Code    10  shell.o(.text)
    _SH_ChangeDirectory                      0x0000192d   Thumb Code    52  shell.o(.text)
    .text                                    0x00001ad4   Section        0  uart.o(.text)
    .text                                    0x00001d24   Section      220  osasm.o(.text)
    .text                                    0x00001e00   Section        0  os_buttons.o(.text)
    DebouncePortFTask                        0x00001f71   Thumb Code    46  os_buttons.o(.text)
    DebouncePortETask                        0x00001fcb   Thumb Code    46  os_buttons.o(.text)
    .text                                    0x0000207c   Section        0  os_datastructures.o(.text)
    .text                                    0x00002214   Section        0  os_threads.o(.text)
    _OS_SetInitialStack                      0x00002215   Thumb Code   128  os_threads.o(.text)
    .text                                    0x000025a0   Section        0  os_time.o(.text)
    _OS_Inc_Time                             0x000025a1   Thumb Code    12  os_time.o(.text)
    _OS_Update_Root                          0x000025ad   Thumb Code    40  os_time.o(.text)
    .text                                    0x000029a8   Section        0  os.o(.text)
    _OS_Default_Thread                       0x00002a23   Thumb Code     8  os.o(.text)
    .text                                    0x00002b2c   Section        0  adc.o(.text)
    _ADC_SetTimer0APeriod                    0x00002b2d   Thumb Code     8  adc.o(.text)
    .text                                    0x00002d6c   Section        0  edisk.o(.text)
    SELECT                                   0x00002d6d   Thumb Code    14  edisk.o(.text)
    DESELECT                                 0x00002d7b   Thumb Code    14  edisk.o(.text)
    xmit_spi                                 0x00002d89   Thumb Code    22  edisk.o(.text)
    rcvr_spi                                 0x00002d9f   Thumb Code    24  edisk.o(.text)
    rcvr_spi_m                               0x00002db7   Thumb Code    12  edisk.o(.text)
    wait_ready                               0x00002dc3   Thumb Code    36  edisk.o(.text)
    send_initial_clock_train                 0x00002de7   Thumb Code    66  edisk.o(.text)
    power_on                                 0x00002e29   Thumb Code   114  edisk.o(.text)
    set_max_speed                            0x00002e9b   Thumb Code    54  edisk.o(.text)
    power_off                                0x00002ed1   Thumb Code     8  edisk.o(.text)
    chk_power                                0x00002ed9   Thumb Code     6  edisk.o(.text)
    rcvr_datablock                           0x00002edf   Thumb Code    76  edisk.o(.text)
    xmit_datablock                           0x00002f2b   Thumb Code    94  edisk.o(.text)
    send_cmd                                 0x00002f89   Thumb Code   112  edisk.o(.text)
    .text                                    0x000034e8   Section        0  efile.o(.text)
    _eFile_ClearBlockBuff                    0x000035bd   Thumb Code    14  efile.o(.text)
    _eFile_FreeCluster                       0x000036cb   Thumb Code   122  efile.o(.text)
    _eFile_FATName                           0x00003745   Thumb Code   118  efile.o(.text)
    _eFile_Find                              0x000037bb   Thumb Code   168  efile.o(.text)
    .text                                    0x000043f4   Section        0  retarget.o(.text)
    .text                                    0x00004460   Section        0  lab2main.o(.text)
    .text                                    0x00004b9c   Section        0  mac.o(.text)
    MACPacketGet                             0x00004cc1   Thumb Code   182  mac.o(.text)
    .text                                    0x00004ef8   Section      718  cr4_fft_64_stm32.o(.text)
    .text                                    0x000051c8   Section       72  pid_stm32.o(.text)
    .text                                    0x00005210   Section        0  os_ethernet.o(.text)
    .text                                    0x0000534c   Section        0  toupper.o(.text)
    .text                                    0x00005358   Section        0  tolower.o(.text)
    .text                                    0x00005364   Section        0  memmovea.o(.text)
    .text                                    0x000053a4   Section        0  memseta.o(.text)
    .text                                    0x000053c8   Section        0  strlen.o(.text)
    .text                                    0x000053d8   Section        0  strcmp.o(.text)
    .text                                    0x000053f4   Section        0  strcpy.o(.text)
    .text                                    0x00005406   Section        0  atoi.o(.text)
    .text                                    0x00005420   Section        0  uidiv.o(.text)
    .text                                    0x0000544c   Section        0  uldiv.o(.text)
    .text                                    0x000054ae   Section        0  strtol.o(.text)
    .text                                    0x0000551e   Section        0  iusefp.o(.text)
    .text                                    0x0000551e   Section        0  dadd.o(.text)
    .text                                    0x0000566c   Section        0  dmul.o(.text)
    .text                                    0x00005750   Section        0  ddiv.o(.text)
    .text                                    0x0000582e   Section        0  dfixul.o(.text)
    .text                                    0x00005860   Section       40  cdrcmple.o(.text)
    .text                                    0x00005888   Section       36  init.o(.text)
    .text                                    0x000058ac   Section        0  llshl.o(.text)
    .text                                    0x000058ca   Section        0  llushr.o(.text)
    .text                                    0x000058ea   Section        0  llsshr.o(.text)
    .text                                    0x00005910   Section        0  ctype_o.o(.text)
    .text                                    0x00005918   Section        0  _strtoul.o(.text)
    .text                                    0x000059b6   Section        0  depilogue.o(.text)
    .text                                    0x00005a74   Section        0  _chval.o(.text)
    .text                                    0x00005a90   Section        0  __dczerorl2.o(.text)
    i.GPIODirModeSet                         0x00005aec   Section        0  gpio.o(i.GPIODirModeSet)
    i.GPIOPadConfigSet                       0x00005b14   Section        0  gpio.o(i.GPIOPadConfigSet)
    i.GPIOPinTypeGPIOOutput                  0x00005bc4   Section        0  gpio.o(i.GPIOPinTypeGPIOOutput)
    i.GPIOPinTypeSSI                         0x00005be0   Section        0  gpio.o(i.GPIOPinTypeSSI)
    i.GPIOPinWrite                           0x00005bfc   Section        0  gpio.o(i.GPIOPinWrite)
    i.SSIBusy                                0x00005c02   Section        0  ssi.o(i.SSIBusy)
    i.SSIConfigSetExpClk                     0x00005c0a   Section        0  ssi.o(i.SSIConfigSetExpClk)
    i.SSIDataGet                             0x00005c56   Section        0  ssi.o(i.SSIDataGet)
    i.SSIDataGetNonBlocking                  0x00005c64   Section        0  ssi.o(i.SSIDataGetNonBlocking)
    i.SSIDataPut                             0x00005c76   Section        0  ssi.o(i.SSIDataPut)
    i.SSIDisable                             0x00005c82   Section        0  ssi.o(i.SSIDisable)
    i.SSIEnable                              0x00005c8c   Section        0  ssi.o(i.SSIEnable)
    i.SysCtlClockGet                         0x00005c98   Section        0  sysctl.o(i.SysCtlClockGet)
    i.SysCtlClockSet                         0x00005e7c   Section        0  sysctl.o(i.SysCtlClockSet)
    i.SysCtlPeripheralEnable                 0x00005fb4   Section        0  sysctl.o(i.SysCtlPeripheralEnable)
    i.__0fprintf                             0x00005fd4   Section        0  printfa.o(i.__0fprintf)
    i.__0printf                              0x00005ff0   Section        0  printfa.o(i.__0printf)
    i.__0sprintf                             0x00006010   Section        0  printfa.o(i.__0sprintf)
    i.__aeabi_errno_addr                     0x00006038   Section        0  errno.o(i.__aeabi_errno_addr)
    i.__scatterload_copy                     0x00006040   Section       14  handlers.o(i.__scatterload_copy)
    i.__scatterload_null                     0x0000604e   Section        2  handlers.o(i.__scatterload_null)
    i.__scatterload_zeroinit                 0x00006050   Section       14  handlers.o(i.__scatterload_zeroinit)
    i._fp_digits                             0x00006060   Section        0  printfa.o(i._fp_digits)
    _fp_digits                               0x00006061   Thumb Code   326  printfa.o(i._fp_digits)
    i._printf_core                           0x000061bc   Section        0  printfa.o(i._printf_core)
    _printf_core                             0x000061bd   Thumb Code  1762  printfa.o(i._printf_core)
    i._printf_post_padding                   0x000068ac   Section        0  printfa.o(i._printf_post_padding)
    _printf_post_padding                     0x000068ad   Thumb Code    38  printfa.o(i._printf_post_padding)
    i._printf_pre_padding                    0x000068d2   Section        0  printfa.o(i._printf_pre_padding)
    _printf_pre_padding                      0x000068d3   Thumb Code    48  printfa.o(i._printf_pre_padding)
    i._sputc                                 0x00006902   Section        0  printfa.o(i._sputc)
    _sputc                                   0x00006903   Thumb Code    10  printfa.o(i._sputc)
    i.free                                   0x0000690c   Section        0  malloc.o(i.free)
    i.malloc                                 0x0000695c   Section        0  malloc.o(i.malloc)
    .constdata                               0x000069c8   Section     1083  rit128x96x4.o(.constdata)
    g_pucRIT128x96x4VerticalInc              0x000069c8   Data           2  rit128x96x4.o(.constdata)
    g_pucRIT128x96x4HorizontalInc            0x000069ca   Data           2  rit128x96x4.o(.constdata)
    g_pucFont                                0x000069cc   Data         480  rit128x96x4.o(.constdata)
    g_pucRIT128x96x4Init                     0x00006bac   Data          79  rit128x96x4.o(.constdata)
    pucCommand1                              0x00006dfb   Data           3  rit128x96x4.o(.constdata)
    pucCommand2                              0x00006dfe   Data           3  rit128x96x4.o(.constdata)
    pucCommand1                              0x00006e01   Data           2  rit128x96x4.o(.constdata)
    .constdata                               0x00006e04   Section      156  sysctl.o(.constdata)
    g_pulDCRegs                              0x00006e04   Data          16  sysctl.o(.constdata)
    g_pulSRCRRegs                            0x00006e14   Data          12  sysctl.o(.constdata)
    g_pulRCGCRegs                            0x00006e20   Data          12  sysctl.o(.constdata)
    g_pulSCGCRegs                            0x00006e2c   Data          12  sysctl.o(.constdata)
    g_pulDCGCRegs                            0x00006e38   Data          12  sysctl.o(.constdata)
    g_pulXtals                               0x00006e44   Data          92  sysctl.o(.constdata)
    .constdata                               0x00006ea0   Section      129  ctype_o.o(.constdata)
    .constdata                               0x00006f24   Section        4  ctype_o.o(.constdata)
    table                                    0x00006f24   Data           4  ctype_o.o(.constdata)
    .data                                    0x20000000   Section       64  rit128x96x4.o(.data)
    _OLED_color                              0x20000000   Data           1  rit128x96x4.o(.data)
    line                                     0x20000004   Data           8  rit128x96x4.o(.data)
    OLED_ENUM                                0x2000001c   Data           1  rit128x96x4.o(.data)
    g_ulSSIFlags                             0x20000020   Data           4  rit128x96x4.o(.data)
    g_pucBuffer                              0x20000024   Data           8  rit128x96x4.o(.data)
    Ymax                                     0x2000002c   Data           4  rit128x96x4.o(.data)
    Ymin                                     0x20000030   Data           4  rit128x96x4.o(.data)
    X                                        0x20000034   Data           4  rit128x96x4.o(.data)
    .data                                    0x20000040   Section      428  shell.o(.data)
    _SH_CommandList                          0x20000040   Data         416  shell.o(.data)
    _SH_Redirected                           0x200001e0   Data           4  shell.o(.data)
    index                                    0x200001e4   Data           4  shell.o(.data)
    p                                        0x200001e8   Data           4  shell.o(.data)
    .data                                    0x200001ec   Section       16  os_buttons.o(.data)
    _OS_SelTask                              0x200001ec   Data           4  os_buttons.o(.data)
    _OS_DownTask                             0x200001f0   Data           4  os_buttons.o(.data)
    haveInit                                 0x200001f4   Data           4  os_buttons.o(.data)
    haveInit                                 0x200001f8   Data           4  os_buttons.o(.data)
    .data                                    0x200001fc   Section        8  os_datastructures.o(.data)
    .data                                    0x20000204   Section        4  os_threads.o(.data)
    num                                      0x20000204   Data           4  os_threads.o(.data)
    .data                                    0x20000208   Section       44  os_time.o(.data)
    MinJitter                                0x20000208   Data          16  os_time.o(.data)
    _OS_int_time                             0x20000224   Data           4  os_time.o(.data)
    _OS_cur_time                             0x20000228   Data           4  os_time.o(.data)
    _OS_Num_Tasks                            0x2000022c   Data           4  os_time.o(.data)
    firstTime                                0x20000230   Data           4  os_time.o(.data)
    .data                                    0x20000234   Section       32  os.o(.data)
    OLED_ENUM                                0x20000240   Data           1  os.o(.data)
    .data                                    0x20000254   Section       10  adc.o(.data)
    OLED_ENUM                                0x20000254   Data           1  adc.o(.data)
    .data                                    0x2000025e   Section        5  edisk.o(.data)
    Stat                                     0x2000025e   Data           1  edisk.o(.data)
    PowerFlag                                0x2000025f   Data           1  edisk.o(.data)
    Timer1                                   0x20000260   Data           1  edisk.o(.data)
    Timer2                                   0x20000261   Data           1  edisk.o(.data)
    CardType                                 0x20000262   Data           1  edisk.o(.data)
    .data                                    0x20000264   Section       72  efile.o(.data)
    FAT_OFFSET                               0x2000026a   Data           2  efile.o(.data)
    SECT_PER_CLUSTER                         0x2000026c   Data           1  efile.o(.data)
    NUM_FATS                                 0x2000026d   Data           1  efile.o(.data)
    FAT_SIZE                                 0x20000270   Data           4  efile.o(.data)
    ROOT_OFFSET                              0x20000274   Data           4  efile.o(.data)
    _dir                                     0x20000278   Data           4  efile.o(.data)
    _cluster                                 0x2000027c   Data           4  efile.o(.data)
    .data                                    0x200002ac   Section        9  retarget.o(.data)
    StreamToFile                             0x200002b4   Data           1  retarget.o(.data)
    .data                                    0x200002b8   Section       68  lab2main.o(.data)
    n                                        0x200002c0   Data           4  lab2main.o(.data)
    LastTime                                 0x200002c4   Data           4  lab2main.o(.data)
    OLED_ENUM                                0x200002c8   Data           1  lab2main.o(.data)
    voltage                                  0x200002ec   Data           4  lab2main.o(.data)
    .data                                    0x200002fc   Section       30  os_ethernet.o(.data)
    .data                                    0x2000031c   Section        4  stderr.o(.data)
    .data                                    0x20000320   Section        4  mvars.o(.data)
    .data                                    0x20000324   Section        4  mvars.o(.data)
    .data                                    0x20000328   Section        4  errno.o(.data)
    _errno                                   0x20000328   Data           4  errno.o(.data)
    .bss                                     0x2000032c   Section     4824  rit128x96x4.o(.bss)
    char_buff                                0x2000032c   Data         264  rit128x96x4.o(.bss)
    .bss                                     0x20001604   Section     6280  shell.o(.bss)
    input                                    0x20001604   Data         128  shell.o(.bss)
    _SH_History                              0x20001684   Data        2048  shell.o(.bss)
    _SH_Buffer                               0x20001e84   Data         512  shell.o(.bss)
    _SH_cmd                                  0x20002084   Data          66  shell.o(.bss)
    _SH_Env                                  0x200020c6   Data        2304  shell.o(.bss)
    fBuff                                    0x200029c6   Data          13  shell.o(.bss)
    .bss                                     0x20002e8c   Section     1056  os_time.o(.bss)
    MaxJitter                                0x20002e8c   Data          16  os_time.o(.bss)
    LastTime                                 0x20002e9c   Data          16  os_time.o(.bss)
    JitterHistogram                          0x20002eac   Data        1024  os_time.o(.bss)
    .bss                                     0x200032ac   Section    10528  os.o(.bss)
    .bss                                     0x20005bcc   Section       32  adc.o(.bss)
    _ADC_tasks                               0x20005bdc   Data          16  adc.o(.bss)
    .bss                                     0x20005bec   Section     1632  efile.o(.bss)
    _blockBuff                               0x20005bec   Data         512  efile.o(.bss)
    .bss                                     0x2000624c   Section      872  lab2main.o(.bss)
    x                                        0x2000634c   Data          12  lab2main.o(.bss)
    y                                        0x20006358   Data          12  lab2main.o(.bss)
    .bss                                     0x200065b4   Section     1600  mac.o(.bss)
    .bss                                     0x20006bf4   Section      200  os_ethernet.o(.bss)
    HEAP                                     0x20006cc0   Section        0  startup.o(HEAP)
    STACK                                    0x20006cc0   Section     1024  startup.o(STACK)
    StackMem                                 0x20006cc0   Data           0  startup.o(STACK)

    Global Symbols

    Symbol Name                              Value     Ov Type        Size  Object(Section)

    BuildAttributes$$THM_ISAv4$P$D$K$B$S$PE$A:L22UL41UL21$X:L11$S22US41US21$IEEE1$IW$USESV6$~STKCKD$USESV7$~SHL$OTIME$ROPI$EBA8$MICROLIB$REQ8$PRES8$EABIv2 0x00000000   Number         0  anon$$obj.o ABSOLUTE
    __ARM_use_no_argv                        0x00000000   Number         0  lab2main.o ABSOLUTE
    __Vectors                                0x00000000   Data           0  startup.o(RESET)
    __use_no_errno                           0x00000000   Number         0  useno.o ABSOLUTE
    __use_no_exception_handling              0x00000000   Number         0  useno.o ABSOLUTE
    __use_no_fp                              0x00000000   Number         0  useno.o ABSOLUTE
    __use_no_heap                            0x00000000   Number         0  useno.o ABSOLUTE
    __use_no_heap_region                     0x00000000   Number         0  useno.o ABSOLUTE
    __use_no_semihosting                     0x00000000   Number         0  useno.o ABSOLUTE
    __use_no_semihosting_swi                 0x00000000   Number         0  useno.o ABSOLUTE
    __use_no_signal_handling                 0x00000000   Number         0  useno.o ABSOLUTE
    _printf_a                                0x00000000   Number         0  stubs.o ABSOLUTE
    _printf_c                                0x00000000   Number         0  stubs.o ABSOLUTE
    _printf_charcount                        0x00000000   Number         0  stubs.o ABSOLUTE
    _printf_d                                0x00000000   Number         0  stubs.o ABSOLUTE
    _printf_e                                0x00000000   Number         0  stubs.o ABSOLUTE
    _printf_f                                0x00000000   Number         0  stubs.o ABSOLUTE
    _printf_flags                            0x00000000   Number         0  stubs.o ABSOLUTE
    _printf_fp_dec                           0x00000000   Number         0  stubs.o ABSOLUTE
    _printf_fp_hex                           0x00000000   Number         0  stubs.o ABSOLUTE
    _printf_g                                0x00000000   Number         0  stubs.o ABSOLUTE
    _printf_i                                0x00000000   Number         0  stubs.o ABSOLUTE
    _printf_int_dec                          0x00000000   Number         0  stubs.o ABSOLUTE
    _printf_l                                0x00000000   Number         0  stubs.o ABSOLUTE
    _printf_lc                               0x00000000   Number         0  stubs.o ABSOLUTE
    _printf_ll                               0x00000000   Number         0  stubs.o ABSOLUTE
    _printf_lld                              0x00000000   Number         0  stubs.o ABSOLUTE
    _printf_lli                              0x00000000   Number         0  stubs.o ABSOLUTE
    _printf_llo                              0x00000000   Number         0  stubs.o ABSOLUTE
    _printf_llu                              0x00000000   Number         0  stubs.o ABSOLUTE
    _printf_llx                              0x00000000   Number         0  stubs.o ABSOLUTE
    _printf_longlong_dec                     0x00000000   Number         0  stubs.o ABSOLUTE
    _printf_longlong_hex                     0x00000000   Number         0  stubs.o ABSOLUTE
    _printf_longlong_oct                     0x00000000   Number         0  stubs.o ABSOLUTE
    _printf_ls                               0x00000000   Number         0  stubs.o ABSOLUTE
    _printf_mbtowc                           0x00000000   Number         0  stubs.o ABSOLUTE
    _printf_n                                0x00000000   Number         0  stubs.o ABSOLUTE
    _printf_o                                0x00000000   Number         0  stubs.o ABSOLUTE
    _printf_p                                0x00000000   Number         0  stubs.o ABSOLUTE
    _printf_percent                          0x00000000   Number         0  stubs.o ABSOLUTE
    _printf_pre_padding                      0x00000000   Number         0  stubs.o ABSOLUTE
    _printf_return_value                     0x00000000   Number         0  stubs.o ABSOLUTE
    _printf_s                                0x00000000   Number         0  stubs.o ABSOLUTE
    _printf_sizespec                         0x00000000   Number         0  stubs.o ABSOLUTE
    _printf_str                              0x00000000   Number         0  stubs.o ABSOLUTE
    _printf_truncate_signed                  0x00000000   Number         0  stubs.o ABSOLUTE
    _printf_truncate_unsigned                0x00000000   Number         0  stubs.o ABSOLUTE
    _printf_u                                0x00000000   Number         0  stubs.o ABSOLUTE
    _printf_wc                               0x00000000   Number         0  stubs.o ABSOLUTE
    _printf_wctomb                           0x00000000   Number         0  stubs.o ABSOLUTE
    _printf_widthprec                        0x00000000   Number         0  stubs.o ABSOLUTE
    _printf_x                                0x00000000   Number         0  stubs.o ABSOLUTE
    _clock_init                               - Undefined Weak Reference
    Reset_Handler                            0x00000101   Thumb Code     0  startup.o(RESET)
    NMI_Handler                              0x00000105   Thumb Code     2  startup.o(RESET)
    HardFault_Handler                        0x00000107   Thumb Code     2  startup.o(RESET)
    MemManage_Handler                        0x00000109   Thumb Code     2  startup.o(RESET)
    BusFault_Handler                         0x0000010b   Thumb Code     2  startup.o(RESET)
    UsageFault_Handler                       0x0000010d   Thumb Code     2  startup.o(RESET)
    SVC_Handler                              0x0000010f   Thumb Code     2  startup.o(RESET)
    DebugMon_Handler                         0x00000111   Thumb Code     2  startup.o(RESET)
    ADC0_Handler                             0x00000117   Thumb Code     0  startup.o(RESET)
    ADC2_Handler                             0x00000117   Thumb Code     0  startup.o(RESET)
    ADC3_Handler                             0x00000117   Thumb Code     0  startup.o(RESET)
    CAN0_Handler                             0x00000117   Thumb Code     0  startup.o(RESET)
    CAN1_Handler                             0x00000117   Thumb Code     0  startup.o(RESET)
    CAN2_Handler                             0x00000117   Thumb Code     0  startup.o(RESET)
    Comp0_Handler                            0x00000117   Thumb Code     0  startup.o(RESET)
    Comp1_Handler                            0x00000117   Thumb Code     0  startup.o(RESET)
    Comp2_Handler                            0x00000117   Thumb Code     0  startup.o(RESET)
    Ethernet_Handler                         0x00000117   Thumb Code     0  startup.o(RESET)
    FlashCtl_Handler                         0x00000117   Thumb Code     0  startup.o(RESET)
    GPIOPortA_Handler                        0x00000117   Thumb Code     0  startup.o(RESET)
    GPIOPortB_Handler                        0x00000117   Thumb Code     0  startup.o(RESET)
    GPIOPortC_Handler                        0x00000117   Thumb Code     0  startup.o(RESET)
    GPIOPortD_Handler                        0x00000117   Thumb Code     0  startup.o(RESET)
    GPIOPortG_Handler                        0x00000117   Thumb Code     0  startup.o(RESET)
    GPIOPortH_Handler                        0x00000117   Thumb Code     0  startup.o(RESET)
    Hibernate_Handler                        0x00000117   Thumb Code     0  startup.o(RESET)
    I2C0_Handler                             0x00000117   Thumb Code     0  startup.o(RESET)
    I2C1_Handler                             0x00000117   Thumb Code     0  startup.o(RESET)
    PWM0_Handler                             0x00000117   Thumb Code     0  startup.o(RESET)
    PWM1_Handler                             0x00000117   Thumb Code     0  startup.o(RESET)
    PWM2_Handler                             0x00000117   Thumb Code     0  startup.o(RESET)
    PWM3_Handler                             0x00000117   Thumb Code     0  startup.o(RESET)
    PWMFault_Handler                         0x00000117   Thumb Code     0  startup.o(RESET)
    Quadrature0_Handler                      0x00000117   Thumb Code     0  startup.o(RESET)
    Quadrature1_Handler                      0x00000117   Thumb Code     0  startup.o(RESET)
    SSI0_Handler                             0x00000117   Thumb Code     0  startup.o(RESET)
    SSI1_Handler                             0x00000117   Thumb Code     0  startup.o(RESET)
    SysCtl_Handler                           0x00000117   Thumb Code     0  startup.o(RESET)
    Timer0A_Handler                          0x00000117   Thumb Code     0  startup.o(RESET)
    Timer0B_Handler                          0x00000117   Thumb Code     0  startup.o(RESET)
    Timer1A_Handler                          0x00000117   Thumb Code     0  startup.o(RESET)
    Timer1B_Handler                          0x00000117   Thumb Code     0  startup.o(RESET)
    Timer3A_Handler                          0x00000117   Thumb Code     0  startup.o(RESET)
    Timer3B_Handler                          0x00000117   Thumb Code     0  startup.o(RESET)
    UART0_Handler                            0x00000117   Thumb Code     0  startup.o(RESET)
    UART1_Handler                            0x00000117   Thumb Code     0  startup.o(RESET)
    UART2_Handler                            0x00000117   Thumb Code     0  startup.o(RESET)
    USB0_Handler                             0x00000117   Thumb Code     0  startup.o(RESET)
    WDT_Handler                              0x00000117   Thumb Code     0  startup.o(RESET)
    uDMA_Error                               0x00000117   Thumb Code     0  startup.o(RESET)
    uDMA_Handler                             0x00000117   Thumb Code     0  startup.o(RESET)
    __main                                   0x00000119   Thumb Code     0  entry.o(.ARM.Collect$$$$00000000)
    _main_stk                                0x00000119   Thumb Code     0  entry2.o(.ARM.Collect$$$$00000001)
    _main_scatterload                        0x0000011d   Thumb Code     0  entry5.o(.ARM.Collect$$$$00000004)
    __main_after_scatterload                 0x00000121   Thumb Code     0  entry5.o(.ARM.Collect$$$$00000004)
    _main_clock                              0x00000121   Thumb Code     0  entry7b.o(.ARM.Collect$$$$00000008)
    _main_init                               0x00000121   Thumb Code     0  entry8.o(.ARM.Collect$$$$00000009)
    OS_MsTime                                0x0000014d   Thumb Code     6  os_time.o(.data)
    OS_CPU_SR_Save                           0x00000159   Thumb Code     8  os_critical.o(.emb_text)
    OS_CPU_SR_Restore                        0x00000161   Thumb Code     6  os_critical.o(.emb_text)
    SysCtlDelay                              0x00000169   Thumb Code     6  sysctl.o(.emb_text)
    DisableInterrupts                        0x00000171   Thumb Code     0  startup.o(.text)
    EnableInterrupts                         0x00000175   Thumb Code     0  startup.o(.text)
    StartCritical                            0x00000179   Thumb Code     0  startup.o(.text)
    EndCritical                              0x00000181   Thumb Code     0  startup.o(.text)
    WaitForInterrupt                         0x00000187   Thumb Code     0  startup.o(.text)
    OLED_Set_Color                           0x0000018d   Thumb Code     6  rit128x96x4.o(.text)
    RIT128x96x4Clear                         0x0000028f   Thumb Code    64  rit128x96x4.o(.text)
    RIT128x96x4Enable                        0x000002cf   Thumb Code    90  rit128x96x4.o(.text)
    RIT128x96x4Init                          0x00000329   Thumb Code   150  rit128x96x4.o(.text)
    OLED_Init                                0x000003bf   Thumb Code    26  rit128x96x4.o(.text)
    OLED_Get_Color                           0x000003d9   Thumb Code     6  rit128x96x4.o(.text)
    RIT128x96x4StringDraw                    0x000003df   Thumb Code   218  rit128x96x4.o(.text)
    _OLED_Message                            0x000004b9   Thumb Code    38  rit128x96x4.o(.text)
    OLED_Out                                 0x000004f3   Thumb Code   424  rit128x96x4.o(.text)
    OLED_Message                             0x0000069b   Thumb Code    58  rit128x96x4.o(.text)
    RIT128x96x4ImageDraw                     0x000006d5   Thumb Code   106  rit128x96x4.o(.text)
    RIT128x96x4Disable                       0x0000073f   Thumb Code    84  rit128x96x4.o(.text)
    RIT128x96x4DisplayOn                     0x00000793   Thumb Code    36  rit128x96x4.o(.text)
    RIT128x96x4DisplayOff                    0x000007b7   Thumb Code    12  rit128x96x4.o(.text)
    Int2Str2                                 0x000007c3   Thumb Code    94  rit128x96x4.o(.text)
    RIT128x96x4DecOut2                       0x00000821   Thumb Code    32  rit128x96x4.o(.text)
    RIT128x96x4PlotReClear                   0x00000841   Thumb Code    96  rit128x96x4.o(.text)
    RIT128x96x4PlotClear                     0x000008a1   Thumb Code   148  rit128x96x4.o(.text)
    RIT128x96x4PlotPoint                     0x00000935   Thumb Code   272  rit128x96x4.o(.text)
    RIT128x96x4PlotBar                       0x00000a45   Thumb Code   152  rit128x96x4.o(.text)
    RIT128x96x4PlotdBfs                      0x00000add   Thumb Code   112  rit128x96x4.o(.text)
    RIT128x96x4PlotNext                      0x00000b4d   Thumb Code    28  rit128x96x4.o(.text)
    RIT128x96x4ShowPlot                      0x00000b69   Thumb Code    20  rit128x96x4.o(.text)
    _SH_getVar                               0x00000bff   Thumb Code    32  shell.o(.text)
    SH_Init                                  0x00000c4f   Thumb Code    54  shell.o(.text)
    SH_AutoCompleteCommand                   0x00000e15   Thumb Code    82  shell.o(.text)
    SH_AutoCompleteFile                      0x00000e67   Thumb Code   104  shell.o(.text)
    SH_Shell                                 0x0000129b   Thumb Code    84  shell.o(.text)
    SH_Jitter                                0x000012ef   Thumb Code    10  shell.o(.text)
    UART_Init                                0x00001ad5   Thumb Code    94  uart.o(.text)
    UART_InChar                              0x00001b33   Thumb Code    20  uart.o(.text)
    UART_OutChar                             0x00001b47   Thumb Code    18  uart.o(.text)
    UART_OutString                           0x00001b59   Thumb Code    22  uart.o(.text)
    UART_InUDec                              0x00001b6f   Thumb Code    76  uart.o(.text)
    UART_OutUDec                             0x00001bbb   Thumb Code    42  uart.o(.text)
    UART_InUHex                              0x00001be5   Thumb Code   104  uart.o(.text)
    UART_OutUHex                             0x00001c4d   Thumb Code    52  uart.o(.text)
    UART_InString                            0x00001c81   Thumb Code   126  uart.o(.text)
    OS_bWait                                 0x00001d25   Thumb Code     0  osasm.o(.text)
    OS_bSignal                               0x00001d45   Thumb Code     0  osasm.o(.text)
    OS_Signal                                0x00001d65   Thumb Code     0  osasm.o(.text)
    OS_Wait                                  0x00001d81   Thumb Code     0  osasm.o(.text)
    SysTick_Handler                          0x00001da1   Thumb Code     0  osasm.o(.text)
    PendSV_Handler                           0x00001dab   Thumb Code     0  osasm.o(.text)
    StartOS                                  0x00001dd7   Thumb Code     0  osasm.o(.text)
    PORTF_Init                               0x00001e01   Thumb Code   116  os_buttons.o(.text)
    OS_AddButtonTask                         0x00001e75   Thumb Code    66  os_buttons.o(.text)
    PORTE_Init                               0x00001eb7   Thumb Code   116  os_buttons.o(.text)
    OS_AddDownTask                           0x00001f2b   Thumb Code    70  os_buttons.o(.text)
    GPIOPortF_Handler                        0x00001f9f   Thumb Code    44  os_buttons.o(.text)
    GPIOPortE_Handler                        0x00001ff9   Thumb Code    44  os_buttons.o(.text)
    OS_Fifo_Init                             0x0000207d   Thumb Code    42  os_datastructures.o(.text)
    OS_Fifo_Put                              0x000020a7   Thumb Code   100  os_datastructures.o(.text)
    OS_Fifo_Get                              0x0000210b   Thumb Code    76  os_datastructures.o(.text)
    OS_Fifo_Size                             0x00002157   Thumb Code    26  os_datastructures.o(.text)
    OS_MailBox_Init                          0x00002171   Thumb Code    30  os_datastructures.o(.text)
    OS_MailBox_Send                          0x0000218f   Thumb Code    24  os_datastructures.o(.text)
    OS_MailBox_Recv                          0x000021a7   Thumb Code    24  os_datastructures.o(.text)
    OS_LogEvent                              0x000021bf   Thumb Code    56  os_datastructures.o(.text)
    OS_AddThread                             0x00002295   Thumb Code   222  os_threads.o(.text)
    _OS_RemoveFromLL                         0x00002373   Thumb Code    36  os_threads.o(.text)
    OS_Kill                                  0x00002397   Thumb Code   106  os_threads.o(.text)
    OS_Suspend                               0x00002401   Thumb Code    30  os_threads.o(.text)
    OS_Sleep                                 0x0000241f   Thumb Code    24  os_threads.o(.text)
    _OS_ReinsertLL                           0x00002437   Thumb Code   116  os_threads.o(.text)
    OS_FindNextThread                        0x000024ab   Thumb Code    68  os_threads.o(.text)
    _OS_InsertThread                         0x000024ef   Thumb Code    74  os_threads.o(.text)
    OS_IncPriority                           0x00002539   Thumb Code    74  os_threads.o(.text)
    OS_Add_Periodic_Thread                   0x000025d5   Thumb Code   220  os_time.o(.text)
    Timer2A_Init                             0x000026b1   Thumb Code    98  os_time.o(.text)
    Timer2B_Init                             0x00002713   Thumb Code   136  os_time.o(.text)
    Timer2A_Handler                          0x0000279b   Thumb Code   190  os_time.o(.text)
    Timer2B_Handler                          0x00002859   Thumb Code    10  os_time.o(.text)
    OS_ClearMsTime                           0x00002863   Thumb Code     8  os_time.o(.text)
    OS_Time                                  0x0000286b   Thumb Code     8  os_time.o(.text)
    OS_TimeDifference                        0x00002873   Thumb Code    20  os_time.o(.text)
    OS_MeasureJitter                         0x00002887   Thumb Code   132  os_time.o(.text)
    OS_getMaxJitter                          0x0000290b   Thumb Code    10  os_time.o(.text)
    OS_getMinJitter                          0x00002915   Thumb Code    10  os_time.o(.text)
    OS_start_interrupt                       0x0000291f   Thumb Code    12  os_time.o(.text)
    OS_end_interrupt                         0x0000292b   Thumb Code    34  os_time.o(.text)
    OS_max_int_time                          0x0000294d   Thumb Code     6  os_time.o(.text)
    OS_InitSemaphore                         0x000029a9   Thumb Code    10  os.o(.text)
    OS_Delay                                 0x000029b3   Thumb Code    12  os.o(.text)
    OS_BlockThread                           0x000029bf   Thumb Code    44  os.o(.text)
    OS_WakeThread                            0x000029eb   Thumb Code    34  os.o(.text)
    OS_WakeAllThreads                        0x00002a0d   Thumb Code    22  os.o(.text)
    OS_Init                                  0x00002a2b   Thumb Code   174  os.o(.text)
    OS_Id                                    0x00002ad9   Thumb Code    20  os.o(.text)
    OS_Launch                                0x00002aed   Thumb Code    22  os.o(.text)
    ADC_TimerInit                            0x00002b35   Thumb Code    92  adc.o(.text)
    ADC_Init                                 0x00002b91   Thumb Code   246  adc.o(.text)
    ADC_Open                                 0x00002c87   Thumb Code     6  adc.o(.text)
    ADC_In                                   0x00002c8d   Thumb Code    46  adc.o(.text)
    ADC_Collect                              0x00002cbb   Thumb Code    24  adc.o(.text)
    ADC1_Handler                             0x00002cd3   Thumb Code    96  adc.o(.text)
    eDisk_Init                               0x00002ff9   Thumb Code   398  edisk.o(.text)
    eDisk_Status                             0x00003187   Thumb Code    14  edisk.o(.text)
    eDisk_Read                               0x00003195   Thumb Code   146  edisk.o(.text)
    eDisk_ReadBlock                          0x00003227   Thumb Code    20  edisk.o(.text)
    eDisk_Write                              0x0000323b   Thumb Code   188  edisk.o(.text)
    eDisk_WriteBlock                         0x000032f7   Thumb Code    20  edisk.o(.text)
    disk_ioctl                               0x0000330b   Thumb Code   420  edisk.o(.text)
    disk_timerproc                           0x000034af   Thumb Code    34  edisk.o(.text)
    get_fattime                              0x000034d1   Thumb Code     4  edisk.o(.text)
    eFile_Init                               0x000034e9   Thumb Code   138  efile.o(.text)
    eFile_Info                               0x00003573   Thumb Code    74  efile.o(.text)
    eFile_RClose                             0x000035cb   Thumb Code    38  efile.o(.text)
    eFile_WClose                             0x000035f1   Thumb Code   122  efile.o(.text)
    eFile_Format                             0x0000366b   Thumb Code    96  efile.o(.text)
    eFile_Create                             0x00003863   Thumb Code   632  efile.o(.text)
    eFile_WOpen                              0x00003adb   Thumb Code   328  efile.o(.text)
    eFile_Write                              0x00003c23   Thumb Code   312  efile.o(.text)
    eFile_Close                              0x00003d5b   Thumb Code    50  efile.o(.text)
    eFile_ROpen                              0x00003d8d   Thumb Code   254  efile.o(.text)
    eFile_ReadNext                           0x00003e8b   Thumb Code   274  efile.o(.text)
    eFile_Directory                          0x00003f9d   Thumb Code   242  efile.o(.text)
    eFile_List                               0x0000408f   Thumb Code   182  efile.o(.text)
    eFile_Delete                             0x00004145   Thumb Code   438  efile.o(.text)
    eFile_RedirectToFile                     0x000042fb   Thumb Code    46  efile.o(.text)
    eFile_EndRedirectToFile                  0x00004329   Thumb Code    42  efile.o(.text)
    eFile_ChangeDirectory                    0x00004353   Thumb Code   122  efile.o(.text)
    RT_StreamToFile                          0x000043f5   Thumb Code     6  retarget.o(.text)
    fputc                                    0x000043fb   Thumb Code    58  retarget.o(.text)
    fgetc                                    0x00004435   Thumb Code    10  retarget.o(.text)
    ferror                                   0x0000443f   Thumb Code     8  retarget.o(.text)
    _ttywrch                                 0x00004447   Thumb Code    12  retarget.o(.text)
    _sys_exit                                0x00004453   Thumb Code     4  retarget.o(.text)
    DisplayThread                            0x00004461   Thumb Code   104  lab2main.o(.text)
    Display                                  0x000044c9   Thumb Code    98  lab2main.o(.text)
    Producer                                 0x0000452b   Thumb Code    56  lab2main.o(.text)
    Consumer                                 0x00004563   Thumb Code   126  lab2main.o(.text)
    PID                                      0x000045e1   Thumb Code   106  lab2main.o(.text)
    ButtonWork                               0x0000464b   Thumb Code   146  lab2main.o(.text)
    ButtonPush                               0x000046dd   Thumb Code    38  lab2main.o(.text)
    Filter                                   0x00004703   Thumb Code   176  lab2main.o(.text)
    DAS                                      0x000047b3   Thumb Code   134  lab2main.o(.text)
    main                                     0x00004839   Thumb Code   480  lab2main.o(.text)
    dummyTask1                               0x00004a19   Thumb Code    56  lab2main.o(.text)
    dummyTask2                               0x00004a51   Thumb Code    48  lab2main.o(.text)
    dummyTask3                               0x00004a81   Thumb Code    56  lab2main.o(.text)
    dummyButtonTask                          0x00004ab9   Thumb Code    16  lab2main.o(.text)
    dummyDownTask                            0x00004ac9   Thumb Code    16  lab2main.o(.text)
    dummyPeriodicTask                        0x00004ad9   Thumb Code    12  lab2main.o(.text)
    jerkTask                                 0x00004ae5   Thumb Code     4  lab2main.o(.text)
    PHYRead                                  0x00004b9d   Thumb Code    46  mac.o(.text)
    PHYWrite                                 0x00004bcb   Thumb Code    42  mac.o(.text)
    MAC_Init                                 0x00004bf5   Thumb Code   204  mac.o(.text)
    MAC_ReceiveBlocking                      0x00004d77   Thumb Code    28  mac.o(.text)
    MAC_ReceiveNonBlocking                   0x00004d93   Thumb Code    34  mac.o(.text)
    MAC_SendData                             0x00004db5   Thumb Code   294  mac.o(.text)
    cr4_fft_64_stm32                         0x00004ef9   Thumb Code     0  cr4_fft_64_stm32.o(.text)
    PID_stm32                                0x000051c9   Thumb Code     0  pid_stm32.o(.text)
    OS_EthernetListener                      0x00005211   Thumb Code    38  os_ethernet.o(.text)
    OS_EthernetInit                          0x00005237   Thumb Code   210  os_ethernet.o(.text)
    toupper                                  0x0000534d   Thumb Code    12  toupper.o(.text)
    tolower                                  0x00005359   Thumb Code    12  tolower.o(.text)
    ___aeabi_memcpy4$move                    0x00005365   Thumb Code     0  memmovea.o(.text)
    ___aeabi_memcpy8$move                    0x00005365   Thumb Code     0  memmovea.o(.text)
    __aeabi_memcpy                           0x00005365   Thumb Code    64  memmovea.o(.text)
    __aeabi_memmove                          0x00005365   Thumb Code     0  memmovea.o(.text)
    __aeabi_memmove4                         0x00005365   Thumb Code     0  memmovea.o(.text)
    __aeabi_memmove8                         0x00005365   Thumb Code     0  memmovea.o(.text)
    __aeabi_memset                           0x000053a5   Thumb Code    14  memseta.o(.text)
    __aeabi_memset4                          0x000053a5   Thumb Code     0  memseta.o(.text)
    __aeabi_memset8                          0x000053a5   Thumb Code     0  memseta.o(.text)
    __aeabi_memclr                           0x000053b3   Thumb Code     4  memseta.o(.text)
    __aeabi_memclr4                          0x000053b3   Thumb Code     0  memseta.o(.text)
    __aeabi_memclr8                          0x000053b3   Thumb Code     0  memseta.o(.text)
    _memset$wrapper                          0x000053b7   Thumb Code    18  memseta.o(.text)
    strlen                                   0x000053c9   Thumb Code    16  strlen.o(.text)
    strcmp                                   0x000053d9   Thumb Code    28  strcmp.o(.text)
    strcpy                                   0x000053f5   Thumb Code    18  strcpy.o(.text)
    atoi                                     0x00005407   Thumb Code    26  atoi.o(.text)
    __aeabi_uidiv                            0x00005421   Thumb Code     0  uidiv.o(.text)
    __aeabi_uidivmod                         0x00005421   Thumb Code    44  uidiv.o(.text)
    __aeabi_uldivmod                         0x0000544d   Thumb Code    98  uldiv.o(.text)
    strtol                                   0x000054af   Thumb Code   112  strtol.o(.text)
    __I$use$fp                               0x0000551f   Thumb Code     0  iusefp.o(.text)
    __aeabi_dadd                             0x0000551f   Thumb Code   322  dadd.o(.text)
    __aeabi_dsub                             0x00005661   Thumb Code     6  dadd.o(.text)
    __aeabi_drsub                            0x00005667   Thumb Code     6  dadd.o(.text)
    __aeabi_dmul                             0x0000566d   Thumb Code   228  dmul.o(.text)
    __aeabi_ddiv                             0x00005751   Thumb Code   222  ddiv.o(.text)
    __aeabi_d2ulz                            0x0000582f   Thumb Code    48  dfixul.o(.text)
    __aeabi_cdrcmple                         0x00005861   Thumb Code    38  cdrcmple.o(.text)
    __scatterload                            0x00005889   Thumb Code    28  init.o(.text)
    __scatterload_rt2                        0x00005889   Thumb Code     0  init.o(.text)
    __aeabi_llsl                             0x000058ad   Thumb Code    30  llshl.o(.text)
    _ll_shift_l                              0x000058ad   Thumb Code     0  llshl.o(.text)
    __aeabi_llsr                             0x000058cb   Thumb Code    32  llushr.o(.text)
    _ll_ushift_r                             0x000058cb   Thumb Code     0  llushr.o(.text)
    __aeabi_lasr                             0x000058eb   Thumb Code    36  llsshr.o(.text)
    _ll_sshift_r                             0x000058eb   Thumb Code     0  llsshr.o(.text)
    __rt_ctype_table                         0x00005911   Thumb Code     4  ctype_o.o(.text)
    _strtoul                                 0x00005919   Thumb Code   158  _strtoul.o(.text)
    _double_round                            0x000059b7   Thumb Code    26  depilogue.o(.text)
    _double_epilogue                         0x000059d1   Thumb Code   164  depilogue.o(.text)
    _chval                                   0x00005a75   Thumb Code    28  _chval.o(.text)
    __decompress                             0x00005a91   Thumb Code     0  __dczerorl2.o(.text)
    __decompress1                            0x00005a91   Thumb Code    92  __dczerorl2.o(.text)
    GPIODirModeSet                           0x00005aed   Thumb Code    40  gpio.o(i.GPIODirModeSet)
    GPIOPadConfigSet                         0x00005b15   Thumb Code   176  gpio.o(i.GPIOPadConfigSet)
    GPIOPinTypeGPIOOutput                    0x00005bc5   Thumb Code    28  gpio.o(i.GPIOPinTypeGPIOOutput)
    GPIOPinTypeSSI                           0x00005be1   Thumb Code    28  gpio.o(i.GPIOPinTypeSSI)
    GPIOPinWrite                             0x00005bfd   Thumb Code     6  gpio.o(i.GPIOPinWrite)
    SSIBusy                                  0x00005c03   Thumb Code     8  ssi.o(i.SSIBusy)
    SSIConfigSetExpClk                       0x00005c0b   Thumb Code    76  ssi.o(i.SSIConfigSetExpClk)
    SSIDataGet                               0x00005c57   Thumb Code    14  ssi.o(i.SSIDataGet)
    SSIDataGetNonBlocking                    0x00005c65   Thumb Code    18  ssi.o(i.SSIDataGetNonBlocking)
    SSIDataPut                               0x00005c77   Thumb Code    12  ssi.o(i.SSIDataPut)
    SSIDisable                               0x00005c83   Thumb Code    10  ssi.o(i.SSIDisable)
    SSIEnable                                0x00005c8d   Thumb Code    10  ssi.o(i.SSIEnable)
    SysCtlClockGet                           0x00005c99   Thumb Code   438  sysctl.o(i.SysCtlClockGet)
    SysCtlClockSet                           0x00005e7d   Thumb Code   288  sysctl.o(i.SysCtlClockSet)
    SysCtlPeripheralEnable                   0x00005fb5   Thumb Code    26  sysctl.o(i.SysCtlPeripheralEnable)
    __0fprintf                               0x00005fd5   Thumb Code    22  printfa.o(i.__0fprintf)
    __1fprintf                               0x00005fd5   Thumb Code     0  printfa.o(i.__0fprintf)
    __2fprintf                               0x00005fd5   Thumb Code     0  printfa.o(i.__0fprintf)
    __c89fprintf                             0x00005fd5   Thumb Code     0  printfa.o(i.__0fprintf)
    fprintf                                  0x00005fd5   Thumb Code     0  printfa.o(i.__0fprintf)
    __0printf                                0x00005ff1   Thumb Code    22  printfa.o(i.__0printf)
    __1printf                                0x00005ff1   Thumb Code     0  printfa.o(i.__0printf)
    __2printf                                0x00005ff1   Thumb Code     0  printfa.o(i.__0printf)
    __c89printf                              0x00005ff1   Thumb Code     0  printfa.o(i.__0printf)
    printf                                   0x00005ff1   Thumb Code     0  printfa.o(i.__0printf)
    __0sprintf                               0x00006011   Thumb Code    34  printfa.o(i.__0sprintf)
    __1sprintf                               0x00006011   Thumb Code     0  printfa.o(i.__0sprintf)
    __2sprintf                               0x00006011   Thumb Code     0  printfa.o(i.__0sprintf)
    __c89sprintf                             0x00006011   Thumb Code     0  printfa.o(i.__0sprintf)
    sprintf                                  0x00006011   Thumb Code     0  printfa.o(i.__0sprintf)
    __aeabi_errno_addr                       0x00006039   Thumb Code     4  errno.o(i.__aeabi_errno_addr)
    __rt_errno_addr                          0x00006039   Thumb Code     0  errno.o(i.__aeabi_errno_addr)
    __scatterload_copy                       0x00006041   Thumb Code    14  handlers.o(i.__scatterload_copy)
    __scatterload_null                       0x0000604f   Thumb Code     2  handlers.o(i.__scatterload_null)
    __scatterload_zeroinit                   0x00006051   Thumb Code    14  handlers.o(i.__scatterload_zeroinit)
    free                                     0x0000690d   Thumb Code    76  malloc.o(i.free)
    malloc                                   0x0000695d   Thumb Code    92  malloc.o(i.malloc)
    dBfs                                     0x00006bfb   Data         512  rit128x96x4.o(.constdata)
    __ctype_table                            0x00006ea0   Data         129  ctype_o.o(.constdata)
    Region$$Table$$Base                      0x00006f28   Number         0  anon$$obj.o(Region$$Table)
    Region$$Table$$Limit                     0x00006f48   Number         0  anon$$obj.o(Region$$Table)
    Y0                                       0x2000000c   Data           4  rit128x96x4.o(.data)
    Y1                                       0x20000010   Data           4  rit128x96x4.o(.data)
    Y2                                       0x20000014   Data           4  rit128x96x4.o(.data)
    Y3                                       0x20000018   Data           4  rit128x96x4.o(.data)
    Yrange                                   0x20000038   Data           4  rit128x96x4.o(.data)
    YrangeDiv2                               0x2000003c   Data           4  rit128x96x4.o(.data)
    putCount                                 0x200001fc   Data           4  os_datastructures.o(.data)
    getCount                                 0x20000200   Data           4  os_datastructures.o(.data)
    _OS_Root                                 0x20000218   Data           4  os_time.o(.data)
    _OS_Task_Time                            0x2000021c   Data           4  os_time.o(.data)
    _us100Count                              0x20000220   Data           4  os_time.o(.data)
    _eventIndex                              0x20000234   Data           4  os.o(.data)
    _OS_SelTask                              0x20000238   Data           4  os.o(.data)
    _OS_DownTask                             0x2000023c   Data           4  os.o(.data)
    _RunPt                                   0x20000244   Data           4  os.o(.data)
    _TCBHead                                 0x20000248   Data           4  os.o(.data)
    _OS_numThreads                           0x2000024c   Data           4  os.o(.data)
    _OS_System_Time                          0x20000250   Data           4  os.o(.data)
    ADCMailBox                               0x20000256   Data           8  adc.o(.data)
    num_files                                0x20000264   Data           4  efile.o(.data)
    _sysInit                                 0x20000268   Data           1  efile.o(.data)
    _wOpen                                   0x20000280   Data           1  efile.o(.data)
    _rOpen                                   0x20000281   Data           1  efile.o(.data)
    _wIndex                                  0x20000284   Data           4  efile.o(.data)
    _wCluster                                0x20000288   Data           4  efile.o(.data)
    _wSector                                 0x2000028c   Data           4  efile.o(.data)
    _wSize                                   0x20000290   Data           4  efile.o(.data)
    _dirIndex                                0x20000294   Data           4  efile.o(.data)
    _wDirIndex                               0x20000298   Data           4  efile.o(.data)
    _rIndex                                  0x2000029c   Data           4  efile.o(.data)
    _rCluster                                0x200002a0   Data           4  efile.o(.data)
    _rSector                                 0x200002a4   Data           4  efile.o(.data)
    _rSize                                   0x200002a8   Data           4  efile.o(.data)
    __stdout                                 0x200002ac   Data           4  retarget.o(.data)
    __stdin                                  0x200002b0   Data           4  retarget.o(.data)
    count3                                   0x200002b8   Data           4  lab2main.o(.data)
    countPeriodic                            0x200002bc   Data           4  lab2main.o(.data)
    NumCreated                               0x200002cc   Data           4  lab2main.o(.data)
    DataLost                                 0x200002d0   Data           4  lab2main.o(.data)
    PIDWork                                  0x200002d4   Data           4  lab2main.o(.data)
    NumSamples                               0x200002d8   Data           4  lab2main.o(.data)
    FilterWork                               0x200002dc   Data           4  lab2main.o(.data)
    MaxJitter                                0x200002e0   Data           4  lab2main.o(.data)
    MinJitter                                0x200002e4   Data           4  lab2main.o(.data)
    DASoutput                                0x200002e8   Data           2  lab2main.o(.data)
    IntTerm                                  0x200002f0   Data           2  lab2main.o(.data)
    PrevError                                0x200002f2   Data           2  lab2main.o(.data)
    Coeff                                    0x200002f4   Data           6  lab2main.o(.data)
    Actuator                                 0x200002fa   Data           2  lab2main.o(.data)
    All                                      0x200002fc   Data           6  os_ethernet.o(.data)
    ulUser0                                  0x20000304   Data           4  os_ethernet.o(.data)
    ulUser1                                  0x20000308   Data           4  os_ethernet.o(.data)
    RcvCount                                 0x2000030c   Data           4  os_ethernet.o(.data)
    XmtCount                                 0x20000310   Data           4  os_ethernet.o(.data)
    Me                                       0x20000314   Data           6  os_ethernet.o(.data)
    __stderr                                 0x2000031c   Data           4  stderr.o(.data)
    __microlib_freelist                      0x20000320   Data           4  mvars.o(.data)
    __microlib_freelist_initialised          0x20000324   Data           4  mvars.o(.data)
    OLED_Semaphore                           0x20000434   Data          80  rit128x96x4.o(.bss)
    PlotImage                                0x20000484   Data        4480  rit128x96x4.o(.bss)
    list                                     0x200029d3   Data         208  shell.o(.bss)
    funcBuff                                 0x20002aa4   Data        1000  shell.o(.bss)
    _threads                                 0x200032ac   Data        8704  os.o(.bss)
    _tasks                                   0x200054ac   Data          96  os.o(.bss)
    _modifyTCB                               0x2000550c   Data          80  os.o(.bss)
    _eventLog                                0x2000555c   Data         800  os.o(.bss)
    _OS_Fifo                                 0x2000587c   Data         684  os.o(.bss)
    _OS_Mailbox                              0x20005b28   Data         164  os.o(.bss)
    ADCHasData                               0x20005bcc   Data          16  adc.o(.bss)
    _wFile                                   0x20005dec   Data          32  efile.o(.bss)
    _rFile                                   0x20005e0c   Data          32  efile.o(.bss)
    _file                                    0x20005e2c   Data          32  efile.o(.bss)
    _writeBuff                               0x20005e4c   Data         512  efile.o(.bss)
    _readBuff                                0x2000604c   Data         512  efile.o(.bss)
    JitterHistogram                          0x2000624c   Data         256  lab2main.o(.bss)
    x                                        0x20006364   Data         256  lab2main.o(.bss)
    y                                        0x20006464   Data         256  lab2main.o(.bss)
    binarySemaphore                          0x20006564   Data          80  lab2main.o(.bss)
    Packet                                   0x200065b4   Data        1600  mac.o(.bss)
    RcvMessage                               0x20006bf4   Data         200  os_ethernet.o(.bss)
    __heap_base                              0x20006cc0   Data           0  startup.o(HEAP)
    __heap_limit                             0x20006cc0   Data           0  startup.o(HEAP)
    __initial_sp                             0x200070c0   Data           0  startup.o(STACK)



==============================================================================

Memory Map of the image

  Image Entry point : 0x00000101

  Load Region LR_1 (Base: 0x00000000, Size: 0x00007274, Max: 0xffffffff, ABSOLUTE, COMPRESSED[0x00007038])

    Execution Region ER_RO (Base: 0x00000000, Size: 0x00006f48, Max: 0xffffffff, ABSOLUTE)

    Base Addr    Size         Type   Attr      Idx    E Section Name        Object

    0x00000000   0x00000118   Code   RO            3  * RESET               startup.o
    0x00000118   0x00000000   Code   RO         1125  * .ARM.Collect$$$$00000000  mc_w.l(entry.o)
    0x00000118   0x00000004   Code   RO         1440    .ARM.Collect$$$$00000001  mc_w.l(entry2.o)
    0x0000011c   0x00000004   Code   RO         1443    .ARM.Collect$$$$00000004  mc_w.l(entry5.o)
    0x00000120   0x00000000   Code   RO         1445    .ARM.Collect$$$$00000008  mc_w.l(entry7b.o)
    0x00000120   0x00000008   Code   RO         1446    .ARM.Collect$$$$00000009  mc_w.l(entry8.o)
    0x00000128   0x00000004   Code   RO         1441    .ARM.Collect$$$$00002712  mc_w.l(entry2.o)
    0x0000012c   0x00000020   Code   RO          108    .data               shell.o
    0x0000014c   0x0000000c   Code   RO          219    .data               os_time.o
    0x00000158   0x0000000e   Code   RO           98    .emb_text           os_critical.o
    0x00000166   0x00000002   PAD
    0x00000168   0x00000006   Code   RO          758    .emb_text           driverlib.lib(sysctl.o)
    0x0000016e   0x00000002   PAD
    0x00000170   0x0000001c   Code   RO            4    .text               startup.o
    0x0000018c   0x00000a0c   Code   RO           38    .text               rit128x96x4.o
    0x00000b98   0x00000f3c   Code   RO          109    .text               shell.o
    0x00001ad4   0x00000250   Code   RO          148    .text               uart.o
    0x00001d24   0x000000dc   Code   RO          163    .text               osasm.o
    0x00001e00   0x0000027c   Code   RO          166    .text               os_buttons.o
    0x0000207c   0x00000198   Code   RO          189    .text               os_datastructures.o
    0x00002214   0x0000038c   Code   RO          205    .text               os_threads.o
    0x000025a0   0x00000408   Code   RO          220    .text               os_time.o
    0x000029a8   0x00000184   Code   RO          242    .text               os.o
    0x00002b2c   0x00000240   Code   RO          271    .text               adc.o
    0x00002d6c   0x0000077c   Code   RO          302    .text               edisk.o
    0x000034e8   0x00000f0c   Code   RO          319    .text               efile.o
    0x000043f4   0x0000006c   Code   RO          339    .text               retarget.o
    0x00004460   0x0000073c   Code   RO          361    .text               lab2main.o
    0x00004b9c   0x0000035c   Code   RO          378    .text               mac.o
    0x00004ef8   0x000002ce   Code   RO          396    .text               cr4_fft_64_stm32.o
    0x000051c6   0x00000002   PAD
    0x000051c8   0x00000048   Code   RO          399    .text               pid_stm32.o
    0x00005210   0x0000013c   Code   RO          402    .text               os_ethernet.o
    0x0000534c   0x0000000c   Code   RO         1129    .text               mc_w.l(toupper.o)
    0x00005358   0x0000000c   Code   RO         1131    .text               mc_w.l(tolower.o)
    0x00005364   0x00000040   Code   RO         1135    .text               mc_w.l(memmovea.o)
    0x000053a4   0x00000024   Code   RO         1137    .text               mc_w.l(memseta.o)
    0x000053c8   0x00000010   Code   RO         1139    .text               mc_w.l(strlen.o)
    0x000053d8   0x0000001c   Code   RO         1141    .text               mc_w.l(strcmp.o)
    0x000053f4   0x00000012   Code   RO         1143    .text               mc_w.l(strcpy.o)
    0x00005406   0x0000001a   Code   RO         1438    .text               mc_w.l(atoi.o)
    0x00005420   0x0000002c   Code   RO         1447    .text               mc_w.l(uidiv.o)
    0x0000544c   0x00000062   Code   RO         1449    .text               mc_w.l(uldiv.o)
    0x000054ae   0x00000070   Code   RO         1460    .text               mc_w.l(strtol.o)
    0x0000551e   0x00000000   Code   RO         1462    .text               mc_w.l(iusefp.o)
    0x0000551e   0x0000014e   Code   RO         1463    .text               mf_w.l(dadd.o)
    0x0000566c   0x000000e4   Code   RO         1465    .text               mf_w.l(dmul.o)
    0x00005750   0x000000de   Code   RO         1467    .text               mf_w.l(ddiv.o)
    0x0000582e   0x00000030   Code   RO         1469    .text               mf_w.l(dfixul.o)
    0x0000585e   0x00000002   PAD
    0x00005860   0x00000028   Code   RO         1471    .text               mf_w.l(cdrcmple.o)
    0x00005888   0x00000024   Code   RO         1473    .text               mc_w.l(init.o)
    0x000058ac   0x0000001e   Code   RO         1475    .text               mc_w.l(llshl.o)
    0x000058ca   0x00000020   Code   RO         1477    .text               mc_w.l(llushr.o)
    0x000058ea   0x00000024   Code   RO         1479    .text               mc_w.l(llsshr.o)
    0x0000590e   0x00000002   PAD
    0x00005910   0x00000008   Code   RO         1481    .text               mc_w.l(ctype_o.o)
    0x00005918   0x0000009e   Code   RO         1509    .text               mc_w.l(_strtoul.o)
    0x000059b6   0x000000be   Code   RO         1511    .text               mf_w.l(depilogue.o)
    0x00005a74   0x0000001c   Code   RO         1513    .text               mc_w.l(_chval.o)
    0x00005a90   0x0000005c   Code   RO         1523    .text               mc_w.l(__dczerorl2.o)
    0x00005aec   0x00000028   Code   RO          419    i.GPIODirModeSet    driverlib.lib(gpio.o)
    0x00005b14   0x000000b0   Code   RO          424    i.GPIOPadConfigSet  driverlib.lib(gpio.o)
    0x00005bc4   0x0000001c   Code   RO          437    i.GPIOPinTypeGPIOOutput  driverlib.lib(gpio.o)
    0x00005be0   0x0000001c   Code   RO          443    i.GPIOPinTypeSSI    driverlib.lib(gpio.o)
    0x00005bfc   0x00000006   Code   RO          448    i.GPIOPinWrite      driverlib.lib(gpio.o)
    0x00005c02   0x00000008   Code   RO          647    i.SSIBusy           driverlib.lib(ssi.o)
    0x00005c0a   0x0000004c   Code   RO          648    i.SSIConfigSetExpClk  driverlib.lib(ssi.o)
    0x00005c56   0x0000000e   Code   RO          651    i.SSIDataGet        driverlib.lib(ssi.o)
    0x00005c64   0x00000012   Code   RO          652    i.SSIDataGetNonBlocking  driverlib.lib(ssi.o)
    0x00005c76   0x0000000c   Code   RO          653    i.SSIDataPut        driverlib.lib(ssi.o)
    0x00005c82   0x0000000a   Code   RO          655    i.SSIDisable        driverlib.lib(ssi.o)
    0x00005c8c   0x0000000a   Code   RO          656    i.SSIEnable         driverlib.lib(ssi.o)
    0x00005c96   0x00000002   PAD
    0x00005c98   0x000001e4   Code   RO          763    i.SysCtlClockGet    driverlib.lib(sysctl.o)
    0x00005e7c   0x00000138   Code   RO          764    i.SysCtlClockSet    driverlib.lib(sysctl.o)
    0x00005fb4   0x00000020   Code   RO          788    i.SysCtlPeripheralEnable  driverlib.lib(sysctl.o)
    0x00005fd4   0x0000001c   Code   RO         1381    i.__0fprintf        mc_w.l(printfa.o)
    0x00005ff0   0x00000020   Code   RO         1382    i.__0printf         mc_w.l(printfa.o)
    0x00006010   0x00000028   Code   RO         1384    i.__0sprintf        mc_w.l(printfa.o)
    0x00006038   0x00000008   Code   RO         1453    i.__aeabi_errno_addr  mc_w.l(errno.o)
    0x00006040   0x0000000e   Code   RO         1517    i.__scatterload_copy  mc_w.l(handlers.o)
    0x0000604e   0x00000002   Code   RO         1518    i.__scatterload_null  mc_w.l(handlers.o)
    0x00006050   0x0000000e   Code   RO         1519    i.__scatterload_zeroinit  mc_w.l(handlers.o)
    0x0000605e   0x00000002   PAD
    0x00006060   0x0000015c   Code   RO         1389    i._fp_digits        mc_w.l(printfa.o)
    0x000061bc   0x000006f0   Code   RO         1390    i._printf_core      mc_w.l(printfa.o)
    0x000068ac   0x00000026   Code   RO         1391    i._printf_post_padding  mc_w.l(printfa.o)
    0x000068d2   0x00000030   Code   RO         1392    i._printf_pre_padding  mc_w.l(printfa.o)
    0x00006902   0x0000000a   Code   RO         1394    i._sputc            mc_w.l(printfa.o)
    0x0000690c   0x00000050   Code   RO         1410    i.free              mc_w.l(malloc.o)
    0x0000695c   0x0000006c   Code   RO         1411    i.malloc            mc_w.l(malloc.o)
    0x000069c8   0x0000043b   Data   RO           40    .constdata          rit128x96x4.o
    0x00006e03   0x00000001   PAD
    0x00006e04   0x0000009c   Data   RO          801    .constdata          driverlib.lib(sysctl.o)
    0x00006ea0   0x00000081   Data   RO         1482    .constdata          mc_w.l(ctype_o.o)
    0x00006f21   0x00000003   PAD
    0x00006f24   0x00000004   Data   RO         1483    .constdata          mc_w.l(ctype_o.o)
    0x00006f28   0x00000020   Data   RO         1515    Region$$Table       anon$$obj.o


    Execution Region ER_RW (Base: 0x20000000, Size: 0x0000032c, Max: 0xffffffff, ABSOLUTE, COMPRESSED[0x000000f0])

    Base Addr    Size         Type   Attr      Idx    E Section Name        Object

    0x20000000   0x00000040   Data   RW           41    .data               rit128x96x4.o
    0x20000040   0x000001ac   Data   RW          111    .data               shell.o
    0x200001ec   0x00000010   Data   RW          167    .data               os_buttons.o
    0x200001fc   0x00000008   Data   RW          190    .data               os_datastructures.o
    0x20000204   0x00000004   Data   RW          206    .data               os_threads.o
    0x20000208   0x0000002c   Data   RW          222    .data               os_time.o
    0x20000234   0x00000020   Data   RW          244    .data               os.o
    0x20000254   0x0000000a   Data   RW          273    .data               adc.o
    0x2000025e   0x00000005   Data   RW          303    .data               edisk.o
    0x20000263   0x00000001   PAD
    0x20000264   0x00000048   Data   RW          321    .data               efile.o
    0x200002ac   0x00000009   Data   RW          340    .data               retarget.o
    0x200002b5   0x00000003   PAD
    0x200002b8   0x00000044   Data   RW          364    .data               lab2main.o
    0x200002fc   0x0000001e   Data   RW          404    .data               os_ethernet.o
    0x2000031a   0x00000002   PAD
    0x2000031c   0x00000004   Data   RW         1128    .data               mc_w.l(stderr.o)
    0x20000320   0x00000004   Data   RW         1451    .data               mc_w.l(mvars.o)
    0x20000324   0x00000004   Data   RW         1452    .data               mc_w.l(mvars.o)
    0x20000328   0x00000004   Data   RW         1456    .data               mc_w.l(errno.o)


    Execution Region ER_ZI (Base: 0x2000032c, Size: 0x00006d94, Max: 0xffffffff, ABSOLUTE)

    Base Addr    Size         Type   Attr      Idx    E Section Name        Object

    0x2000032c   0x000012d8   Zero   RW           39    .bss                rit128x96x4.o
    0x20001604   0x00001888   Zero   RW          110    .bss                shell.o
    0x20002e8c   0x00000420   Zero   RW          221    .bss                os_time.o
    0x200032ac   0x00002920   Zero   RW          243    .bss                os.o
    0x20005bcc   0x00000020   Zero   RW          272    .bss                adc.o
    0x20005bec   0x00000660   Zero   RW          320    .bss                efile.o
    0x2000624c   0x00000368   Zero   RW          362    .bss                lab2main.o
    0x200065b4   0x00000640   Zero   RW          379    .bss                mac.o
    0x20006bf4   0x000000c8   Zero   RW          403    .bss                os_ethernet.o
    0x20006cbc   0x00000004   PAD
    0x20006cc0   0x00000000   Zero   RW            2    HEAP                startup.o
    0x20006cc0   0x00000400   Zero   RW            1    STACK               startup.o


==============================================================================

Image component sizes


      Code (inc. data)   RO Data    RW Data    ZI Data      Debug   Object Name

       576         58          0         10         32       2578   adc.o
       718        240          0          0          0        232   cr4_fft_64_stm32.o
      1916         64          0          5          0       7936   edisk.o
      3852        438          0         72       1632       8727   efile.o
      1852        410          0         68        872       5105   lab2main.o
       860         30          0          0       1600       3337   mac.o
       388         42          0         32      10528       2999   os.o
       636         88          0         16          0       2228   os_buttons.o
        14          0          0          0          0        324   os_critical.o
       408         30          0          8          0       1944   os_datastructures.o
       316         68          0         30        200       1404   os_ethernet.o
       908         30          0          4          0       2869   os_threads.o
      1044         92          0         44       1056       4960   os_time.o
       220         10          0          0          0        256   osasm.o
         0          0          0          0          0       1940   output.o
        72          8          0          0          0        200   pid_stm32.o
       108         10          0          9          0       3022   retarget.o
      2572        174       1083         64       4824      10164   rit128x96x4.o
      3932        894          0        428       6280      11531   shell.o
       308        258          0          0       1024        884   startup.o
       592         38          0          0          0       2360   uart.o

    ----------------------------------------------------------------------
     21296       2984       1116        796      28052      75000   Object Totals
         0          0         32          0          0          0   (incl. Generated)
         4          2          1          6          4          0   (incl. Padding)

    ----------------------------------------------------------------------

      Code (inc. data)   RO Data    RW Data    ZI Data      Debug   Library Member Name

       278          0          0          0          0       5992   gpio.o
       148          0          0          0          0       3486   ssi.o
       834         76        156          0          0       3771   sysctl.o
        92          0          0          0          0          0   __dczerorl2.o
        28          0          0          0          0         68   _chval.o
       158          0          0          0          0         92   _strtoul.o
        26          0          0          0          0         80   atoi.o
         8          4        133          0          0         68   ctype_o.o
         0          0          0          0          0          0   entry.o
         8          4          0          0          0          0   entry2.o
         4          0          0          0          0          0   entry5.o
         0          0          0          0          0          0   entry7b.o
         8          4          0          0          0          0   entry8.o
         8          4          0          4          0         68   errno.o
        30          0          0          0          0          0   handlers.o
        36          8          0          0          0         68   init.o
         0          0          0          0          0          0   iusefp.o
        30          0          0          0          0         68   llshl.o
        36          0          0          0          0         68   llsshr.o
        32          0          0          0          0         68   llushr.o
       188         20          0          0          0        160   malloc.o
        64          0          0          0          0         76   memmovea.o
        36          0          0          0          0        108   memseta.o
         0          0          0          8          0          0   mvars.o
      2320        102          0          0          0        680   printfa.o
         0          0          0          4          0          0   stderr.o
        28          0          0          0          0         76   strcmp.o
        18          0          0          0          0         68   strcpy.o
        16          0          0          0          0         68   strlen.o
       112          0          0          0          0         88   strtol.o
        12          0          0          0          0         68   tolower.o
        12          0          0          0          0         68   toupper.o
        44          0          0          0          0         80   uidiv.o
        98          0          0          0          0         92   uldiv.o
        40          2          0          0          0         68   cdrcmple.o
       334          0          0          0          0        144   dadd.o
       222          0          0          0          0        100   ddiv.o
       190          0          0          0          0        176   depilogue.o
        48          0          0          0          0         68   dfixul.o
       228          0          0          0          0         92   dmul.o

    ----------------------------------------------------------------------
      5784        224        292         16          0      16177   Library Totals
        10          0          3          0          0          0   (incl. Padding)

    ----------------------------------------------------------------------

      Code (inc. data)   RO Data    RW Data    ZI Data      Debug   Library Name

      1260         76        156          0          0      13249   driverlib.lib
      3452        146        133         16          0       2280   mc_w.l
      1062          2          0          0          0        648   mf_w.l

    ----------------------------------------------------------------------
      5784        224        292         16          0      16177   Library Totals

    ----------------------------------------------------------------------

==============================================================================


      Code (inc. data)   RO Data    RW Data    ZI Data      Debug   

     27080       3208       1408        812      28052      87141   Grand Totals
     27080       3208       1408        240      28052      87141   ELF Image Totals (compressed)
     27080       3208       1408        240          0          0   ROM Totals

==============================================================================

    Total RO  Size (Code + RO Data)                28488 (  27.82kB)
    Total RW  Size (RW Data + ZI Data)             28864 (  28.19kB)
    Total ROM Size (Code + RO Data + RW Data)      28728 (  28.05kB)

==============================================================================

