ARM Linker, 5.02 [Build 28] [MDK-ARM Lite]

==============================================================================

Section Cross References

    startup.o(RESET) refers to startup.o(STACK) for StackMem
    startup.o(RESET) refers to osasm.o(.text) for PendSV_Handler
    startup.o(RESET) refers to os_buttons.o(.text) for GPIOPortE_Handler
    startup.o(RESET) refers to adc.o(.text) for ADC1_Handler
    startup.o(RESET) refers to os_time.o(.text) for Timer2A_Handler
    startup.o(RESET) refers to entry.o(.ARM.Collect$$$$00000000) for __main
    output.o(.text) refers to rit128x96x4.o(.text) for RIT128x96x4StringDraw
    output.o(.text) refers to output.o(.bss) for .bss
    output.o(.text) refers to output.o(.data) for .data
    rit128x96x4.o(.text) refers to ssi.o(i.SSIBusy) for SSIBusy
    rit128x96x4.o(.text) refers to gpio.o(i.GPIOPinWrite) for GPIOPinWrite
    rit128x96x4.o(.text) refers to ssi.o(i.SSIDataPut) for SSIDataPut
    rit128x96x4.o(.text) refers to ssi.o(i.SSIDisable) for SSIDisable
    rit128x96x4.o(.text) refers to sysctl.o(i.SysCtlClockGet) for SysCtlClockGet
    rit128x96x4.o(.text) refers to ssi.o(i.SSIConfigSetExpClk) for SSIConfigSetExpClk
    rit128x96x4.o(.text) refers to gpio.o(i.GPIOPinTypeSSI) for GPIOPinTypeSSI
    rit128x96x4.o(.text) refers to gpio.o(i.GPIOPadConfigSet) for GPIOPadConfigSet
    rit128x96x4.o(.text) refers to ssi.o(i.SSIEnable) for SSIEnable
    rit128x96x4.o(.text) refers to sysctl.o(i.SysCtlPeripheralEnable) for SysCtlPeripheralEnable
    rit128x96x4.o(.text) refers to gpio.o(i.GPIOPinTypeGPIOOutput) for GPIOPinTypeGPIOOutput
    rit128x96x4.o(.text) refers to os.o(.text) for OS_InitSemaphore
    rit128x96x4.o(.text) refers to osasm.o(.text) for OS_bWait
    rit128x96x4.o(.text) refers to memseta.o(.text) for __aeabi_memset
    rit128x96x4.o(.text) refers to strlen.o(.text) for strlen
    rit128x96x4.o(.text) refers to rit128x96x4.o(.data) for .data
    rit128x96x4.o(.text) refers to rit128x96x4.o(.constdata) for .constdata
    rit128x96x4.o(.text) refers to rit128x96x4.o(.bss) for .bss
    rit128x96x4.o(.text) refers to memmovea.o(.text) for __aeabi_memcpy
    rit128x96x4.o(.text) refers to strcpy.o(.text) for strcpy
    rit128x96x4.o(.text) refers to malloc.o(i.malloc) for malloc
    rit128x96x4.o(.text) refers to printfa.o(i.__0sprintf) for __2sprintf
    rit128x96x4.o(.text) refers to malloc.o(i.free) for free
    rit128x96x4.o(.text) refers to ssi.o(i.SSIDataGetNonBlocking) for SSIDataGetNonBlocking
    shell.o(.data) refers to os_time.o(.data) for OS_MsTime
    shell.o(.data) refers to shell.o(.data) for .data
    shell.o(.text) refers to uart.o(.text) for UART_Init
    shell.o(.text) refers to printfa.o(i.__0printf) for __2printf
    shell.o(.text) refers to strcpy.o(.text) for strcpy
    shell.o(.text) refers to memmovea.o(.text) for __aeabi_memmove
    shell.o(.text) refers to strcmp.o(.text) for strcmp
    shell.o(.text) refers to efile.o(.text) for eFile_List
    shell.o(.text) refers to memseta.o(.text) for __aeabi_memclr
    shell.o(.text) refers to strlen.o(.text) for strlen
    shell.o(.text) refers to shell.o(.bss) for .bss
    shell.o(.text) refers to shell.o(.data) for .data
    shell.o(.text) refers to printfa.o(i.__0fprintf) for __2fprintf
    shell.o(.text) refers to os_threads.o(.text) for OS_Suspend
    shell.o(.text) refers to printfa.o(i.__0sprintf) for __2sprintf
    shell.o(.text) refers to os_time.o(.text) for OS_ClearMsTime
    shell.o(.text) refers to stderr.o(.data) for __stderr
    shell.o(.text) refers to os.o(.data) for _eventIndex
    shell.o(.text) refers to os.o(.bss) for _eventLog
    shell.o(.text) refers to startup.o(RESET) for Reset_Handler
    shell.o(.text) refers to atoi.o(.text) for atoi
    shell.o(.text) refers to edisk.o(.text) for eDisk_ReadBlock
    shell.o(.text) refers to shell.o(.data) for _SH_Time
    shell.o(.data) refers to printfa.o(i.__0printf) for printf
    shell.o(.data) refers to shell.o(.data) for _SH_Time
    shell.o(.data) refers to shell.o(.text) for _SH_ClearTime
    shell.o(.data) refers to efile.o(.text) for eFile_Close
    uart.o(.text) refers to printfa.o(i.__0printf) for __2printf
    uart.o(.text) refers to shell.o(.text) for _SH_getVar
    osasm.o(.text) refers to os.o(.text) for OS_BlockThread
    osasm.o(.text) refers to os_threads.o(.text) for OS_FindNextThread
    osasm.o(.text) refers to os.o(.data) for _RunPt
    os_buttons.o(.text) refers to os_threads.o(.text) for OS_Sleep
    os_buttons.o(.text) refers to os.o(.text) for OS_Delay
    os_buttons.o(.text) refers to os_buttons.o(.data) for .data
    os_datastructures.o(.text) refers to os.o(.text) for OS_InitSemaphore
    os_datastructures.o(.text) refers to osasm.o(.text) for OS_Signal
    os_datastructures.o(.text) refers to os_time.o(.text) for OS_Time
    os_datastructures.o(.text) refers to os.o(.bss) for _OS_Fifo
    os_datastructures.o(.text) refers to os_datastructures.o(.data) for .data
[...]
    Removing sysctl.o(i.SysCtlPeripheralDeepSleepEnable), (32 bytes).
    Removing sysctl.o(i.SysCtlPeripheralDisable), (32 bytes).
    Removing sysctl.o(i.SysCtlPeripheralPresent), (64 bytes).
    Removing sysctl.o(i.SysCtlPeripheralReset), (56 bytes).
    Removing sysctl.o(i.SysCtlPeripheralSleepDisable), (32 bytes).
    Removing sysctl.o(i.SysCtlPeripheralSleepEnable), (32 bytes).
    Removing sysctl.o(i.SysCtlPinPresent), (16 bytes).
    Removing sysctl.o(i.SysCtlReset), (16 bytes).
    Removing sysctl.o(i.SysCtlResetCauseClear), (16 bytes).
    Removing sysctl.o(i.SysCtlResetCauseGet), (12 bytes).
    Removing sysctl.o(i.SysCtlSRAMSizeGet), (20 bytes).
    Removing sysctl.o(i.SysCtlSleep), (4 bytes).
    Removing sysctl.o(i.SysCtlUSBPLLDisable), (16 bytes).
    Removing sysctl.o(i.SysCtlUSBPLLEnable), (16 bytes).
    Removing cpu.o(.emb_text), (26 bytes).
    Removing interrupt.o(i.IntDefaultHandler), (2 bytes).
    Removing interrupt.o(i.IntDisable), (104 bytes).
    Removing interrupt.o(i.IntEnable), (104 bytes).
    Removing interrupt.o(i.IntMasterDisable), (10 bytes).
    Removing interrupt.o(i.IntMasterEnable), (10 bytes).
    Removing interrupt.o(i.IntPendClear), (72 bytes).
    Removing interrupt.o(i.IntPendSet), (90 bytes).
    Removing interrupt.o(i.IntPriorityGet), (28 bytes).
    Removing interrupt.o(i.IntPriorityGroupingGet), (40 bytes).
    Removing interrupt.o(i.IntPriorityGroupingSet), (28 bytes).
    Removing interrupt.o(i.IntPrioritySet), (40 bytes).
    Removing interrupt.o(i.IntRegister), (56 bytes).
    Removing interrupt.o(i.IntUnregister), (20 bytes).
    Removing interrupt.o(.constdata), (104 bytes).
    Removing interrupt.o(vtable), (284 bytes).

103 unused section(s) (total 4153 bytes) removed from the image.

==============================================================================

Image Symbol Table

    Local Symbols

    Symbol Name                              Value     Ov Type        Size  Object(Section)

    RESET                                    0x00000000   Section      280  startup.o(RESET)
    ../clib/../cmprslib/zerorunl2.c          0x00000000   Number         0  __dczerorl2.o ABSOLUTE
    ../clib/microlib/ctype/ctype.c           0x00000000   Number         0  isdigit_o.o ABSOLUTE
    ../clib/microlib/ctype/ctype.c           0x00000000   Number         0  iscntrl_o.o ABSOLUTE
    ../clib/microlib/ctype/ctype.c           0x00000000   Number         0  isblank_o.o ABSOLUTE
    ../clib/microlib/ctype/ctype.c           0x00000000   Number         0  isalpha_o.o ABSOLUTE
    ../clib/microlib/ctype/ctype.c           0x00000000   Number         0  isalnum_o.o ABSOLUTE
    ../clib/microlib/ctype/ctype.c           0x00000000   Number         0  ctype_o.o ABSOLUTE
    ../clib/microlib/ctype/ctype.c           0x00000000   Number         0  isprint_o.o ABSOLUTE
    ../clib/microlib/ctype/ctype.c           0x00000000   Number         0  islower_o.o ABSOLUTE
    ../clib/microlib/ctype/ctype.c           0x00000000   Number         0  isgraph_o.o ABSOLUTE
    ../clib/microlib/ctype/ctype.c           0x00000000   Number         0  isxdigit_o.o ABSOLUTE
    ../clib/microlib/ctype/ctype.c           0x00000000   Number         0  isupper_o.o ABSOLUTE
    ../clib/microlib/ctype/ctype.c           0x00000000   Number         0  isspace_o.o ABSOLUTE
    ../clib/microlib/ctype/ctype.c           0x00000000   Number         0  ispunct_o.o ABSOLUTE
    ../clib/microlib/ctype/tolower.c         0x00000000   Number         0  tolower.o ABSOLUTE
    ../clib/microlib/ctype/toupper.c         0x00000000   Number         0  toupper.o ABSOLUTE
    ../clib/microlib/division.c              0x00000000   Number         0  uidiv.o ABSOLUTE
    ../clib/microlib/division.c              0x00000000   Number         0  uldiv.o ABSOLUTE
    ../clib/microlib/errno.c                 0x00000000   Number         0  errno.o ABSOLUTE
    ../clib/microlib/init/entry.s            0x00000000   Number         0  entry2.o ABSOLUTE
    ../clib/microlib/init/entry.s            0x00000000   Number         0  entry5.o ABSOLUTE
    ../clib/microlib/init/entry.s            0x00000000   Number         0  entry7a.o ABSOLUTE
    ../clib/microlib/init/entry.s            0x00000000   Number         0  entry7b.o ABSOLUTE
    ../clib/microlib/init/entry.s            0x00000000   Number         0  entry8.o ABSOLUTE
    ../clib/microlib/init/entry.s            0x00000000   Number         0  entry.o ABSOLUTE
    ../clib/microlib/longlong.c              0x00000000   Number         0  llsshr.o ABSOLUTE
    ../clib/microlib/longlong.c              0x00000000   Number         0  llushr.o ABSOLUTE
    ../clib/microlib/longlong.c              0x00000000   Number         0  llshl.o ABSOLUTE
    ../clib/microlib/malloc/malloc.c         0x00000000   Number         0  mallocra.o ABSOLUTE
    ../clib/microlib/malloc/malloc.c         0x00000000   Number         0  malloc.o ABSOLUTE
    ../clib/microlib/malloc/malloc.c         0x00000000   Number         0  mallocr.o ABSOLUTE
    ../clib/microlib/malloc/malloc.c         0x00000000   Number         0  malloca.o ABSOLUTE
    ../clib/microlib/malloc/mvars.c          0x00000000   Number         0  mvars.o ABSOLUTE
    ../clib/microlib/printf/printf.c         0x00000000   Number         0  printf2.o ABSOLUTE
    ../clib/microlib/printf/printf.c         0x00000000   Number         0  printfa.o ABSOLUTE
    ../clib/microlib/printf/printf.c         0x00000000   Number         0  printf8.o ABSOLUTE
    ../clib/microlib/printf/printf.c         0x00000000   Number         0  printf7.o ABSOLUTE
    ../clib/microlib/printf/printf.c         0x00000000   Number         0  printf6.o ABSOLUTE
    ../clib/microlib/printf/printf.c         0x00000000   Number         0  printf5.o ABSOLUTE
    ../clib/microlib/printf/printf.c         0x00000000   Number         0  printf4.o ABSOLUTE
    ../clib/microlib/printf/printf.c         0x00000000   Number         0  printf3.o ABSOLUTE
    ../clib/microlib/printf/printf.c         0x00000000   Number         0  printf1.o ABSOLUTE
    ../clib/microlib/printf/printf.c         0x00000000   Number         0  printf0.o ABSOLUTE
    ../clib/microlib/printf/printf.c         0x00000000   Number         0  printfb.o ABSOLUTE
    ../clib/microlib/printf/stubs.s          0x00000000   Number         0  stubs.o ABSOLUTE
    ../clib/microlib/stdio/streams.c         0x00000000   Number         0  stderr.o ABSOLUTE
    ../clib/microlib/string/memcpy.c         0x00000000   Number         0  memmovea.o ABSOLUTE
    ../clib/microlib/string/memcpy.c         0x00000000   Number         0  memcpyb.o ABSOLUTE
    ../clib/microlib/string/memcpy.c         0x00000000   Number         0  memcpya.o ABSOLUTE
    ../clib/microlib/string/memcpy.c         0x00000000   Number         0  memmoveb.o ABSOLUTE
    ../clib/microlib/string/memset.c         0x00000000   Number         0  memseta.o ABSOLUTE
    ../clib/microlib/string/strcmp.c         0x00000000   Number         0  strcmp.o ABSOLUTE
    ../clib/microlib/string/strcpy.c         0x00000000   Number         0  strcpy.o ABSOLUTE
    ../clib/microlib/string/strlen.c         0x00000000   Number         0  strlen.o ABSOLUTE
    ../clib/microlib/stubs.s                 0x00000000   Number         0  iusefp.o ABSOLUTE
    ../clib/microlib/stubs.s                 0x00000000   Number         0  useno.o ABSOLUTE
    ../clib/scanf.c                          0x00000000   Number         0  strtol.o ABSOLUTE
    ../clib/scanf.c                          0x00000000   Number         0  _chval.o ABSOLUTE
    ../clib/scanf.c                          0x00000000   Number         0  atoi.o ABSOLUTE
    ../clib/scanf.c                          0x00000000   Number         0  _strtoul.o ABSOLUTE
    ../fplib/microlib/fpadd.c                0x00000000   Number         0  dadd.o ABSOLUTE
    ../fplib/microlib/fpdiv.c                0x00000000   Number         0  ddiv.o ABSOLUTE
    ../fplib/microlib/fpepilogue.c           0x00000000   Number         0  depilogue.o ABSOLUTE
    ../fplib/microlib/fpfix.c                0x00000000   Number         0  dfixul.o ABSOLUTE
    ../fplib/microlib/fpmul.c                0x00000000   Number         0  dmul.o ABSOLUTE
    ADC.c                                    0x00000000   Number         0  adc.o ABSOLUTE
    Lab2Main.c                               0x00000000   Number         0  lab2main.o ABSOLUTE
    MAC.c                                    0x00000000   Number         0  mac.o ABSOLUTE
    OS.c                                     0x00000000   Number         0  os.o ABSOLUTE
    OS_Buttons.c                             0x00000000   Number         0  os_buttons.o ABSOLUTE
    OS_Critical.c                            0x00000000   Number         0  os_critical.o ABSOLUTE
    OS_Critical.c                            0x00000000   Number         0  os_critical.o ABSOLUTE
    OS_DataStructures.c                      0x00000000   Number         0  os_datastructures.o ABSOLUTE
    OS_Ethernet.c                            0x00000000   Number         0  os_ethernet.o ABSOLUTE
    OS_Threads.c                             0x00000000   Number         0  os_threads.o ABSOLUTE
    OS_Time.c                                0x00000000   Number         0  os_time.o ABSOLUTE
    Output.c                                 0x00000000   Number         0  output.o ABSOLUTE
    PID_stm32.s                              0x00000000   Number         0  pid_stm32.o ABSOLUTE
    Retarget.c                               0x00000000   Number         0  retarget.o ABSOLUTE
    Startup.s                                0x00000000   Number         0  startup.o ABSOLUTE
    UART.c                                   0x00000000   Number         0  uart.o ABSOLUTE
    cdrcmple.s                               0x00000000   Number         0  cdrcmple.o ABSOLUTE
    cpu.c                                    0x00000000   Number         0  cpu.o ABSOLUTE
    cpu.c                                    0x00000000   Number         0  cpu.o ABSOLUTE
    cr4_fft_64_stm32.s                       0x00000000   Number         0  cr4_fft_64_stm32.o ABSOLUTE
    dc.s                                     0x00000000   Number         0  dc.o ABSOLUTE
    eFile.c                                  0x00000000   Number         0  efile.o ABSOLUTE
    edisk.c                                  0x00000000   Number         0  edisk.o ABSOLUTE
    gpio.c                                   0x00000000   Number         0  gpio.o ABSOLUTE
    handlers.s                               0x00000000   Number         0  handlers.o ABSOLUTE
    init.s                                   0x00000000   Number         0  init.o ABSOLUTE
    interrupt.c                              0x00000000   Number         0  interrupt.o ABSOLUTE
    osasm.s                                  0x00000000   Number         0  osasm.o ABSOLUTE
    rit128x96x4.c                            0x00000000   Number         0  rit128x96x4.o ABSOLUTE
    shell.c                                  0x00000000   Number         0  shell.o ABSOLUTE
    sqrt.c                                   0x00000000   Number         0  sqrt.o ABSOLUTE
    ssi.c                                    0x00000000   Number         0  ssi.o ABSOLUTE
    sysctl.c                                 0x00000000   Number         0  sysctl.o ABSOLUTE
    sysctl.c                                 0x00000000   Number         0  sysctl.o ABSOLUTE
    .ARM.Collect$$$$00000000                 0x00000118   Section        0  entry.o(.ARM.Collect$$$$00000000)
    .ARM.Collect$$$$00000001                 0x00000118   Section        4  entry2.o(.ARM.Collect$$$$00000001)
    .ARM.Collect$$$$00000004                 0x0000011c   Section        4  entry5.o(.ARM.Collect$$$$00000004)
    .ARM.Collect$$$$00000008                 0x00000120   Section        0  entry7b.o(.ARM.Collect$$$$00000008)
    .ARM.Collect$$$$00000009                 0x00000120   Section        8  entry8.o(.ARM.Collect$$$$00000009)
    .ARM.Collect$$$$00002712                 0x00000128   Section        4  entry2.o(.ARM.Collect$$$$00002712)
    __lit__00000000                          0x00000128   Data           4  entry2.o(.ARM.Collect$$$$00002712)
    .data                                    0x0000012c   Section        0  shell.o(.data)
    _SH_Time                                 0x0000012d   Thumb Code    20  shell.o(.data)
    .data                                    0x00000148   Section        0  os_time.o(.data)
    .emb_text                                0x00000154   Section       14  os_critical.o(.emb_text)
    .emb_text                                0x00000164   Section        6  sysctl.o(.emb_text)
    .text                                    0x0000016c   Section       28  startup.o(.text)
    .text                                    0x00000188   Section        0  rit128x96x4.o(.text)
    RITWriteCommand                          0x0000018f   Thumb Code   106  rit128x96x4.o(.text)
    .text                                    0x00000b60   Section        0  shell.o(.text)
    _SH_InCommand                            0x00000caf   Thumb Code  1174  shell.o(.text)
    _SH_Log                                  0x00001301   Thumb Code    62  shell.o(.text)
    _SH_ClearLog                             0x0000133f   Thumb Code    20  shell.o(.text)
    _SH_ClearTime                            0x00001353   Thumb Code    10  shell.o(.text)
    _SH_Format                               0x0000135d   Thumb Code    26  shell.o(.text)
    _SH_Write                                0x00001377   Thumb Code   130  shell.o(.text)
    _SH_Read                                 0x000013f9   Thumb Code   444  shell.o(.text)
    _SH_Rm                                   0x000015b5   Thumb Code    76  shell.o(.text)
    _SH_Create                               0x00001601   Thumb Code    78  shell.o(.text)
    _SH_MakeDirectory                        0x0000164f   Thumb Code    34  shell.o(.text)
    _SH_DirectoryList                        0x00001671   Thumb Code    12  shell.o(.text)
    _SH_Clear                                0x0000167d   Thumb Code    14  shell.o(.text)
    _SH_Set                                  0x0000168b   Thumb Code    70  shell.o(.text)
    _SH_Unset                                0x000016d1   Thumb Code    60  shell.o(.text)
    _SH_Echo                                 0x0000170d   Thumb Code    74  shell.o(.text)
    _SH_BinFile                              0x00001757   Thumb Code    90  shell.o(.text)
    _SH_LoadBin                              0x000017b1   Thumb Code   112  shell.o(.text)
    _SH_HexDump                              0x00001821   Thumb Code   130  shell.o(.text)
    _SH_Reset                                0x000018a3   Thumb Code    10  shell.o(.text)
    _SH_SectorDump                           0x000018ad   Thumb Code    78  shell.o(.text)
    _SH_DiskInfo                             0x000018fb   Thumb Code    10  shell.o(.text)
    _SH_ChangeDirectory                      0x00001905   Thumb Code    52  shell.o(.text)
    _SH_findVar                              0x00001939   Thumb Code   514  shell.o(.text)
    .text                                    0x00001b3c   Section        0  uart.o(.text)
    .text                                    0x00001dd8   Section      220  osasm.o(.text)
    .text                                    0x00001eb4   Section        0  os_buttons.o(.text)
    DebouncePortFTask                        0x00001fc9   Thumb Code    44  os_buttons.o(.text)
    DebouncePortETask                        0x0000201d   Thumb Code    44  os_buttons.o(.text)
    .text                                    0x000020bc   Section        0  os_datastructures.o(.text)
    .text                                    0x0000220c   Section        0  os_threads.o(.text)
    _OS_SetInitialStack                      0x00002565   Thumb Code   128  os_threads.o(.text)
    .text                                    0x00002604   Section        0  os_time.o(.text)
    _OS_Inc_Time                             0x00002605   Thumb Code    10  os_time.o(.text)
    .text                                    0x000029c8   Section        0  os.o(.text)
    _OS_Default_Thread                       0x00002a57   Thumb Code     6  os.o(.text)
    .text                                    0x00002b48   Section        0  adc.o(.text)
    .text                                    0x00002d00   Section        0  edisk.o(.text)
    rcvr_datablock                           0x00002d01   Thumb Code   110  edisk.o(.text)
    xmit_datablock                           0x00002d6f   Thumb Code   136  edisk.o(.text)
    send_cmd                                 0x00002df7   Thumb Code   196  edisk.o(.text)
    rcvr_spi                                 0x00003425   Thumb Code    26  edisk.o(.text)
    wait_ready                               0x0000343f   Thumb Code    58  edisk.o(.text)
    power_on                                 0x00003479   Thumb Code   186  edisk.o(.text)
    .text                                    0x00003554   Section        0  efile.o(.text)
    _eFile_Find                              0x000036db   Thumb Code   142  efile.o(.text)
    _eFile_FreeCluster                       0x0000402b   Thumb Code   116  efile.o(.text)
    _eFile_FATName                           0x0000409f   Thumb Code   104  efile.o(.text)
    .text                                    0x00004118   Section        0  retarget.o(.text)
    .text                                    0x00004174   Section        0  lab2main.o(.text)
    .text                                    0x000047a8   Section        0  mac.o(.text)
    MACPacketGet                             0x000048e5   Thumb Code   188  mac.o(.text)
    .text                                    0x00004b24   Section      718  cr4_fft_64_stm32.o(.text)
    .text                                    0x00004df4   Section       72  pid_stm32.o(.text)
    .text                                    0x00004e3c   Section        0  os_ethernet.o(.text)
    .text                                    0x00004f7c   Section        0  toupper.o(.text)
    .text                                    0x00004f88   Section        0  tolower.o(.text)
    .text                                    0x00004f94   Section        0  memmovea.o(.text)
    .text                                    0x00004fd4   Section        0  memseta.o(.text)
    .text                                    0x00004ff8   Section        0  strlen.o(.text)
    .text                                    0x00005008   Section        0  strcmp.o(.text)
    .text                                    0x00005024   Section        0  strcpy.o(.text)
    .text                                    0x00005036   Section        0  atoi.o(.text)
    .text                                    0x00005050   Section        0  uidiv.o(.text)
    .text                                    0x0000507c   Section        0  uldiv.o(.text)
    .text                                    0x000050de   Section        0  strtol.o(.text)
    .text                                    0x0000514e   Section        0  dadd.o(.text)
    .text                                    0x0000514e   Section        0  iusefp.o(.text)
    .text                                    0x0000529c   Section        0  dmul.o(.text)
    .text                                    0x00005380   Section        0  ddiv.o(.text)
    .text                                    0x0000545e   Section        0  dfixul.o(.text)
    .text                                    0x00005490   Section       40  cdrcmple.o(.text)
    .text                                    0x000054b8   Section       36  init.o(.text)
    .text                                    0x000054dc   Section        0  llshl.o(.text)
    .text                                    0x000054fa   Section        0  llushr.o(.text)
    .text                                    0x0000551a   Section        0  llsshr.o(.text)
    .text                                    0x00005540   Section        0  ctype_o.o(.text)
    .text                                    0x00005548   Section        0  _strtoul.o(.text)
    .text                                    0x000055e6   Section        0  depilogue.o(.text)
    .text                                    0x000056a4   Section        0  _chval.o(.text)
    .text                                    0x000056c0   Section        0  __dczerorl2.o(.text)
    i.GPIODirModeSet                         0x0000571c   Section        0  gpio.o(i.GPIODirModeSet)
    i.GPIOPadConfigSet                       0x00005744   Section        0  gpio.o(i.GPIOPadConfigSet)
    i.GPIOPinTypeGPIOOutput                  0x000057f4   Section        0  gpio.o(i.GPIOPinTypeGPIOOutput)
    i.GPIOPinTypeSSI                         0x00005810   Section        0  gpio.o(i.GPIOPinTypeSSI)
    i.GPIOPinWrite                           0x0000582c   Section        0  gpio.o(i.GPIOPinWrite)
    i.SSIBusy                                0x00005832   Section        0  ssi.o(i.SSIBusy)
    i.SSIConfigSetExpClk                     0x0000583a   Section        0  ssi.o(i.SSIConfigSetExpClk)
    i.SSIDataGet                             0x00005886   Section        0  ssi.o(i.SSIDataGet)
    i.SSIDataGetNonBlocking                  0x00005894   Section        0  ssi.o(i.SSIDataGetNonBlocking)
    i.SSIDataPut                             0x000058a6   Section        0  ssi.o(i.SSIDataPut)
    i.SSIDisable                             0x000058b2   Section        0  ssi.o(i.SSIDisable)
    i.SSIEnable                              0x000058bc   Section        0  ssi.o(i.SSIEnable)
    i.SysCtlClockGet                         0x000058c8   Section        0  sysctl.o(i.SysCtlClockGet)
    i.SysCtlClockSet                         0x00005aac   Section        0  sysctl.o(i.SysCtlClockSet)
    i.SysCtlPeripheralEnable                 0x00005be4   Section        0  sysctl.o(i.SysCtlPeripheralEnable)
    i.__0fprintf                             0x00005c04   Section        0  printfa.o(i.__0fprintf)
    i.__0printf                              0x00005c20   Section        0  printfa.o(i.__0printf)
    i.__0sprintf                             0x00005c40   Section        0  printfa.o(i.__0sprintf)
    i.__aeabi_errno_addr                     0x00005c68   Section        0  errno.o(i.__aeabi_errno_addr)
    i.__scatterload_copy                     0x00005c70   Section       14  handlers.o(i.__scatterload_copy)
    i.__scatterload_null                     0x00005c7e   Section        2  handlers.o(i.__scatterload_null)
    i.__scatterload_zeroinit                 0x00005c80   Section       14  handlers.o(i.__scatterload_zeroinit)
    i._fp_digits                             0x00005c90   Section        0  printfa.o(i._fp_digits)
    _fp_digits                               0x00005c91   Thumb Code   326  printfa.o(i._fp_digits)
    i._printf_core                           0x00005dec   Section        0  printfa.o(i._printf_core)
    _printf_core                             0x00005ded   Thumb Code  1762  printfa.o(i._printf_core)
    i._printf_post_padding                   0x000064dc   Section        0  printfa.o(i._printf_post_padding)
    _printf_post_padding                     0x000064dd   Thumb Code    38  printfa.o(i._printf_post_padding)
    i._printf_pre_padding                    0x00006502   Section        0  printfa.o(i._printf_pre_padding)
    _printf_pre_padding                      0x00006503   Thumb Code    48  printfa.o(i._printf_pre_padding)
    i._sputc                                 0x00006532   Section        0  printfa.o(i._sputc)
    _sputc                                   0x00006533   Thumb Code    10  printfa.o(i._sputc)
    i.free                                   0x0000653c   Section        0  malloc.o(i.free)
    i.malloc                                 0x0000658c   Section        0  malloc.o(i.malloc)
    .constdata                               0x000065f8   Section     1083  rit128x96x4.o(.constdata)
    g_pucRIT128x96x4VerticalInc              0x000065f8   Data           2  rit128x96x4.o(.constdata)
    g_pucRIT128x96x4HorizontalInc            0x000065fa   Data           2  rit128x96x4.o(.constdata)
    pucCommand1                              0x000065fc   Data           2  rit128x96x4.o(.constdata)
    pucCommand1                              0x000065fe   Data           3  rit128x96x4.o(.constdata)
    pucCommand2                              0x00006601   Data           3  rit128x96x4.o(.constdata)
    g_pucFont                                0x00006604   Data         480  rit128x96x4.o(.constdata)
    g_pucRIT128x96x4Init                     0x000067e4   Data          79  rit128x96x4.o(.constdata)
    .constdata                               0x00006a34   Section      156  sysctl.o(.constdata)
    g_pulDCRegs                              0x00006a34   Data          16  sysctl.o(.constdata)
    g_pulSRCRRegs                            0x00006a44   Data          12  sysctl.o(.constdata)
    g_pulRCGCRegs                            0x00006a50   Data          12  sysctl.o(.constdata)
    g_pulSCGCRegs                            0x00006a5c   Data          12  sysctl.o(.constdata)
    g_pulDCGCRegs                            0x00006a68   Data          12  sysctl.o(.constdata)
    g_pulXtals                               0x00006a74   Data          92  sysctl.o(.constdata)
    .constdata                               0x00006ad0   Section      129  ctype_o.o(.constdata)
    .constdata                               0x00006b54   Section        4  ctype_o.o(.constdata)
    table                                    0x00006b54   Data           4  ctype_o.o(.constdata)
    .data                                    0x20000000   Section       60  rit128x96x4.o(.data)
    _OLED_color                              0x20000000   Data           1  rit128x96x4.o(.data)
    g_ulSSIFlags                             0x20000014   Data           4  rit128x96x4.o(.data)
    Ymax                                     0x20000018   Data           4  rit128x96x4.o(.data)
    Ymin                                     0x2000001c   Data           4  rit128x96x4.o(.data)
    X                                        0x20000020   Data           4  rit128x96x4.o(.data)
    line                                     0x2000002c   Data           8  rit128x96x4.o(.data)
    g_pucBuffer                              0x20000034   Data           8  rit128x96x4.o(.data)
    .data                                    0x2000003c   Section      428  shell.o(.data)
    _SH_Redirected                           0x2000003c   Data           4  shell.o(.data)
    index                                    0x20000040   Data           4  shell.o(.data)
    p                                        0x20000044   Data           4  shell.o(.data)
    _SH_CommandList                          0x20000048   Data         416  shell.o(.data)
    .data                                    0x200001e8   Section       16  os_buttons.o(.data)
    _OS_SelTask                              0x200001e8   Data           4  os_buttons.o(.data)
    _OS_DownTask                             0x200001ec   Data           4  os_buttons.o(.data)
    haveInit                                 0x200001f0   Data           4  os_buttons.o(.data)
    haveInit                                 0x200001f4   Data           4  os_buttons.o(.data)
    .data                                    0x200001f8   Section        8  os_datastructures.o(.data)
    .data                                    0x20000200   Section        4  os_threads.o(.data)
    num                                      0x20000200   Data           4  os_threads.o(.data)
    .data                                    0x20000204   Section       44  os_time.o(.data)
    _OS_int_time                             0x2000020c   Data           4  os_time.o(.data)
    _OS_cur_time                             0x20000210   Data           4  os_time.o(.data)
    firstTime                                0x20000214   Data           4  os_time.o(.data)
    MinJitter                                0x20000218   Data          16  os_time.o(.data)
    _OS_Num_Tasks                            0x2000022c   Data           4  os_time.o(.data)
    .data                                    0x20000230   Section        4  os.o(.data)
    .data                                    0x20000234   Section       12  os.o(.data)
    .data                                    0x20000240   Section        4  os.o(.data)
    .data                                    0x20000244   Section        8  adc.o(.data)
    .data                                    0x2000024c   Section        5  edisk.o(.data)
    Stat                                     0x2000024c   Data           1  edisk.o(.data)
    PowerFlag                                0x2000024d   Data           1  edisk.o(.data)
    Timer1                                   0x2000024e   Data           1  edisk.o(.data)
    Timer2                                   0x2000024f   Data           1  edisk.o(.data)
    CardType                                 0x20000250   Data           1  edisk.o(.data)
    .data                                    0x20000254   Section       64  efile.o(.data)
    SECT_PER_CLUSTER                         0x20000255   Data           1  efile.o(.data)
    NUM_FATS                                 0x20000256   Data           1  efile.o(.data)
    FAT_OFFSET                               0x2000025a   Data           2  efile.o(.data)
    FAT_SIZE                                 0x2000025c   Data           4  efile.o(.data)
    ROOT_OFFSET                              0x20000260   Data           4  efile.o(.data)
    _dir                                     0x20000264   Data           4  efile.o(.data)
    _cluster                                 0x20000268   Data           4  efile.o(.data)
    .data                                    0x20000294   Section        4  retarget.o(.data)
    .data                                    0x20000298   Section        1  retarget.o(.data)
    StreamToFile                             0x20000298   Data           1  retarget.o(.data)
    .data                                    0x2000029c   Section       62  lab2main.o(.data)
    n                                        0x200002ac   Data           4  lab2main.o(.data)
    LastTime                                 0x200002b0   Data           4  lab2main.o(.data)
    voltage                                  0x200002d0   Data           4  lab2main.o(.data)
    .data                                    0x200002dc   Section       22  os_ethernet.o(.data)
    .data                                    0x200002f4   Section        4  stderr.o(.data)
    .data                                    0x200002f8   Section        4  mvars.o(.data)
    .data                                    0x200002fc   Section        4  mvars.o(.data)
    .data                                    0x20000300   Section        4  errno.o(.data)
    _errno                                   0x20000300   Data           4  errno.o(.data)
    .bss                                     0x20000304   Section     4824  rit128x96x4.o(.bss)
    char_buff                                0x20000304   Data         264  rit128x96x4.o(.bss)
    .bss                                     0x200015dc   Section     6280  shell.o(.bss)
    input                                    0x200015dc   Data         128  shell.o(.bss)
    _SH_History                              0x2000165c   Data        2048  shell.o(.bss)
    _SH_Buffer                               0x20001e5c   Data         512  shell.o(.bss)
    _SH_cmd                                  0x2000205c   Data          66  shell.o(.bss)
    _SH_Env                                  0x2000209e   Data        2304  shell.o(.bss)
    fBuff                                    0x2000299e   Data          13  shell.o(.bss)
    .bss                                     0x20002e64   Section     1056  os_time.o(.bss)
    MaxJitter                                0x20002e64   Data          16  os_time.o(.bss)
    LastTime                                 0x20002e74   Data          16  os_time.o(.bss)
    JitterHistogram                          0x20002e84   Data        1024  os_time.o(.bss)
    .bss                                     0x20003284   Section     8880  os.o(.bss)
    .bss                                     0x20005534   Section      800  os.o(.bss)
    .bss                                     0x20005854   Section      684  os.o(.bss)
    .bss                                     0x20005b00   Section      164  os.o(.bss)
    .bss                                     0x20005ba4   Section       32  adc.o(.bss)
    _ADC_tasks                               0x20005bb4   Data          16  adc.o(.bss)
    .bss                                     0x20005bc4   Section     1632  efile.o(.bss)
    _blockBuff                               0x20005bc4   Data         512  efile.o(.bss)
    .bss                                     0x20006224   Section      872  lab2main.o(.bss)
    x                                        0x20006324   Data          12  lab2main.o(.bss)
    y                                        0x20006330   Data          12  lab2main.o(.bss)
    .bss                                     0x2000658c   Section     1600  mac.o(.bss)
    .bss                                     0x20006bcc   Section      200  os_ethernet.o(.bss)
    HEAP                                     0x20006c98   Section        0  startup.o(HEAP)
    STACK                                    0x20006c98   Section     1024  startup.o(STACK)
    StackMem                                 0x20006c98   Data           0  startup.o(STACK)

    Global Symbols

    Symbol Name                              Value     Ov Type        Size  Object(Section)

    BuildAttributes$$THM_ISAv4$P$D$K$B$S$PE$A:L22UL41UL21$X:L11$S22US41US21$IEEE1$IW$USESV6$~STKCKD$USESV7$~SHL$OTIME$ROPI$EBA8$MICROLIB$REQ8$PRES8$EABIv2 0x00000000   Number         0  anon$$obj.o ABSOLUTE
    __ARM_use_no_argv                        0x00000000   Number         0  lab2main.o ABSOLUTE
    __Vectors                                0x00000000   Data           0  startup.o(RESET)
    __use_no_errno                           0x00000000   Number         0  useno.o ABSOLUTE
    __use_no_exception_handling              0x00000000   Number         0  useno.o ABSOLUTE
    __use_no_fp                              0x00000000   Number         0  useno.o ABSOLUTE
    __use_no_heap                            0x00000000   Number         0  useno.o ABSOLUTE
    __use_no_heap_region                     0x00000000   Number         0  useno.o ABSOLUTE
    __use_no_semihosting                     0x00000000   Number         0  useno.o ABSOLUTE
    __use_no_semihosting_swi                 0x00000000   Number         0  useno.o ABSOLUTE
    __use_no_signal_handling                 0x00000000   Number         0  useno.o ABSOLUTE
    _printf_a                                0x00000000   Number         0  stubs.o ABSOLUTE
    _printf_c                                0x00000000   Number         0  stubs.o ABSOLUTE
    _printf_charcount                        0x00000000   Number         0  stubs.o ABSOLUTE
    _printf_d                                0x00000000   Number         0  stubs.o ABSOLUTE
    _printf_e                                0x00000000   Number         0  stubs.o ABSOLUTE
    _printf_f                                0x00000000   Number         0  stubs.o ABSOLUTE
    _printf_flags                            0x00000000   Number         0  stubs.o ABSOLUTE
    _printf_fp_dec                           0x00000000   Number         0  stubs.o ABSOLUTE
    _printf_fp_hex                           0x00000000   Number         0  stubs.o ABSOLUTE
    _printf_g                                0x00000000   Number         0  stubs.o ABSOLUTE
    _printf_i                                0x00000000   Number         0  stubs.o ABSOLUTE
    _printf_int_dec                          0x00000000   Number         0  stubs.o ABSOLUTE
    _printf_l                                0x00000000   Number         0  stubs.o ABSOLUTE
    _printf_lc                               0x00000000   Number         0  stubs.o ABSOLUTE
    _printf_ll                               0x00000000   Number         0  stubs.o ABSOLUTE
    _printf_lld                              0x00000000   Number         0  stubs.o ABSOLUTE
    _printf_lli                              0x00000000   Number         0  stubs.o ABSOLUTE
    _printf_llo                              0x00000000   Number         0  stubs.o ABSOLUTE
    _printf_llu                              0x00000000   Number         0  stubs.o ABSOLUTE
    _printf_llx                              0x00000000   Number         0  stubs.o ABSOLUTE
    _printf_longlong_dec                     0x00000000   Number         0  stubs.o ABSOLUTE
    _printf_longlong_hex                     0x00000000   Number         0  stubs.o ABSOLUTE
    _printf_longlong_oct                     0x00000000   Number         0  stubs.o ABSOLUTE
    _printf_ls                               0x00000000   Number         0  stubs.o ABSOLUTE
    _printf_mbtowc                           0x00000000   Number         0  stubs.o ABSOLUTE
    _printf_n                                0x00000000   Number         0  stubs.o ABSOLUTE
    _printf_o                                0x00000000   Number         0  stubs.o ABSOLUTE
    _printf_p                                0x00000000   Number         0  stubs.o ABSOLUTE
    _printf_percent                          0x00000000   Number         0  stubs.o ABSOLUTE
    _printf_pre_padding                      0x00000000   Number         0  stubs.o ABSOLUTE
    _printf_return_value                     0x00000000   Number         0  stubs.o ABSOLUTE
    _printf_s                                0x00000000   Number         0  stubs.o ABSOLUTE
    _printf_sizespec                         0x00000000   Number         0  stubs.o ABSOLUTE
    _printf_str                              0x00000000   Number         0  stubs.o ABSOLUTE
    _printf_truncate_signed                  0x00000000   Number         0  stubs.o ABSOLUTE
    _printf_truncate_unsigned                0x00000000   Number         0  stubs.o ABSOLUTE
    _printf_u                                0x00000000   Number         0  stubs.o ABSOLUTE
    _printf_wc                               0x00000000   Number         0  stubs.o ABSOLUTE
    _printf_wctomb                           0x00000000   Number         0  stubs.o ABSOLUTE
    _printf_widthprec                        0x00000000   Number         0  stubs.o ABSOLUTE
    _printf_x                                0x00000000   Number         0  stubs.o ABSOLUTE
    _clock_init                               - Undefined Weak Reference
    Reset_Handler                            0x00000101   Thumb Code     0  startup.o(RESET)
    NMI_Handler                              0x00000105   Thumb Code     2  startup.o(RESET)
    HardFault_Handler                        0x00000107   Thumb Code     2  startup.o(RESET)
    MemManage_Handler                        0x00000109   Thumb Code     2  startup.o(RESET)
    BusFault_Handler                         0x0000010b   Thumb Code     2  startup.o(RESET)
    UsageFault_Handler                       0x0000010d   Thumb Code     2  startup.o(RESET)
    SVC_Handler                              0x0000010f   Thumb Code     2  startup.o(RESET)
    DebugMon_Handler                         0x00000111   Thumb Code     2  startup.o(RESET)
    ADC0_Handler                             0x00000117   Thumb Code     0  startup.o(RESET)
    ADC2_Handler                             0x00000117   Thumb Code     0  startup.o(RESET)
    ADC3_Handler                             0x00000117   Thumb Code     0  startup.o(RESET)
    CAN0_Handler                             0x00000117   Thumb Code     0  startup.o(RESET)
    CAN1_Handler                             0x00000117   Thumb Code     0  startup.o(RESET)
    CAN2_Handler                             0x00000117   Thumb Code     0  startup.o(RESET)
    Comp0_Handler                            0x00000117   Thumb Code     0  startup.o(RESET)
    Comp1_Handler                            0x00000117   Thumb Code     0  startup.o(RESET)
    Comp2_Handler                            0x00000117   Thumb Code     0  startup.o(RESET)
    Ethernet_Handler                         0x00000117   Thumb Code     0  startup.o(RESET)
    FlashCtl_Handler                         0x00000117   Thumb Code     0  startup.o(RESET)
    GPIOPortA_Handler                        0x00000117   Thumb Code     0  startup.o(RESET)
    GPIOPortB_Handler                        0x00000117   Thumb Code     0  startup.o(RESET)
    GPIOPortC_Handler                        0x00000117   Thumb Code     0  startup.o(RESET)
    GPIOPortD_Handler                        0x00000117   Thumb Code     0  startup.o(RESET)
    GPIOPortG_Handler                        0x00000117   Thumb Code     0  startup.o(RESET)
    GPIOPortH_Handler                        0x00000117   Thumb Code     0  startup.o(RESET)
    Hibernate_Handler                        0x00000117   Thumb Code     0  startup.o(RESET)
    I2C0_Handler                             0x00000117   Thumb Code     0  startup.o(RESET)
    I2C1_Handler                             0x00000117   Thumb Code     0  startup.o(RESET)
    PWM0_Handler                             0x00000117   Thumb Code     0  startup.o(RESET)
    PWM1_Handler                             0x00000117   Thumb Code     0  startup.o(RESET)
    PWM2_Handler                             0x00000117   Thumb Code     0  startup.o(RESET)
    PWM3_Handler                             0x00000117   Thumb Code     0  startup.o(RESET)
    PWMFault_Handler                         0x00000117   Thumb Code     0  startup.o(RESET)
    Quadrature0_Handler                      0x00000117   Thumb Code     0  startup.o(RESET)
    Quadrature1_Handler                      0x00000117   Thumb Code     0  startup.o(RESET)
    SSI0_Handler                             0x00000117   Thumb Code     0  startup.o(RESET)
    SSI1_Handler                             0x00000117   Thumb Code     0  startup.o(RESET)
    SysCtl_Handler                           0x00000117   Thumb Code     0  startup.o(RESET)
    Timer0A_Handler                          0x00000117   Thumb Code     0  startup.o(RESET)
    Timer0B_Handler                          0x00000117   Thumb Code     0  startup.o(RESET)
    Timer1A_Handler                          0x00000117   Thumb Code     0  startup.o(RESET)
    Timer1B_Handler                          0x00000117   Thumb Code     0  startup.o(RESET)
    Timer3A_Handler                          0x00000117   Thumb Code     0  startup.o(RESET)
    Timer3B_Handler                          0x00000117   Thumb Code     0  startup.o(RESET)
    UART0_Handler                            0x00000117   Thumb Code     0  startup.o(RESET)
    UART1_Handler                            0x00000117   Thumb Code     0  startup.o(RESET)
    UART2_Handler                            0x00000117   Thumb Code     0  startup.o(RESET)
    USB0_Handler                             0x00000117   Thumb Code     0  startup.o(RESET)
    WDT_Handler                              0x00000117   Thumb Code     0  startup.o(RESET)
    uDMA_Error                               0x00000117   Thumb Code     0  startup.o(RESET)
    uDMA_Handler                             0x00000117   Thumb Code     0  startup.o(RESET)
    __main                                   0x00000119   Thumb Code     0  entry.o(.ARM.Collect$$$$00000000)
    _main_stk                                0x00000119   Thumb Code     0  entry2.o(.ARM.Collect$$$$00000001)
    _main_scatterload                        0x0000011d   Thumb Code     0  entry5.o(.ARM.Collect$$$$00000004)
    __main_after_scatterload                 0x00000121   Thumb Code     0  entry5.o(.ARM.Collect$$$$00000004)
    _main_clock                              0x00000121   Thumb Code     0  entry7b.o(.ARM.Collect$$$$00000008)
    _main_init                               0x00000121   Thumb Code     0  entry8.o(.ARM.Collect$$$$00000009)
    OS_MsTime                                0x00000149   Thumb Code     6  os_time.o(.data)
    OS_CPU_SR_Save                           0x00000155   Thumb Code     8  os_critical.o(.emb_text)
    OS_CPU_SR_Restore                        0x0000015d   Thumb Code     6  os_critical.o(.emb_text)
    SysCtlDelay                              0x00000165   Thumb Code     6  sysctl.o(.emb_text)
    DisableInterrupts                        0x0000016d   Thumb Code     0  startup.o(.text)
    EnableInterrupts                         0x00000171   Thumb Code     0  startup.o(.text)
    StartCritical                            0x00000175   Thumb Code     0  startup.o(.text)
    EndCritical                              0x0000017d   Thumb Code     0  startup.o(.text)
    WaitForInterrupt                         0x00000183   Thumb Code     0  startup.o(.text)
    OLED_Set_Color                           0x00000189   Thumb Code     6  rit128x96x4.o(.text)
    RIT128x96x4Clear                         0x000001f9   Thumb Code   152  rit128x96x4.o(.text)
    RIT128x96x4Enable                        0x00000291   Thumb Code    94  rit128x96x4.o(.text)
    RIT128x96x4Init                          0x000002ef   Thumb Code   214  rit128x96x4.o(.text)
    OLED_Init                                0x000003c5   Thumb Code    26  rit128x96x4.o(.text)
    OLED_Get_Color                           0x000003df   Thumb Code     6  rit128x96x4.o(.text)
    RIT128x96x4StringDraw                    0x000003e5   Thumb Code   296  rit128x96x4.o(.text)
    _OLED_Message                            0x0000050d   Thumb Code    20  rit128x96x4.o(.text)
    OLED_Out                                 0x00000521   Thumb Code   410  rit128x96x4.o(.text)
    OLED_Message                             0x000006bb   Thumb Code    52  rit128x96x4.o(.text)
    RIT128x96x4ImageDraw                     0x000006ef   Thumb Code   184  rit128x96x4.o(.text)
    RIT128x96x4Disable                       0x000007a7   Thumb Code    84  rit128x96x4.o(.text)
    RIT128x96x4DisplayOn                     0x000007fb   Thumb Code    30  rit128x96x4.o(.text)
    RIT128x96x4DisplayOff                    0x00000819   Thumb Code     6  rit128x96x4.o(.text)
    Int2Str2                                 0x0000081f   Thumb Code    92  rit128x96x4.o(.text)
    RIT128x96x4DecOut2                       0x0000087b   Thumb Code    28  rit128x96x4.o(.text)
    RIT128x96x4PlotReClear                   0x00000897   Thumb Code    72  rit128x96x4.o(.text)
    RIT128x96x4PlotClear                     0x000008df   Thumb Code   148  rit128x96x4.o(.text)
    RIT128x96x4PlotPoint                     0x00000973   Thumb Code   198  rit128x96x4.o(.text)
    RIT128x96x4PlotBar                       0x00000a39   Thumb Code   148  rit128x96x4.o(.text)
    RIT128x96x4PlotdBfs                      0x00000acd   Thumb Code   100  rit128x96x4.o(.text)
    RIT128x96x4PlotNext                      0x00000b31   Thumb Code    16  rit128x96x4.o(.text)
    RIT128x96x4ShowPlot                      0x00000b41   Thumb Code    20  rit128x96x4.o(.text)
    _SH_getVar                               0x00000b61   Thumb Code    24  shell.o(.text)
    SH_Init                                  0x00000b79   Thumb Code    82  shell.o(.text)
    SH_AutoCompleteCommand                   0x00000bcb   Thumb Code   102  shell.o(.text)
    SH_AutoCompleteFile                      0x00000c31   Thumb Code   126  shell.o(.text)
    SH_Shell                                 0x00001145   Thumb Code   438  shell.o(.text)
    SH_Jitter                                0x000012fb   Thumb Code     6  shell.o(.text)
    UART_Init                                0x00001b3d   Thumb Code    70  uart.o(.text)
    UART_InChar                              0x00001b83   Thumb Code    16  uart.o(.text)
    UART_OutChar                             0x00001b93   Thumb Code    14  uart.o(.text)
    UART_OutString                           0x00001ba1   Thumb Code    32  uart.o(.text)
    UART_InUDec                              0x00001bc1   Thumb Code   108  uart.o(.text)
    UART_OutUDec                             0x00001c2d   Thumb Code    52  uart.o(.text)
    UART_InUHex                              0x00001c61   Thumb Code   138  uart.o(.text)
    UART_OutUHex                             0x00001ceb   Thumb Code    60  uart.o(.text)
    UART_InString                            0x00001d27   Thumb Code   142  uart.o(.text)
    OS_bWait                                 0x00001dd9   Thumb Code     0  osasm.o(.text)
    OS_bSignal                               0x00001df9   Thumb Code     0  osasm.o(.text)
    OS_Signal                                0x00001e19   Thumb Code     0  osasm.o(.text)
    OS_Wait                                  0x00001e35   Thumb Code     0  osasm.o(.text)
    SysTick_Handler                          0x00001e55   Thumb Code     0  osasm.o(.text)
    PendSV_Handler                           0x00001e5f   Thumb Code     0  osasm.o(.text)
    StartOS                                  0x00001e8b   Thumb Code     0  osasm.o(.text)
    PORTF_Init                               0x00001eb5   Thumb Code    88  os_buttons.o(.text)
    OS_AddButtonTask                         0x00001f0d   Thumb Code    50  os_buttons.o(.text)
    PORTE_Init                               0x00001f3f   Thumb Code    88  os_buttons.o(.text)
    OS_AddDownTask                           0x00001f97   Thumb Code    50  os_buttons.o(.text)
    GPIOPortF_Handler                        0x00001ff5   Thumb Code    40  os_buttons.o(.text)
    GPIOPortE_Handler                        0x00002049   Thumb Code    40  os_buttons.o(.text)
    OS_Fifo_Init                             0x000020bd   Thumb Code    36  os_datastructures.o(.text)
    OS_Fifo_Put                              0x000020e1   Thumb Code    82  os_datastructures.o(.text)
    OS_Fifo_Get                              0x00002133   Thumb Code    58  os_datastructures.o(.text)
    OS_Fifo_Size                             0x0000216d   Thumb Code    18  os_datastructures.o(.text)
    OS_MailBox_Init                          0x0000217f   Thumb Code    30  os_datastructures.o(.text)
    OS_MailBox_Send                          0x0000219d   Thumb Code    26  os_datastructures.o(.text)
    OS_MailBox_Recv                          0x000021b7   Thumb Code    24  os_datastructures.o(.text)
    OS_LogEvent                              0x000021cf   Thumb Code    42  os_datastructures.o(.text)
    OS_AddThread                             0x0000220d   Thumb Code   210  os_threads.o(.text)
    _OS_RemoveFromLL                         0x000022df   Thumb Code    38  os_threads.o(.text)
    OS_Kill                                  0x00002305   Thumb Code   126  os_threads.o(.text)
    OS_Suspend                               0x00002383   Thumb Code    24  os_threads.o(.text)
    OS_Sleep                                 0x0000239b   Thumb Code    34  os_threads.o(.text)
    _OS_ReinsertLL                           0x000023bd   Thumb Code   118  os_threads.o(.text)
    OS_FindNextThread                        0x00002433   Thumb Code    50  os_threads.o(.text)
    _OS_InsertThread                         0x00002465   Thumb Code    80  os_threads.o(.text)
    OS_IncPriority                           0x000024b5   Thumb Code   176  os_threads.o(.text)
    OS_Add_Periodic_Thread                   0x0000260f   Thumb Code   256  os_time.o(.text)
    Timer2A_Init                             0x0000270f   Thumb Code    98  os_time.o(.text)
    Timer2B_Init                             0x00002771   Thumb Code   138  os_time.o(.text)
    Timer2A_Handler                          0x000027fb   Thumb Code   144  os_time.o(.text)
    Timer2B_Handler                          0x0000288b   Thumb Code    10  os_time.o(.text)
    OS_ClearMsTime                           0x00002895   Thumb Code     8  os_time.o(.text)
    OS_Time                                  0x0000289d   Thumb Code     8  os_time.o(.text)
    OS_TimeDifference                        0x000028a5   Thumb Code    18  os_time.o(.text)
    OS_MeasureJitter                         0x000028b7   Thumb Code   132  os_time.o(.text)
    OS_getMaxJitter                          0x0000293b   Thumb Code     8  os_time.o(.text)
    OS_getMinJitter                          0x00002943   Thumb Code     8  os_time.o(.text)
    OS_start_interrupt                       0x0000294b   Thumb Code    12  os_time.o(.text)
    OS_end_interrupt                         0x00002957   Thumb Code    36  os_time.o(.text)
    OS_max_int_time                          0x0000297b   Thumb Code     6  os_time.o(.text)
    OS_InitSemaphore                         0x000029c9   Thumb Code    10  os.o(.text)
    OS_Delay                                 0x000029d3   Thumb Code    12  os.o(.text)
    OS_BlockThread                           0x000029df   Thumb Code    46  os.o(.text)
    OS_WakeThread                            0x00002a0d   Thumb Code    34  os.o(.text)
    OS_WakeAllThreads                        0x00002a2f   Thumb Code    40  os.o(.text)
    OS_Init                                  0x00002a5d   Thumb Code   168  os.o(.text)
    OS_Id                                    0x00002b05   Thumb Code    16  os.o(.text)
    OS_Launch                                0x00002b15   Thumb Code    16  os.o(.text)
    ADC_TimerInit                            0x00002b49   Thumb Code    62  adc.o(.text)
    ADC_Init                                 0x00002b87   Thumb Code   176  adc.o(.text)
    ADC_Open                                 0x00002c37   Thumb Code     4  adc.o(.text)
    ADC_In                                   0x00002c3b   Thumb Code    38  adc.o(.text)
    ADC_Collect                              0x00002c61   Thumb Code    14  adc.o(.text)
    ADC1_Handler                             0x00002c6f   Thumb Code    92  adc.o(.text)
    eDisk_Init                               0x00002ebb   Thumb Code   518  edisk.o(.text)
    eDisk_Status                             0x000030c1   Thumb Code    12  edisk.o(.text)
    eDisk_Read                               0x000030cd   Thumb Code   182  edisk.o(.text)
    eDisk_ReadBlock                          0x00003183   Thumb Code    10  edisk.o(.text)
    eDisk_Write                              0x0000318d   Thumb Code   222  edisk.o(.text)
    eDisk_WriteBlock                         0x0000326b   Thumb Code    10  edisk.o(.text)
    disk_ioctl                               0x00003275   Thumb Code   404  edisk.o(.text)
    disk_timerproc                           0x00003409   Thumb Code    24  edisk.o(.text)
    get_fattime                              0x00003421   Thumb Code     4  edisk.o(.text)
    eFile_Init                               0x00003555   Thumb Code    72  efile.o(.text)
    eFile_Info                               0x0000359d   Thumb Code    66  efile.o(.text)
    eFile_RClose                             0x000035df   Thumb Code    34  efile.o(.text)
    eFile_WClose                             0x00003601   Thumb Code    92  efile.o(.text)
    eFile_Format                             0x0000365d   Thumb Code   126  efile.o(.text)
    eFile_Create                             0x00003769   Thumb Code   402  efile.o(.text)
    eFile_WOpen                              0x000038fb   Thumb Code   410  efile.o(.text)
    eFile_Write                              0x00003a95   Thumb Code   206  efile.o(.text)
    eFile_Close                              0x00003b63   Thumb Code    68  efile.o(.text)
    eFile_ROpen                              0x00003ba7   Thumb Code   136  efile.o(.text)
    eFile_ReadNext                           0x00003c2f   Thumb Code   170  efile.o(.text)
    eFile_Directory                          0x00003cd9   Thumb Code   204  efile.o(.text)
    eFile_List                               0x00003da5   Thumb Code   204  efile.o(.text)
    eFile_Delete                             0x00003e71   Thumb Code   256  efile.o(.text)
    eFile_RedirectToFile                     0x00003f71   Thumb Code    44  efile.o(.text)
    eFile_EndRedirectToFile                  0x00003f9d   Thumb Code    40  efile.o(.text)
    eFile_ChangeDirectory                    0x00003fc5   Thumb Code   102  efile.o(.text)
    RT_StreamToFile                          0x00004119   Thumb Code     6  retarget.o(.text)
    fputc                                    0x0000411f   Thumb Code    58  retarget.o(.text)
    fgetc                                    0x00004159   Thumb Code     4  retarget.o(.text)
    ferror                                   0x0000415d   Thumb Code     6  retarget.o(.text)
    _ttywrch                                 0x00004163   Thumb Code     6  retarget.o(.text)
    _sys_exit                                0x00004169   Thumb Code     2  retarget.o(.text)
    DisplayThread                            0x00004175   Thumb Code    98  lab2main.o(.text)
    Display                                  0x000041d7   Thumb Code    94  lab2main.o(.text)
    Producer                                 0x00004235   Thumb Code    46  lab2main.o(.text)
    Consumer                                 0x00004263   Thumb Code   126  lab2main.o(.text)
    PID                                      0x000042e1   Thumb Code    98  lab2main.o(.text)
    ButtonWork                               0x00004343   Thumb Code   134  lab2main.o(.text)
    ButtonPush                               0x000043c9   Thumb Code    38  lab2main.o(.text)
    Filter                                   0x000043ef   Thumb Code   112  lab2main.o(.text)
    DAS                                      0x0000445f   Thumb Code   108  lab2main.o(.text)
    main                                     0x000044cb   Thumb Code   402  lab2main.o(.text)
    dummyTask1                               0x0000465d   Thumb Code    54  lab2main.o(.text)
    dummyTask2                               0x00004693   Thumb Code    46  lab2main.o(.text)
    dummyTask3                               0x000046c1   Thumb Code    52  lab2main.o(.text)
    dummyButtonTask                          0x000046f5   Thumb Code    18  lab2main.o(.text)
    dummyDownTask                            0x00004707   Thumb Code    18  lab2main.o(.text)
    dummyPeriodicTask                        0x00004719   Thumb Code    10  lab2main.o(.text)
    jerkTask                                 0x00004723   Thumb Code     2  lab2main.o(.text)
    PHYRead                                  0x000047a9   Thumb Code    36  mac.o(.text)
    PHYWrite                                 0x000047cd   Thumb Code    36  mac.o(.text)
    MAC_Init                                 0x000047f1   Thumb Code   244  mac.o(.text)
    MAC_ReceiveBlocking                      0x000049a1   Thumb Code    28  mac.o(.text)
    MAC_ReceiveNonBlocking                   0x000049bd   Thumb Code    34  mac.o(.text)
    MAC_SendData                             0x000049df   Thumb Code   300  mac.o(.text)
    cr4_fft_64_stm32                         0x00004b25   Thumb Code     0  cr4_fft_64_stm32.o(.text)
    PID_stm32                                0x00004df5   Thumb Code     0  pid_stm32.o(.text)
    OS_EthernetListener                      0x00004e3d   Thumb Code    36  os_ethernet.o(.text)
    OS_EthernetInit                          0x00004e61   Thumb Code   210  os_ethernet.o(.text)
    toupper                                  0x00004f7d   Thumb Code    12  toupper.o(.text)
    tolower                                  0x00004f89   Thumb Code    12  tolower.o(.text)
    ___aeabi_memcpy4$move                    0x00004f95   Thumb Code     0  memmovea.o(.text)
    ___aeabi_memcpy8$move                    0x00004f95   Thumb Code     0  memmovea.o(.text)
    __aeabi_memcpy                           0x00004f95   Thumb Code    64  memmovea.o(.text)
    __aeabi_memmove                          0x00004f95   Thumb Code     0  memmovea.o(.text)
    __aeabi_memmove4                         0x00004f95   Thumb Code     0  memmovea.o(.text)
    __aeabi_memmove8                         0x00004f95   Thumb Code     0  memmovea.o(.text)
    __aeabi_memset                           0x00004fd5   Thumb Code    14  memseta.o(.text)
    __aeabi_memset4                          0x00004fd5   Thumb Code     0  memseta.o(.text)
    __aeabi_memset8                          0x00004fd5   Thumb Code     0  memseta.o(.text)
    __aeabi_memclr                           0x00004fe3   Thumb Code     4  memseta.o(.text)
    __aeabi_memclr4                          0x00004fe3   Thumb Code     0  memseta.o(.text)
    __aeabi_memclr8                          0x00004fe3   Thumb Code     0  memseta.o(.text)
    _memset$wrapper                          0x00004fe7   Thumb Code    18  memseta.o(.text)
    strlen                                   0x00004ff9   Thumb Code    16  strlen.o(.text)
    strcmp                                   0x00005009   Thumb Code    28  strcmp.o(.text)
    strcpy                                   0x00005025   Thumb Code    18  strcpy.o(.text)
    atoi                                     0x00005037   Thumb Code    26  atoi.o(.text)
    __aeabi_uidiv                            0x00005051   Thumb Code     0  uidiv.o(.text)
    __aeabi_uidivmod                         0x00005051   Thumb Code    44  uidiv.o(.text)
    __aeabi_uldivmod                         0x0000507d   Thumb Code    98  uldiv.o(.text)
    strtol                                   0x000050df   Thumb Code   112  strtol.o(.text)
    __I$use$fp                               0x0000514f   Thumb Code     0  iusefp.o(.text)
    __aeabi_dadd                             0x0000514f   Thumb Code   322  dadd.o(.text)
    __aeabi_dsub                             0x00005291   Thumb Code     6  dadd.o(.text)
    __aeabi_drsub                            0x00005297   Thumb Code     6  dadd.o(.text)
    __aeabi_dmul                             0x0000529d   Thumb Code   228  dmul.o(.text)
    __aeabi_ddiv                             0x00005381   Thumb Code   222  ddiv.o(.text)
    __aeabi_d2ulz                            0x0000545f   Thumb Code    48  dfixul.o(.text)
    __aeabi_cdrcmple                         0x00005491   Thumb Code    38  cdrcmple.o(.text)
    __scatterload                            0x000054b9   Thumb Code    28  init.o(.text)
    __scatterload_rt2                        0x000054b9   Thumb Code     0  init.o(.text)
    __aeabi_llsl                             0x000054dd   Thumb Code    30  llshl.o(.text)
    _ll_shift_l                              0x000054dd   Thumb Code     0  llshl.o(.text)
    __aeabi_llsr                             0x000054fb   Thumb Code    32  llushr.o(.text)
    _ll_ushift_r                             0x000054fb   Thumb Code     0  llushr.o(.text)
    __aeabi_lasr                             0x0000551b   Thumb Code    36  llsshr.o(.text)
    _ll_sshift_r                             0x0000551b   Thumb Code     0  llsshr.o(.text)
    __rt_ctype_table                         0x00005541   Thumb Code     4  ctype_o.o(.text)
    _strtoul                                 0x00005549   Thumb Code   158  _strtoul.o(.text)
    _double_round                            0x000055e7   Thumb Code    26  depilogue.o(.text)
    _double_epilogue                         0x00005601   Thumb Code   164  depilogue.o(.text)
    _chval                                   0x000056a5   Thumb Code    28  _chval.o(.text)
    __decompress                             0x000056c1   Thumb Code     0  __dczerorl2.o(.text)
    __decompress1                            0x000056c1   Thumb Code    92  __dczerorl2.o(.text)
    GPIODirModeSet                           0x0000571d   Thumb Code    40  gpio.o(i.GPIODirModeSet)
    GPIOPadConfigSet                         0x00005745   Thumb Code   176  gpio.o(i.GPIOPadConfigSet)
    GPIOPinTypeGPIOOutput                    0x000057f5   Thumb Code    28  gpio.o(i.GPIOPinTypeGPIOOutput)
    GPIOPinTypeSSI                           0x00005811   Thumb Code    28  gpio.o(i.GPIOPinTypeSSI)
    GPIOPinWrite                             0x0000582d   Thumb Code     6  gpio.o(i.GPIOPinWrite)
    SSIBusy                                  0x00005833   Thumb Code     8  ssi.o(i.SSIBusy)
    SSIConfigSetExpClk                       0x0000583b   Thumb Code    76  ssi.o(i.SSIConfigSetExpClk)
    SSIDataGet                               0x00005887   Thumb Code    14  ssi.o(i.SSIDataGet)
    SSIDataGetNonBlocking                    0x00005895   Thumb Code    18  ssi.o(i.SSIDataGetNonBlocking)
    SSIDataPut                               0x000058a7   Thumb Code    12  ssi.o(i.SSIDataPut)
    SSIDisable                               0x000058b3   Thumb Code    10  ssi.o(i.SSIDisable)
    SSIEnable                                0x000058bd   Thumb Code    10  ssi.o(i.SSIEnable)
    SysCtlClockGet                           0x000058c9   Thumb Code   438  sysctl.o(i.SysCtlClockGet)
    SysCtlClockSet                           0x00005aad   Thumb Code   288  sysctl.o(i.SysCtlClockSet)
    SysCtlPeripheralEnable                   0x00005be5   Thumb Code    26  sysctl.o(i.SysCtlPeripheralEnable)
    __0fprintf                               0x00005c05   Thumb Code    22  printfa.o(i.__0fprintf)
    __1fprintf                               0x00005c05   Thumb Code     0  printfa.o(i.__0fprintf)
    __2fprintf                               0x00005c05   Thumb Code     0  printfa.o(i.__0fprintf)
    __c89fprintf                             0x00005c05   Thumb Code     0  printfa.o(i.__0fprintf)
    fprintf                                  0x00005c05   Thumb Code     0  printfa.o(i.__0fprintf)
    __0printf                                0x00005c21   Thumb Code    22  printfa.o(i.__0printf)
    __1printf                                0x00005c21   Thumb Code     0  printfa.o(i.__0printf)
    __2printf                                0x00005c21   Thumb Code     0  printfa.o(i.__0printf)
    __c89printf                              0x00005c21   Thumb Code     0  printfa.o(i.__0printf)
    printf                                   0x00005c21   Thumb Code     0  printfa.o(i.__0printf)
    __0sprintf                               0x00005c41   Thumb Code    34  printfa.o(i.__0sprintf)
    __1sprintf                               0x00005c41   Thumb Code     0  printfa.o(i.__0sprintf)
    __2sprintf                               0x00005c41   Thumb Code     0  printfa.o(i.__0sprintf)
    __c89sprintf                             0x00005c41   Thumb Code     0  printfa.o(i.__0sprintf)
    sprintf                                  0x00005c41   Thumb Code     0  printfa.o(i.__0sprintf)
    __aeabi_errno_addr                       0x00005c69   Thumb Code     4  errno.o(i.__aeabi_errno_addr)
    __rt_errno_addr                          0x00005c69   Thumb Code     0  errno.o(i.__aeabi_errno_addr)
    __scatterload_copy                       0x00005c71   Thumb Code    14  handlers.o(i.__scatterload_copy)
    __scatterload_null                       0x00005c7f   Thumb Code     2  handlers.o(i.__scatterload_null)
    __scatterload_zeroinit                   0x00005c81   Thumb Code    14  handlers.o(i.__scatterload_zeroinit)
    free                                     0x0000653d   Thumb Code    76  malloc.o(i.free)
    malloc                                   0x0000658d   Thumb Code    92  malloc.o(i.malloc)
    dBfs                                     0x00006833   Data         512  rit128x96x4.o(.constdata)
    __ctype_table                            0x00006ad0   Data         129  ctype_o.o(.constdata)
    Region$$Table$$Base                      0x00006b58   Number         0  anon$$obj.o(Region$$Table)
    Region$$Table$$Limit                     0x00006b78   Number         0  anon$$obj.o(Region$$Table)
    Y0                                       0x20000004   Data           4  rit128x96x4.o(.data)
    Y1                                       0x20000008   Data           4  rit128x96x4.o(.data)
    Y2                                       0x2000000c   Data           4  rit128x96x4.o(.data)
    Y3                                       0x20000010   Data           4  rit128x96x4.o(.data)
    Yrange                                   0x20000024   Data           4  rit128x96x4.o(.data)
    YrangeDiv2                               0x20000028   Data           4  rit128x96x4.o(.data)
    putCount                                 0x200001f8   Data           4  os_datastructures.o(.data)
    getCount                                 0x200001fc   Data           4  os_datastructures.o(.data)
    _OS_Root                                 0x20000204   Data           4  os_time.o(.data)
    _OS_Task_Time                            0x20000208   Data           4  os_time.o(.data)
    _us100Count                              0x20000228   Data           4  os_time.o(.data)
    _eventIndex                              0x20000230   Data           4  os.o(.data)
    _RunPt                                   0x20000234   Data           4  os.o(.data)
    _TCBHead                                 0x20000238   Data           4  os.o(.data)
    _OS_numThreads                           0x2000023c   Data           4  os.o(.data)
    _OS_System_Time                          0x20000240   Data           4  os.o(.data)
    ADCMailBox                               0x20000244   Data           8  adc.o(.data)
    _sysInit                                 0x20000254   Data           1  efile.o(.data)
    _wOpen                                   0x20000257   Data           1  efile.o(.data)
    _rOpen                                   0x20000258   Data           1  efile.o(.data)
    _wIndex                                  0x2000026c   Data           4  efile.o(.data)
    _wCluster                                0x20000270   Data           4  efile.o(.data)
    _wSector                                 0x20000274   Data           4  efile.o(.data)
    _wSize                                   0x20000278   Data           4  efile.o(.data)
    _dirIndex                                0x2000027c   Data           4  efile.o(.data)
    _wDirIndex                               0x20000280   Data           4  efile.o(.data)
    _rIndex                                  0x20000284   Data           4  efile.o(.data)
    _rCluster                                0x20000288   Data           4  efile.o(.data)
    _rSector                                 0x2000028c   Data           4  efile.o(.data)
    _rSize                                   0x20000290   Data           4  efile.o(.data)
    __stdout                                 0x20000294   Data           4  retarget.o(.data)
    DASoutput                                0x2000029c   Data           2  lab2main.o(.data)
    IntTerm                                  0x2000029e   Data           2  lab2main.o(.data)
    PrevError                                0x200002a0   Data           2  lab2main.o(.data)
    Actuator                                 0x200002a2   Data           2  lab2main.o(.data)
    count3                                   0x200002a4   Data           4  lab2main.o(.data)
    countPeriodic                            0x200002a8   Data           4  lab2main.o(.data)
    NumCreated                               0x200002b4   Data           4  lab2main.o(.data)
    DataLost                                 0x200002b8   Data           4  lab2main.o(.data)
    PIDWork                                  0x200002bc   Data           4  lab2main.o(.data)
    NumSamples                               0x200002c0   Data           4  lab2main.o(.data)
    FilterWork                               0x200002c4   Data           4  lab2main.o(.data)
    MaxJitter                                0x200002c8   Data           4  lab2main.o(.data)
    MinJitter                                0x200002cc   Data           4  lab2main.o(.data)
    Coeff                                    0x200002d4   Data           6  lab2main.o(.data)
    ulUser0                                  0x200002dc   Data           4  os_ethernet.o(.data)
    ulUser1                                  0x200002e0   Data           4  os_ethernet.o(.data)
    RcvCount                                 0x200002e4   Data           4  os_ethernet.o(.data)
    XmtCount                                 0x200002e8   Data           4  os_ethernet.o(.data)
    Me                                       0x200002ec   Data           6  os_ethernet.o(.data)
    __stderr                                 0x200002f4   Data           4  stderr.o(.data)
    __microlib_freelist                      0x200002f8   Data           4  mvars.o(.data)
    __microlib_freelist_initialised          0x200002fc   Data           4  mvars.o(.data)
    OLED_Semaphore                           0x2000040c   Data          80  rit128x96x4.o(.bss)
    PlotImage                                0x2000045c   Data        4480  rit128x96x4.o(.bss)
    list                                     0x200029ab   Data         208  shell.o(.bss)
    funcBuff                                 0x20002a7c   Data        1000  shell.o(.bss)
    _threads                                 0x20003284   Data        8704  os.o(.bss)
    _tasks                                   0x20005484   Data          96  os.o(.bss)
    _modifyTCB                               0x200054e4   Data          80  os.o(.bss)
    _eventLog                                0x20005534   Data         800  os.o(.bss)
    _OS_Fifo                                 0x20005854   Data         684  os.o(.bss)
    _OS_Mailbox                              0x20005b00   Data         164  os.o(.bss)
    ADCHasData                               0x20005ba4   Data          16  adc.o(.bss)
    _wFile                                   0x20005dc4   Data          32  efile.o(.bss)
    _rFile                                   0x20005de4   Data          32  efile.o(.bss)
    _file                                    0x20005e04   Data          32  efile.o(.bss)
    _writeBuff                               0x20005e24   Data         512  efile.o(.bss)
    _readBuff                                0x20006024   Data         512  efile.o(.bss)
    JitterHistogram                          0x20006224   Data         256  lab2main.o(.bss)
    x                                        0x2000633c   Data         256  lab2main.o(.bss)
    y                                        0x2000643c   Data         256  lab2main.o(.bss)
    binarySemaphore                          0x2000653c   Data          80  lab2main.o(.bss)
    Packet                                   0x2000658c   Data        1600  mac.o(.bss)
    RcvMessage                               0x20006bcc   Data         200  os_ethernet.o(.bss)
    __heap_base                              0x20006c98   Data           0  startup.o(HEAP)
    __heap_limit                             0x20006c98   Data           0  startup.o(HEAP)
    __initial_sp                             0x20007098   Data           0  startup.o(STACK)



==============================================================================

Memory Map of the image

  Image Entry point : 0x00000101

  Load Region LR_1 (Base: 0x00000000, Size: 0x00006e7c, Max: 0xffffffff, ABSOLUTE, COMPRESSED[0x00006c60])

    Execution Region ER_RO (Base: 0x00000000, Size: 0x00006b78, Max: 0xffffffff, ABSOLUTE)

    Base Addr    Size         Type   Attr      Idx    E Section Name        Object

    0x00000000   0x00000118   Code   RO            3  * RESET               startup.o
    0x00000118   0x00000000   Code   RO         1144  * .ARM.Collect$$$$00000000  mc_w.l(entry.o)
    0x00000118   0x00000004   Code   RO         1459    .ARM.Collect$$$$00000001  mc_w.l(entry2.o)
    0x0000011c   0x00000004   Code   RO         1462    .ARM.Collect$$$$00000004  mc_w.l(entry5.o)
    0x00000120   0x00000000   Code   RO         1464    .ARM.Collect$$$$00000008  mc_w.l(entry7b.o)
    0x00000120   0x00000008   Code   RO         1465    .ARM.Collect$$$$00000009  mc_w.l(entry8.o)
    0x00000128   0x00000004   Code   RO         1460    .ARM.Collect$$$$00002712  mc_w.l(entry2.o)
    0x0000012c   0x0000001c   Code   RO          109    .data               shell.o
    0x00000148   0x0000000c   Code   RO          222    .data               os_time.o
    0x00000154   0x0000000e   Code   RO           99    .emb_text           os_critical.o
    0x00000162   0x00000002   PAD
    0x00000164   0x00000006   Code   RO          777    .emb_text           driverlib.lib(sysctl.o)
    0x0000016a   0x00000002   PAD
    0x0000016c   0x0000001c   Code   RO            4    .text               startup.o
    0x00000188   0x000009d8   Code   RO           38    .text               rit128x96x4.o
    0x00000b60   0x00000fda   Code   RO          110    .text               shell.o
    0x00001b3a   0x00000002   PAD
    0x00001b3c   0x0000029c   Code   RO          149    .text               uart.o
    0x00001dd8   0x000000dc   Code   RO          165    .text               osasm.o
    0x00001eb4   0x00000208   Code   RO          168    .text               os_buttons.o
    0x000020bc   0x00000150   Code   RO          192    .text               os_datastructures.o
    0x0000220c   0x000003f8   Code   RO          208    .text               os_threads.o
    0x00002604   0x000003c4   Code   RO          223    .text               os_time.o
    0x000029c8   0x00000180   Code   RO          245    .text               os.o
    0x00002b48   0x000001b8   Code   RO          282    .text               adc.o
    0x00002d00   0x00000854   Code   RO          314    .text               edisk.o
    0x00003554   0x00000bc4   Code   RO          332    .text               efile.o
    0x00004118   0x0000005c   Code   RO          354    .text               retarget.o
    0x00004174   0x00000634   Code   RO          378    .text               lab2main.o
    0x000047a8   0x0000037c   Code   RO          395    .text               mac.o
    0x00004b24   0x000002ce   Code   RO          414    .text               cr4_fft_64_stm32.o
    0x00004df2   0x00000002   PAD
    0x00004df4   0x00000048   Code   RO          417    .text               pid_stm32.o
    0x00004e3c   0x00000140   Code   RO          420    .text               os_ethernet.o
    0x00004f7c   0x0000000c   Code   RO         1148    .text               mc_w.l(toupper.o)
    0x00004f88   0x0000000c   Code   RO         1150    .text               mc_w.l(tolower.o)
    0x00004f94   0x00000040   Code   RO         1154    .text               mc_w.l(memmovea.o)
    0x00004fd4   0x00000024   Code   RO         1156    .text               mc_w.l(memseta.o)
    0x00004ff8   0x00000010   Code   RO         1158    .text               mc_w.l(strlen.o)
    0x00005008   0x0000001c   Code   RO         1160    .text               mc_w.l(strcmp.o)
    0x00005024   0x00000012   Code   RO         1162    .text               mc_w.l(strcpy.o)
    0x00005036   0x0000001a   Code   RO         1457    .text               mc_w.l(atoi.o)
    0x00005050   0x0000002c   Code   RO         1466    .text               mc_w.l(uidiv.o)
    0x0000507c   0x00000062   Code   RO         1468    .text               mc_w.l(uldiv.o)
    0x000050de   0x00000070   Code   RO         1479    .text               mc_w.l(strtol.o)
    0x0000514e   0x00000000   Code   RO         1481    .text               mc_w.l(iusefp.o)
    0x0000514e   0x0000014e   Code   RO         1482    .text               mf_w.l(dadd.o)
    0x0000529c   0x000000e4   Code   RO         1484    .text               mf_w.l(dmul.o)
    0x00005380   0x000000de   Code   RO         1486    .text               mf_w.l(ddiv.o)
    0x0000545e   0x00000030   Code   RO         1488    .text               mf_w.l(dfixul.o)
    0x0000548e   0x00000002   PAD
    0x00005490   0x00000028   Code   RO         1490    .text               mf_w.l(cdrcmple.o)
    0x000054b8   0x00000024   Code   RO         1492    .text               mc_w.l(init.o)
    0x000054dc   0x0000001e   Code   RO         1494    .text               mc_w.l(llshl.o)
    0x000054fa   0x00000020   Code   RO         1496    .text               mc_w.l(llushr.o)
    0x0000551a   0x00000024   Code   RO         1498    .text               mc_w.l(llsshr.o)
    0x0000553e   0x00000002   PAD
    0x00005540   0x00000008   Code   RO         1500    .text               mc_w.l(ctype_o.o)
    0x00005548   0x0000009e   Code   RO         1528    .text               mc_w.l(_strtoul.o)
    0x000055e6   0x000000be   Code   RO         1530    .text               mf_w.l(depilogue.o)
    0x000056a4   0x0000001c   Code   RO         1532    .text               mc_w.l(_chval.o)
    0x000056c0   0x0000005c   Code   RO         1542    .text               mc_w.l(__dczerorl2.o)
    0x0000571c   0x00000028   Code   RO          438    i.GPIODirModeSet    driverlib.lib(gpio.o)
    0x00005744   0x000000b0   Code   RO          443    i.GPIOPadConfigSet  driverlib.lib(gpio.o)
    0x000057f4   0x0000001c   Code   RO          456    i.GPIOPinTypeGPIOOutput  driverlib.lib(gpio.o)
    0x00005810   0x0000001c   Code   RO          462    i.GPIOPinTypeSSI    driverlib.lib(gpio.o)
    0x0000582c   0x00000006   Code   RO          467    i.GPIOPinWrite      driverlib.lib(gpio.o)
    0x00005832   0x00000008   Code   RO          666    i.SSIBusy           driverlib.lib(ssi.o)
    0x0000583a   0x0000004c   Code   RO          667    i.SSIConfigSetExpClk  driverlib.lib(ssi.o)
    0x00005886   0x0000000e   Code   RO          670    i.SSIDataGet        driverlib.lib(ssi.o)
    0x00005894   0x00000012   Code   RO          671    i.SSIDataGetNonBlocking  driverlib.lib(ssi.o)
    0x000058a6   0x0000000c   Code   RO          672    i.SSIDataPut        driverlib.lib(ssi.o)
    0x000058b2   0x0000000a   Code   RO          674    i.SSIDisable        driverlib.lib(ssi.o)
    0x000058bc   0x0000000a   Code   RO          675    i.SSIEnable         driverlib.lib(ssi.o)
    0x000058c6   0x00000002   PAD
    0x000058c8   0x000001e4   Code   RO          782    i.SysCtlClockGet    driverlib.lib(sysctl.o)
    0x00005aac   0x00000138   Code   RO          783    i.SysCtlClockSet    driverlib.lib(sysctl.o)
    0x00005be4   0x00000020   Code   RO          807    i.SysCtlPeripheralEnable  driverlib.lib(sysctl.o)
    0x00005c04   0x0000001c   Code   RO         1400    i.__0fprintf        mc_w.l(printfa.o)
    0x00005c20   0x00000020   Code   RO         1401    i.__0printf         mc_w.l(printfa.o)
    0x00005c40   0x00000028   Code   RO         1403    i.__0sprintf        mc_w.l(printfa.o)
    0x00005c68   0x00000008   Code   RO         1472    i.__aeabi_errno_addr  mc_w.l(errno.o)
    0x00005c70   0x0000000e   Code   RO         1536    i.__scatterload_copy  mc_w.l(handlers.o)
    0x00005c7e   0x00000002   Code   RO         1537    i.__scatterload_null  mc_w.l(handlers.o)
    0x00005c80   0x0000000e   Code   RO         1538    i.__scatterload_zeroinit  mc_w.l(handlers.o)
    0x00005c8e   0x00000002   PAD
    0x00005c90   0x0000015c   Code   RO         1408    i._fp_digits        mc_w.l(printfa.o)
    0x00005dec   0x000006f0   Code   RO         1409    i._printf_core      mc_w.l(printfa.o)
    0x000064dc   0x00000026   Code   RO         1410    i._printf_post_padding  mc_w.l(printfa.o)
    0x00006502   0x00000030   Code   RO         1411    i._printf_pre_padding  mc_w.l(printfa.o)
    0x00006532   0x0000000a   Code   RO         1413    i._sputc            mc_w.l(printfa.o)
    0x0000653c   0x00000050   Code   RO         1429    i.free              mc_w.l(malloc.o)
    0x0000658c   0x0000006c   Code   RO         1430    i.malloc            mc_w.l(malloc.o)
    0x000065f8   0x0000043b   Data   RO           40    .constdata          rit128x96x4.o
    0x00006a33   0x00000001   PAD
    0x00006a34   0x0000009c   Data   RO          820    .constdata          driverlib.lib(sysctl.o)
    0x00006ad0   0x00000081   Data   RO         1501    .constdata          mc_w.l(ctype_o.o)
    0x00006b51   0x00000003   PAD
    0x00006b54   0x00000004   Data   RO         1502    .constdata          mc_w.l(ctype_o.o)
    0x00006b58   0x00000020   Data   RO         1534    Region$$Table       anon$$obj.o


    Execution Region ER_RW (Base: 0x20000000, Size: 0x00000304, Max: 0xffffffff, ABSOLUTE, COMPRESSED[0x000000e8])

    Base Addr    Size         Type   Attr      Idx    E Section Name        Object

    0x20000000   0x0000003c   Data   RW           41    .data               rit128x96x4.o
    0x2000003c   0x000001ac   Data   RW          112    .data               shell.o
    0x200001e8   0x00000010   Data   RW          169    .data               os_buttons.o
    0x200001f8   0x00000008   Data   RW          193    .data               os_datastructures.o
    0x20000200   0x00000004   Data   RW          209    .data               os_threads.o
    0x20000204   0x0000002c   Data   RW          225    .data               os_time.o
    0x20000230   0x00000004   Data   RW          250    .data               os.o
    0x20000234   0x0000000c   Data   RW          253    .data               os.o
    0x20000240   0x00000004   Data   RW          254    .data               os.o
    0x20000244   0x00000008   Data   RW          284    .data               adc.o
    0x2000024c   0x00000005   Data   RW          315    .data               edisk.o
    0x20000251   0x00000003   PAD
    0x20000254   0x00000040   Data   RW          335    .data               efile.o
    0x20000294   0x00000004   Data   RW          355    .data               retarget.o
    0x20000298   0x00000001   Data   RW          357    .data               retarget.o
    0x20000299   0x00000003   PAD
    0x2000029c   0x0000003e   Data   RW          381    .data               lab2main.o
    0x200002da   0x00000002   PAD
    0x200002dc   0x00000016   Data   RW          423    .data               os_ethernet.o
    0x200002f2   0x00000002   PAD
    0x200002f4   0x00000004   Data   RW         1147    .data               mc_w.l(stderr.o)
    0x200002f8   0x00000004   Data   RW         1470    .data               mc_w.l(mvars.o)
    0x200002fc   0x00000004   Data   RW         1471    .data               mc_w.l(mvars.o)
    0x20000300   0x00000004   Data   RW         1475    .data               mc_w.l(errno.o)


    Execution Region ER_ZI (Base: 0x20000304, Size: 0x00006d94, Max: 0xffffffff, ABSOLUTE)

    Base Addr    Size         Type   Attr      Idx    E Section Name        Object

    0x20000304   0x000012d8   Zero   RW           39    .bss                rit128x96x4.o
    0x200015dc   0x00001888   Zero   RW          111    .bss                shell.o
    0x20002e64   0x00000420   Zero   RW          224    .bss                os_time.o
    0x20003284   0x000022b0   Zero   RW          246    .bss                os.o
    0x20005534   0x00000320   Zero   RW          247    .bss                os.o
    0x20005854   0x000002ac   Zero   RW          248    .bss                os.o
    0x20005b00   0x000000a4   Zero   RW          249    .bss                os.o
    0x20005ba4   0x00000020   Zero   RW          283    .bss                adc.o
    0x20005bc4   0x00000660   Zero   RW          333    .bss                efile.o
    0x20006224   0x00000368   Zero   RW          379    .bss                lab2main.o
    0x2000658c   0x00000640   Zero   RW          396    .bss                mac.o
    0x20006bcc   0x000000c8   Zero   RW          421    .bss                os_ethernet.o
    0x20006c94   0x00000004   PAD
    0x20006c98   0x00000000   Zero   RW            2    HEAP                startup.o
    0x20006c98   0x00000400   Zero   RW            1    STACK               startup.o


==============================================================================

Image component sizes


      Code (inc. data)   RO Data    RW Data    ZI Data      Debug   Object Name

       440         54          0          8         32       2512   adc.o
       718        240          0          0          0        232   cr4_fft_64_stm32.o
      2132         50          0          5          0       8846   edisk.o
      3012        248          0         64       1632       8825   efile.o
      1588        324          0         62        872       5101   lab2main.o
       892         26          0          0       1600       3543   mac.o
       384         36          0         20      10528       3029   os.o
       520         76          0         16          0       2230   os_buttons.o
        14          0          0          0          0        324   os_critical.o
       336         20          0          8          0       1952   os_datastructures.o
       320         74          0         22        200       1424   os_ethernet.o
      1016         32          0          4          0       3902   os_threads.o
       976         78          0         44       1056       5185   os_time.o
       220         10          0          0          0        256   osasm.o
         0          0          0          0          0       1444   output.o
        72          8          0          0          0        200   pid_stm32.o
        92         10          0          5          0       2798   retarget.o
      2520        126       1083         60       4824      10586   rit128x96x4.o
      4086        900          0        428       6280      12107   shell.o
       308        258          0          0       1024        884   startup.o
       668         36          0          0          0       4342   uart.o

    ----------------------------------------------------------------------
     20320       2608       1116        756      28052      79722   Object Totals
         0          0         32          0          0          0   (incl. Generated)
         6          2          1         10          4          0   (incl. Padding)

    ----------------------------------------------------------------------

      Code (inc. data)   RO Data    RW Data    ZI Data      Debug   Library Member Name

       278          0          0          0          0       5992   gpio.o
       148          0          0          0          0       3486   ssi.o
       834         76        156          0          0       3771   sysctl.o
        92          0          0          0          0          0   __dczerorl2.o
        28          0          0          0          0         68   _chval.o
       158          0          0          0          0         92   _strtoul.o
        26          0          0          0          0         80   atoi.o
         8          4        133          0          0         68   ctype_o.o
         0          0          0          0          0          0   entry.o
         8          4          0          0          0          0   entry2.o
         4          0          0          0          0          0   entry5.o
         0          0          0          0          0          0   entry7b.o
         8          4          0          0          0          0   entry8.o
         8          4          0          4          0         68   errno.o
        30          0          0          0          0          0   handlers.o
        36          8          0          0          0         68   init.o
         0          0          0          0          0          0   iusefp.o
        30          0          0          0          0         68   llshl.o
        36          0          0          0          0         68   llsshr.o
        32          0          0          0          0         68   llushr.o
       188         20          0          0          0        160   malloc.o
        64          0          0          0          0         76   memmovea.o
        36          0          0          0          0        108   memseta.o
         0          0          0          8          0          0   mvars.o
      2320        102          0          0          0        680   printfa.o
         0          0          0          4          0          0   stderr.o
        28          0          0          0          0         76   strcmp.o
        18          0          0          0          0         68   strcpy.o
        16          0          0          0          0         68   strlen.o
       112          0          0          0          0         88   strtol.o
        12          0          0          0          0         68   tolower.o
        12          0          0          0          0         68   toupper.o
        44          0          0          0          0         80   uidiv.o
        98          0          0          0          0         92   uldiv.o
        40          2          0          0          0         68   cdrcmple.o
       334          0          0          0          0        144   dadd.o
       222          0          0          0          0        100   ddiv.o
       190          0          0          0          0        176   depilogue.o
        48          0          0          0          0         68   dfixul.o
       228          0          0          0          0         92   dmul.o

    ----------------------------------------------------------------------
      5784        224        292         16          0      16177   Library Totals
        10          0          3          0          0          0   (incl. Padding)

    ----------------------------------------------------------------------

      Code (inc. data)   RO Data    RW Data    ZI Data      Debug   Library Name

      1260         76        156          0          0      13249   driverlib.lib
      3452        146        133         16          0       2280   mc_w.l
      1062          2          0          0          0        648   mf_w.l

    ----------------------------------------------------------------------
      5784        224        292         16          0      16177   Library Totals

    ----------------------------------------------------------------------

==============================================================================


      Code (inc. data)   RO Data    RW Data    ZI Data      Debug   

     26104       2832       1408        772      28052      91447   Grand Totals
     26104       2832       1408        232      28052      91447   ELF Image Totals (compressed)
     26104       2832       1408        232          0          0   ROM Totals

==============================================================================

    Total RO  Size (Code + RO Data)                27512 (  26.87kB)
    Total RW  Size (RW Data + ZI Data)             28824 (  28.15kB)
    Total ROM Size (Code + RO Data + RW Data)      27744 (  27.09kB)

==============================================================================

